NOTE: Picked up JDK_JAVA_OPTIONS: -Dloader.path=WEB-INF/lib-provided,WEB-INF/lib,WEB-INF/classes,file:lib/ -Djava.net.preferIPv4Stack=true -Djava.security.egd=file:/dev/./urandom -DIGNITE_UPDATE_NOTIFIER=false -DIGNITE_QUIET=true -Dio.netty.tmpdir=/home/radu/TAK-Server/src/takserver-core/example -Djava.io.tmpdir=/home/radu/TAK-Server/src/takserver-core/example -Dio.netty.native.workdir=/home/radu/TAK-Server/src/takserver-core/example -Djdk.tls.client.protocols=TLSv1.2 --add-opens=java.base/sun.security.pkcs=ALL-UNNAMED --add-opens=java.base/sun.security.pkcs10=ALL-UNNAMED --add-opens=java.base/sun.security.util=ALL-UNNAMED --add-opens=java.base/sun.security.x509=ALL-UNNAMED --add-opens=java.base/sun.security.tools.keytool=ALL-UNNAMED --add-opens=java.base/jdk.internal.misc=ALL-UNNAMED --add-opens=java.base/sun.nio.ch=ALL-UNNAMED --add-opens=java.management/com.sun.jmx.mbeanserver=ALL-UNNAMED --add-opens=jdk.internal.jvmstat/sun.jvmstat.monitor=ALL-UNNAMED --add-opens=java.base/sun.reflect.generics.reflectiveObjects=ALL-UNNAMED --add-opens=jdk.management/com.sun.management.internal=ALL-UNNAMED --add-opens=java.base/java.io=ALL-UNNAMED --add-opens=java.base/java.nio=ALL-UNNAMED --add-opens=java.base/java.util=ALL-UNNAMED --add-opens=java.base/java.util.concurrent=ALL-UNNAMED --add-opens=java.base/java.util.concurrent.locks=ALL-UNNAMED --add-opens=java.base/java.util.concurrent.atomic=ALL-UNNAMED --add-opens=java.base/java.lang=ALL-UNNAMED --add-opens=java.base/java.lang.invoke=ALL-UNNAMED --add-opens=java.base/java.math=ALL-UNNAMED --add-opens=java.sql/java.sql=ALL-UNNAMED --add-opens=java.base/javax.net.ssl=ALL-UNNAMED --add-opens=java.base/java.net=ALL-UNNAMED --add-opens=jdk.unsupported/sun.misc=ALL-UNNAMED --add-opens=java.base/java.lang.ref=ALL-UNNAMED --add-opens=java.base/java.lang.reflect=ALL-UNNAMED --add-opens=java.base/java.security=ALL-UNNAMED --add-opens=java.base/java.security.ssl=ALL-UNNAMED --add-opens=java.base/java.security.cert=ALL-UNNAMED --add-opens=java.base/sun.security.rsa=ALL-UNNAMED --add-opens=java.base/sun.security.ssl=ALL-UNNAMED --add-opens=java.base/sun.security.x500=ALL-UNNAMED --add-opens=java.base/sun.security.pkcs12=ALL-UNNAMED --add-opens=java.base/sun.security.provider=ALL-UNNAMED --add-opens=java.base/javax.security.auth.x500=ALL-UNNAMED
WARNING: package java.security.ssl not in java.base
WARNING: package sun.security.x500 not in java.base
22:56:29,530 |-INFO in ch.qos.logback.classic.LoggerContext[default] - This is logback-classic version 1.5.6
22:56:29,556 |-INFO in ch.qos.logback.classic.util.ContextInitializer@75f2099 - Here is a list of configurators discovered as a service, by rank: 
22:56:29,556 |-INFO in ch.qos.logback.classic.util.ContextInitializer@75f2099 -   org.springframework.boot.logging.logback.RootLogLevelConfigurator
22:56:29,556 |-INFO in ch.qos.logback.classic.util.ContextInitializer@75f2099 - They will be invoked in order until ExecutionStatus.DO_NOT_INVOKE_NEXT_IF_ANY is returned.
22:56:29,558 |-INFO in ch.qos.logback.classic.util.ContextInitializer@75f2099 - Constructed configurator of type class org.springframework.boot.logging.logback.RootLogLevelConfigurator
22:56:29,587 |-INFO in ch.qos.logback.classic.util.ContextInitializer@75f2099 - org.springframework.boot.logging.logback.RootLogLevelConfigurator.configure() call lasted 7 milliseconds. ExecutionStatus=INVOKE_NEXT_IF_ANY
22:56:29,587 |-INFO in ch.qos.logback.classic.util.ContextInitializer@75f2099 - Trying to configure with ch.qos.logback.classic.joran.SerializedModelConfigurator
22:56:29,605 |-INFO in ch.qos.logback.classic.util.ContextInitializer@75f2099 - Constructed configurator of type class ch.qos.logback.classic.joran.SerializedModelConfigurator
22:56:29,611 |-INFO in ch.qos.logback.classic.LoggerContext[default] - Could NOT find resource [logback-test.scmo]
22:56:29,617 |-INFO in ch.qos.logback.classic.LoggerContext[default] - Could NOT find resource [logback.scmo]
22:56:29,617 |-INFO in ch.qos.logback.classic.util.ContextInitializer@75f2099 - ch.qos.logback.classic.joran.SerializedModelConfigurator.configure() call lasted 12 milliseconds. ExecutionStatus=INVOKE_NEXT_IF_ANY
22:56:29,617 |-INFO in ch.qos.logback.classic.util.ContextInitializer@75f2099 - Trying to configure with ch.qos.logback.classic.util.DefaultJoranConfigurator
22:56:29,618 |-INFO in ch.qos.logback.classic.util.ContextInitializer@75f2099 - Constructed configurator of type class ch.qos.logback.classic.util.DefaultJoranConfigurator
22:56:29,623 |-INFO in ch.qos.logback.classic.LoggerContext[default] - Could NOT find resource [logback-test.xml]
22:56:29,628 |-INFO in ch.qos.logback.classic.LoggerContext[default] - Could NOT find resource [logback.xml]
22:56:29,628 |-INFO in ch.qos.logback.classic.util.ContextInitializer@75f2099 - ch.qos.logback.classic.util.DefaultJoranConfigurator.configure() call lasted 10 milliseconds. ExecutionStatus=INVOKE_NEXT_IF_ANY
22:56:29,628 |-INFO in ch.qos.logback.classic.util.ContextInitializer@75f2099 - Trying to configure with ch.qos.logback.classic.BasicConfigurator
22:56:29,647 |-INFO in ch.qos.logback.classic.util.ContextInitializer@75f2099 - Constructed configurator of type class ch.qos.logback.classic.BasicConfigurator
22:56:29,647 |-INFO in ch.qos.logback.classic.BasicConfigurator@1c12f3ee - Setting up default configuration.
22:56:29,740 |-INFO in ch.qos.logback.classic.util.ContextInitializer@75f2099 - ch.qos.logback.classic.BasicConfigurator.configure() call lasted 94 milliseconds. ExecutionStatus=NEUTRAL
22:56:42,832 |-INFO in ch.qos.logback.core.joran.spi.ConfigurationWatchList@6d467c87 - URL [jar:file:/home/radu/TAK-Server/src/takserver-core/build/libs/takserver-core-5.2-RELEASE-16.war!/WEB-INF/classes!/logback-spring.xml] is not of type file
22:56:43,030 |-WARN in ch.qos.logback.classic.joran.action.LevelAction - <level> element is deprecated. Near [level] on line 212
22:56:43,030 |-WARN in ch.qos.logback.classic.joran.action.LevelAction - Please use "level" attribute within <logger> or <root> elements instead.
22:56:43,032 |-WARN in ch.qos.logback.classic.joran.action.LevelAction - <level> element is deprecated. Near [level] on line 216
22:56:43,032 |-WARN in ch.qos.logback.classic.joran.action.LevelAction - Please use "level" attribute within <logger> or <root> elements instead.
22:56:43,045 |-WARN in IfNestedWithinSecondPhaseElementSC - <if> elements cannot be nested within an <appender>, <logger> or <root> element
22:56:43,045 |-WARN in IfNestedWithinSecondPhaseElementSC - See also http://logback.qos.ch/codes.html#nested_if_element
22:56:43,062 |-WARN in IfNestedWithinSecondPhaseElementSC - Element <appender> at line 23 contains a nested <if> element at line 30
22:56:43,062 |-WARN in IfNestedWithinSecondPhaseElementSC - Element <appender> at line 53 contains a nested <if> element at line 60
22:56:43,062 |-WARN in IfNestedWithinSecondPhaseElementSC - Element <appender> at line 80 contains a nested <if> element at line 87
22:56:43,062 |-WARN in IfNestedWithinSecondPhaseElementSC - Element <appender> at line 109 contains a nested <if> element at line 116
22:56:43,062 |-WARN in IfNestedWithinSecondPhaseElementSC - Element <appender> at line 138 contains a nested <if> element at line 145
22:56:43,062 |-WARN in IfNestedWithinSecondPhaseElementSC - Element <appender> at line 167 contains a nested <if> element at line 176
22:56:43,249 |-INFO in ch.qos.logback.classic.model.processor.ConfigurationModelHandlerFull - Registering a new ReconfigureOnChangeTask ReconfigureOnChangeTask(born:1744862203249)
22:56:43,250 |-INFO in ch.qos.logback.classic.model.processor.ConfigurationModelHandlerFull - Will scan for changes in [jar:file:/home/radu/TAK-Server/src/takserver-core/build/libs/takserver-core-5.2-RELEASE-16.war!/WEB-INF/classes!/logback-spring.xml] 
22:56:43,250 |-INFO in ch.qos.logback.classic.model.processor.ConfigurationModelHandlerFull - Setting ReconfigureOnChangeTask scanning period to 30 seconds
22:56:43,255 |-INFO in ch.qos.logback.core.joran.util.ConfigurationWatchListUtil@29182679 - Adding [jar:file:/home/radu/TAK-Server/src/takserver-core/build/libs/takserver-core-5.2-RELEASE-16.war!/WEB-INF/lib/spring-boot-3.1.12.jar!/org/springframework/boot/logging/logback/defaults.xml] to configuration watch list.
22:56:43,255 |-INFO in ch.qos.logback.core.joran.spi.ConfigurationWatchList@6d467c87 - URL [jar:file:/home/radu/TAK-Server/src/takserver-core/build/libs/takserver-core-5.2-RELEASE-16.war!/WEB-INF/lib/spring-boot-3.1.12.jar!/org/springframework/boot/logging/logback/defaults.xml] is not of type file
22:56:43,269 |-INFO in ch.qos.logback.core.joran.action.ConversionRuleAction - registering conversion word clr with class [org.springframework.boot.logging.logback.ColorConverter]
22:56:43,269 |-INFO in ch.qos.logback.core.joran.action.ConversionRuleAction - registering conversion word wex with class [org.springframework.boot.logging.logback.WhitespaceThrowableProxyConverter]
22:56:43,269 |-INFO in ch.qos.logback.core.joran.action.ConversionRuleAction - registering conversion word wEx with class [org.springframework.boot.logging.logback.ExtendedWhitespaceThrowableProxyConverter]
22:56:43,277 |-INFO in ch.qos.logback.classic.model.processor.LoggerContextListenerModelHandler - Adding LoggerContextListener of type [ch.qos.logback.classic.jul.LevelChangePropagator] to the object stack
22:56:43,282 |-INFO in ch.qos.logback.classic.jul.LevelChangePropagator@57bd802b - Propagating DEBUG level on Logger[ROOT] onto the JUL framework
22:56:43,283 |-INFO in ch.qos.logback.classic.model.processor.LoggerContextListenerModelHandler - Starting LoggerContextListener
22:56:43,582 |-INFO in ch.qos.logback.core.model.processor.conditional.IfModelHandler - Condition [false] evaluated to false on line 11
22:56:43,590 |-INFO in ch.qos.logback.classic.model.processor.LoggerModelHandler - Setting level of logger [org.apache.catalina.startup.DigesterFactory] to ERROR
22:56:43,590 |-INFO in ch.qos.logback.classic.jul.LevelChangePropagator@5cbb84b1 - Propagating ERROR level on Logger[org.apache.catalina.startup.DigesterFactory] onto the JUL framework
22:56:43,590 |-INFO in ch.qos.logback.classic.jul.LevelChangePropagator@57bd802b - Propagating ERROR level on Logger[org.apache.catalina.startup.DigesterFactory] onto the JUL framework
22:56:43,590 |-INFO in ch.qos.logback.classic.model.processor.LoggerModelHandler - Setting level of logger [org.apache.catalina.util.LifecycleBase] to ERROR
22:56:43,590 |-INFO in ch.qos.logback.classic.jul.LevelChangePropagator@5cbb84b1 - Propagating ERROR level on Logger[org.apache.catalina.util.LifecycleBase] onto the JUL framework
22:56:43,590 |-INFO in ch.qos.logback.classic.jul.LevelChangePropagator@57bd802b - Propagating ERROR level on Logger[org.apache.catalina.util.LifecycleBase] onto the JUL framework
22:56:43,592 |-INFO in ch.qos.logback.classic.model.processor.LoggerModelHandler - Setting level of logger [org.apache.coyote.http11.Http11NioProtocol] to WARN
22:56:43,592 |-INFO in ch.qos.logback.classic.jul.LevelChangePropagator@5cbb84b1 - Propagating WARN level on Logger[org.apache.coyote.http11.Http11NioProtocol] onto the JUL framework
22:56:43,592 |-INFO in ch.qos.logback.classic.jul.LevelChangePropagator@57bd802b - Propagating WARN level on Logger[org.apache.coyote.http11.Http11NioProtocol] onto the JUL framework
22:56:43,593 |-INFO in ch.qos.logback.classic.model.processor.LoggerModelHandler - Setting level of logger [org.apache.sshd.common.util.SecurityUtils] to WARN
22:56:43,593 |-INFO in ch.qos.logback.classic.jul.LevelChangePropagator@5cbb84b1 - Propagating WARN level on Logger[org.apache.sshd.common.util.SecurityUtils] onto the JUL framework
22:56:43,593 |-INFO in ch.qos.logback.classic.jul.LevelChangePropagator@57bd802b - Propagating WARN level on Logger[org.apache.sshd.common.util.SecurityUtils] onto the JUL framework
22:56:43,593 |-INFO in ch.qos.logback.classic.model.processor.LoggerModelHandler - Setting level of logger [org.apache.tomcat.util.net.NioSelectorPool] to WARN
22:56:43,593 |-INFO in ch.qos.logback.classic.jul.LevelChangePropagator@5cbb84b1 - Propagating WARN level on Logger[org.apache.tomcat.util.net.NioSelectorPool] onto the JUL framework
22:56:43,593 |-INFO in ch.qos.logback.classic.jul.LevelChangePropagator@57bd802b - Propagating WARN level on Logger[org.apache.tomcat.util.net.NioSelectorPool] onto the JUL framework
22:56:43,593 |-INFO in ch.qos.logback.classic.model.processor.LoggerModelHandler - Setting level of logger [org.eclipse.jetty.util.component.AbstractLifeCycle] to ERROR
22:56:43,593 |-INFO in ch.qos.logback.classic.jul.LevelChangePropagator@5cbb84b1 - Propagating ERROR level on Logger[org.eclipse.jetty.util.component.AbstractLifeCycle] onto the JUL framework
22:56:43,593 |-INFO in ch.qos.logback.classic.jul.LevelChangePropagator@57bd802b - Propagating ERROR level on Logger[org.eclipse.jetty.util.component.AbstractLifeCycle] onto the JUL framework
22:56:43,593 |-INFO in ch.qos.logback.classic.model.processor.LoggerModelHandler - Setting level of logger [org.hibernate.validator.internal.util.Version] to WARN
22:56:43,593 |-INFO in ch.qos.logback.classic.jul.LevelChangePropagator@5cbb84b1 - Propagating WARN level on Logger[org.hibernate.validator.internal.util.Version] onto the JUL framework
22:56:43,593 |-INFO in ch.qos.logback.classic.jul.LevelChangePropagator@57bd802b - Propagating WARN level on Logger[org.hibernate.validator.internal.util.Version] onto the JUL framework
22:56:43,593 |-INFO in ch.qos.logback.classic.model.processor.LoggerModelHandler - Setting level of logger [org.springframework.boot.actuate.endpoint.jmx] to WARN
22:56:43,593 |-INFO in ch.qos.logback.classic.jul.LevelChangePropagator@5cbb84b1 - Propagating WARN level on Logger[org.springframework.boot.actuate.endpoint.jmx] onto the JUL framework
22:56:43,593 |-INFO in ch.qos.logback.classic.jul.LevelChangePropagator@57bd802b - Propagating WARN level on Logger[org.springframework.boot.actuate.endpoint.jmx] onto the JUL framework
22:56:43,593 |-INFO in ch.qos.logback.core.model.processor.AppenderModelHandler - Processing appender named [application_log]
22:56:43,593 |-INFO in ch.qos.logback.core.model.processor.AppenderModelHandler - About to instantiate appender of type [ch.qos.logback.core.rolling.RollingFileAppender]
22:56:43,646 |-INFO in c.q.l.core.rolling.TimeBasedRollingPolicy@46627301 - Will use gz compression
22:56:43,648 |-INFO in c.q.l.core.rolling.TimeBasedRollingPolicy@46627301 - Will use the pattern logs/takserver-messaging.%d{yyyy-MM-dd}.log for the active file
22:56:43,677 |-INFO in c.q.l.core.rolling.DefaultTimeBasedFileNamingAndTriggeringPolicy - The date pattern is 'yyyy-MM-dd' from file name pattern 'logs/takserver-messaging.%d{yyyy-MM-dd}.log.gz'.
22:56:43,677 |-INFO in c.q.l.core.rolling.DefaultTimeBasedFileNamingAndTriggeringPolicy - Roll-over at midnight.
22:56:43,680 |-INFO in c.q.l.core.rolling.DefaultTimeBasedFileNamingAndTriggeringPolicy - Setting initial period to 2025-04-15T22:56:15.099Z
22:56:43,704 |-INFO in ch.qos.logback.core.model.processor.conditional.IfModelHandler - Condition [false] evaluated to false on line 116
22:56:43,705 |-INFO in ch.qos.logback.core.model.processor.ImplicitModelHandler - Assuming default type [ch.qos.logback.classic.encoder.PatternLayoutEncoder] for [encoder] property
22:56:43,757 |-INFO in ch.qos.logback.core.rolling.RollingFileAppender[application_log] - Active log file name: logs/takserver-messaging.log
22:56:43,758 |-INFO in ch.qos.logback.core.rolling.RollingFileAppender[application_log] - File property is set to [logs/takserver-messaging.log]
22:56:43,759 |-INFO in ch.qos.logback.core.model.processor.AppenderModelHandler - Processing appender named [audit_log]
22:56:43,759 |-INFO in ch.qos.logback.core.model.processor.AppenderModelHandler - About to instantiate appender of type [ch.qos.logback.core.rolling.RollingFileAppender]
22:56:43,761 |-INFO in c.q.l.core.rolling.TimeBasedRollingPolicy@1787083818 - Will use gz compression
22:56:43,761 |-INFO in c.q.l.core.rolling.TimeBasedRollingPolicy@1787083818 - Will use the pattern logs/takserver-db-audit.%d{yyyy-MM-dd-HH}.log for the active file
22:56:43,761 |-INFO in c.q.l.core.rolling.DefaultTimeBasedFileNamingAndTriggeringPolicy - The date pattern is 'yyyy-MM-dd-HH' from file name pattern 'logs/takserver-db-audit.%d{yyyy-MM-dd-HH}.log.gz'.
22:56:43,761 |-INFO in c.q.l.core.rolling.DefaultTimeBasedFileNamingAndTriggeringPolicy - Roll-over at the top of every hour.
22:56:43,763 |-INFO in c.q.l.core.rolling.DefaultTimeBasedFileNamingAndTriggeringPolicy - Setting initial period to 2025-04-11T20:57:05.990Z
22:56:43,787 |-INFO in ch.qos.logback.core.model.processor.conditional.IfModelHandler - Condition [false] evaluated to false on line 176
22:56:43,788 |-INFO in ch.qos.logback.core.model.processor.ImplicitModelHandler - Assuming default type [ch.qos.logback.classic.encoder.PatternLayoutEncoder] for [encoder] property
22:56:43,788 |-INFO in ch.qos.logback.core.rolling.RollingFileAppender[audit_log] - Active log file name: logs/takserver-db-audit.log
22:56:43,788 |-INFO in ch.qos.logback.core.rolling.RollingFileAppender[audit_log] - File property is set to [logs/takserver-db-audit.log]
22:56:43,788 |-INFO in ch.qos.logback.core.model.processor.AppenderModelHandler - Processing appender named [audit_log_async]
22:56:43,788 |-INFO in ch.qos.logback.core.model.processor.AppenderModelHandler - About to instantiate appender of type [ch.qos.logback.classic.AsyncAppender]
22:56:43,795 |-INFO in ch.qos.logback.core.model.processor.AppenderRefModelHandler - Attaching appender named [audit_log] to ch.qos.logback.classic.AsyncAppender[audit_log_async]
22:56:43,795 |-INFO in ch.qos.logback.classic.AsyncAppender[audit_log_async] - Attaching appender named [audit_log] to AsyncAppender.
22:56:43,798 |-INFO in ch.qos.logback.classic.AsyncAppender[audit_log_async] - Setting discardingThreshold to 51
22:56:43,802 |-WARN in ch.qos.logback.core.model.processor.AppenderModelHandler - Appender named [console] not referenced. Skipping further processing.
22:56:43,802 |-INFO in ch.qos.logback.core.model.processor.AppenderModelHandler - Processing appender named [hibernate_audit_log]
22:56:43,802 |-INFO in ch.qos.logback.core.model.processor.AppenderModelHandler - About to instantiate appender of type [com.bbn.marti.logging.DelegatingAuditLogAppender]
22:56:43,804 |-INFO in ch.qos.logback.classic.model.processor.LoggerModelHandler - Setting additivity of logger [org.hibernate.SQL] to false
22:56:43,804 |-INFO in ch.qos.logback.classic.jul.LevelChangePropagator@5cbb84b1 - Propagating DEBUG level on Logger[org.hibernate.SQL] onto the JUL framework
22:56:43,804 |-INFO in ch.qos.logback.classic.jul.LevelChangePropagator@57bd802b - Propagating DEBUG level on Logger[org.hibernate.SQL] onto the JUL framework
22:56:43,804 |-INFO in ch.qos.logback.classic.model.processor.LevelModelHandler - org.hibernate.SQL level set to DEBUG
22:56:43,804 |-INFO in ch.qos.logback.core.model.processor.AppenderRefModelHandler - Attaching appender named [hibernate_audit_log] to Logger[org.hibernate.SQL]
22:56:43,804 |-INFO in ch.qos.logback.classic.model.processor.LoggerModelHandler - Setting additivity of logger [org.hibernate.type] to false
22:56:43,804 |-INFO in ch.qos.logback.classic.jul.LevelChangePropagator@5cbb84b1 - Propagating DEBUG level on Logger[org.hibernate.type] onto the JUL framework
22:56:43,804 |-INFO in ch.qos.logback.classic.jul.LevelChangePropagator@57bd802b - Propagating DEBUG level on Logger[org.hibernate.type] onto the JUL framework
22:56:43,805 |-INFO in ch.qos.logback.classic.model.processor.LevelModelHandler - org.hibernate.type level set to DEBUG
22:56:43,805 |-INFO in ch.qos.logback.core.model.processor.AppenderRefModelHandler - Attaching appender named [hibernate_audit_log] to Logger[org.hibernate.type]
22:56:43,805 |-INFO in ch.qos.logback.classic.model.processor.LoggerModelHandler - Setting level of logger [org.hibernate.engine.jdbc.spi.SqlExceptionHelper] to OFF
22:56:43,805 |-INFO in ch.qos.logback.classic.jul.LevelChangePropagator@5cbb84b1 - Propagating OFF level on Logger[org.hibernate.engine.jdbc.spi.SqlExceptionHelper] onto the JUL framework
22:56:43,805 |-INFO in ch.qos.logback.classic.jul.LevelChangePropagator@57bd802b - Propagating OFF level on Logger[org.hibernate.engine.jdbc.spi.SqlExceptionHelper] onto the JUL framework
22:56:43,805 |-INFO in ch.qos.logback.classic.model.processor.LoggerModelHandler - Setting level of logger [org.springframework.web.socket.config.WebSocketMessageBrokerStats] to OFF
22:56:43,805 |-INFO in ch.qos.logback.classic.jul.LevelChangePropagator@5cbb84b1 - Propagating OFF level on Logger[org.springframework.web.socket.config.WebSocketMessageBrokerStats] onto the JUL framework
22:56:43,805 |-INFO in ch.qos.logback.classic.jul.LevelChangePropagator@57bd802b - Propagating OFF level on Logger[org.springframework.web.socket.config.WebSocketMessageBrokerStats] onto the JUL framework
22:56:43,805 |-INFO in ch.qos.logback.classic.model.processor.LoggerModelHandler - Setting level of logger [tak.server.ServerConfiguration] to DEBUG
22:56:43,805 |-INFO in ch.qos.logback.classic.jul.LevelChangePropagator@5cbb84b1 - Propagating DEBUG level on Logger[tak.server.ServerConfiguration] onto the JUL framework
22:56:43,805 |-INFO in ch.qos.logback.classic.jul.LevelChangePropagator@57bd802b - Propagating DEBUG level on Logger[tak.server.ServerConfiguration] onto the JUL framework
22:56:43,805 |-INFO in ch.qos.logback.classic.model.processor.LoggerModelHandler - Setting level of logger [tak.server.federation.DistributedFederationManager] to DEBUG
22:56:43,805 |-INFO in ch.qos.logback.classic.jul.LevelChangePropagator@5cbb84b1 - Propagating DEBUG level on Logger[tak.server.federation.DistributedFederationManager] onto the JUL framework
22:56:43,805 |-INFO in ch.qos.logback.classic.jul.LevelChangePropagator@57bd802b - Propagating DEBUG level on Logger[tak.server.federation.DistributedFederationManager] onto the JUL framework
22:56:43,805 |-INFO in ch.qos.logback.classic.model.processor.LoggerModelHandler - Setting level of logger [tak.server.federation.FederationServer] to DEBUG
22:56:43,805 |-INFO in ch.qos.logback.classic.jul.LevelChangePropagator@5cbb84b1 - Propagating DEBUG level on Logger[tak.server.federation.FederationServer] onto the JUL framework
22:56:43,805 |-INFO in ch.qos.logback.classic.jul.LevelChangePropagator@57bd802b - Propagating DEBUG level on Logger[tak.server.federation.FederationServer] onto the JUL framework
22:56:43,805 |-INFO in ch.qos.logback.classic.model.processor.LoggerModelHandler - Setting level of logger [tak.server.federation.TakFigClient] to DEBUG
22:56:43,805 |-INFO in ch.qos.logback.classic.jul.LevelChangePropagator@5cbb84b1 - Propagating DEBUG level on Logger[tak.server.federation.TakFigClient] onto the JUL framework
22:56:43,805 |-INFO in ch.qos.logback.classic.jul.LevelChangePropagator@57bd802b - Propagating DEBUG level on Logger[tak.server.federation.TakFigClient] onto the JUL framework
22:56:43,805 |-INFO in ch.qos.logback.classic.model.processor.LoggerModelHandler - Setting level of logger [com.bbn.roger.fig.FigProtocolNegotiator] to DEBUG
22:56:43,805 |-INFO in ch.qos.logback.classic.jul.LevelChangePropagator@5cbb84b1 - Propagating DEBUG level on Logger[com.bbn.roger.fig.FigProtocolNegotiator] onto the JUL framework
22:56:43,805 |-INFO in ch.qos.logback.classic.jul.LevelChangePropagator@57bd802b - Propagating DEBUG level on Logger[com.bbn.roger.fig.FigProtocolNegotiator] onto the JUL framework
22:56:43,805 |-INFO in ch.qos.logback.classic.model.processor.LoggerModelHandler - Setting level of logger [org.springframework] to WARN
22:56:43,805 |-INFO in ch.qos.logback.classic.jul.LevelChangePropagator@5cbb84b1 - Propagating WARN level on Logger[org.springframework] onto the JUL framework
22:56:43,805 |-INFO in ch.qos.logback.classic.jul.LevelChangePropagator@57bd802b - Propagating WARN level on Logger[org.springframework] onto the JUL framework
22:56:43,805 |-INFO in ch.qos.logback.classic.model.processor.LoggerModelHandler - Setting level of logger [org.apache] to WARN
22:56:43,806 |-INFO in ch.qos.logback.classic.jul.LevelChangePropagator@5cbb84b1 - Propagating WARN level on Logger[org.apache] onto the JUL framework
22:56:43,806 |-INFO in ch.qos.logback.classic.jul.LevelChangePropagator@57bd802b - Propagating WARN level on Logger[org.apache] onto the JUL framework
22:56:43,806 |-INFO in ch.qos.logback.classic.model.processor.LoggerModelHandler - Setting level of logger [org.hibernate] to WARN
22:56:43,806 |-INFO in ch.qos.logback.classic.jul.LevelChangePropagator@5cbb84b1 - Propagating WARN level on Logger[org.hibernate] onto the JUL framework
22:56:43,806 |-INFO in ch.qos.logback.classic.jul.LevelChangePropagator@57bd802b - Propagating WARN level on Logger[org.hibernate] onto the JUL framework
22:56:43,806 |-INFO in ch.qos.logback.classic.model.processor.LoggerModelHandler - Setting level of logger [com.zaxxer] to WARN
22:56:43,806 |-INFO in ch.qos.logback.classic.jul.LevelChangePropagator@5cbb84b1 - Propagating WARN level on Logger[com.zaxxer] onto the JUL framework
22:56:43,806 |-INFO in ch.qos.logback.classic.jul.LevelChangePropagator@57bd802b - Propagating WARN level on Logger[com.zaxxer] onto the JUL framework
22:56:43,806 |-INFO in ch.qos.logback.classic.model.processor.LoggerModelHandler - Setting level of logger [org.springframework.boot.web.embedded.tomcat.TomcatWebServer] to DEBUG
22:56:43,806 |-INFO in ch.qos.logback.classic.jul.LevelChangePropagator@5cbb84b1 - Propagating DEBUG level on Logger[org.springframework.boot.web.embedded.tomcat.TomcatWebServer] onto the JUL framework
22:56:43,806 |-INFO in ch.qos.logback.classic.jul.LevelChangePropagator@57bd802b - Propagating DEBUG level on Logger[org.springframework.boot.web.embedded.tomcat.TomcatWebServer] onto the JUL framework
22:56:43,806 |-INFO in ch.qos.logback.classic.model.processor.LoggerModelHandler - Setting level of logger [org.springframework.security.config.http.FilterInvocationSecurityMetadataSourceParser] to OFF
22:56:43,806 |-INFO in ch.qos.logback.classic.jul.LevelChangePropagator@5cbb84b1 - Propagating OFF level on Logger[org.springframework.security.config.http.FilterInvocationSecurityMetadataSourceParser] onto the JUL framework
22:56:43,806 |-INFO in ch.qos.logback.classic.jul.LevelChangePropagator@57bd802b - Propagating OFF level on Logger[org.springframework.security.config.http.FilterInvocationSecurityMetadataSourceParser] onto the JUL framework
22:56:43,806 |-INFO in ch.qos.logback.classic.model.processor.LoggerModelHandler - Setting level of logger [org.springframework.boot.autoconfigure.orm.jpa] to OFF
22:56:43,806 |-INFO in ch.qos.logback.classic.jul.LevelChangePropagator@5cbb84b1 - Propagating OFF level on Logger[org.springframework.boot.autoconfigure.orm.jpa] onto the JUL framework
22:56:43,806 |-INFO in ch.qos.logback.classic.jul.LevelChangePropagator@57bd802b - Propagating OFF level on Logger[org.springframework.boot.autoconfigure.orm.jpa] onto the JUL framework
22:56:43,806 |-INFO in ch.qos.logback.classic.model.processor.LoggerModelHandler - Setting level of logger [org.springframework.boot.actuate.endpoint.EndpointId] to OFF
22:56:43,806 |-INFO in ch.qos.logback.classic.jul.LevelChangePropagator@5cbb84b1 - Propagating OFF level on Logger[org.springframework.boot.actuate.endpoint.EndpointId] onto the JUL framework
22:56:43,806 |-INFO in ch.qos.logback.classic.jul.LevelChangePropagator@57bd802b - Propagating OFF level on Logger[org.springframework.boot.actuate.endpoint.EndpointId] onto the JUL framework
22:56:43,806 |-INFO in ch.qos.logback.classic.model.processor.LoggerModelHandler - Setting level of logger [springfox] to OFF
22:56:43,806 |-INFO in ch.qos.logback.classic.jul.LevelChangePropagator@5cbb84b1 - Propagating OFF level on Logger[springfox] onto the JUL framework
22:56:43,808 |-INFO in ch.qos.logback.classic.jul.LevelChangePropagator@57bd802b - Propagating OFF level on Logger[springfox] onto the JUL framework
22:56:43,808 |-INFO in ch.qos.logback.classic.model.processor.LoggerModelHandler - Setting level of logger [com.bbn.marti.sync.MissionPackageUploadServlet] to WARN
22:56:43,808 |-INFO in ch.qos.logback.classic.jul.LevelChangePropagator@5cbb84b1 - Propagating WARN level on Logger[com.bbn.marti.sync.MissionPackageUploadServlet] onto the JUL framework
22:56:43,808 |-INFO in ch.qos.logback.classic.jul.LevelChangePropagator@57bd802b - Propagating WARN level on Logger[com.bbn.marti.sync.MissionPackageUploadServlet] onto the JUL framework
22:56:43,808 |-INFO in ch.qos.logback.classic.model.processor.LoggerModelHandler - Setting level of logger [org.apache.tomcat.util.net.NioEndpoint] to OFF
22:56:43,808 |-INFO in ch.qos.logback.classic.jul.LevelChangePropagator@5cbb84b1 - Propagating OFF level on Logger[org.apache.tomcat.util.net.NioEndpoint] onto the JUL framework
22:56:43,808 |-INFO in ch.qos.logback.classic.jul.LevelChangePropagator@57bd802b - Propagating OFF level on Logger[org.apache.tomcat.util.net.NioEndpoint] onto the JUL framework
22:56:43,809 |-INFO in ch.qos.logback.classic.model.processor.LoggerModelHandler - Setting level of logger [io.grpc.internal.SerializingExecutor] to OFF
22:56:43,809 |-INFO in ch.qos.logback.classic.jul.LevelChangePropagator@5cbb84b1 - Propagating OFF level on Logger[io.grpc.internal.SerializingExecutor] onto the JUL framework
22:56:43,809 |-INFO in ch.qos.logback.classic.jul.LevelChangePropagator@57bd802b - Propagating OFF level on Logger[io.grpc.internal.SerializingExecutor] onto the JUL framework
22:56:43,809 |-INFO in ch.qos.logback.classic.model.processor.LoggerModelHandler - Setting level of logger [org.apache.ignite] to ERROR
22:56:43,809 |-INFO in ch.qos.logback.classic.jul.LevelChangePropagator@5cbb84b1 - Propagating ERROR level on Logger[org.apache.ignite] onto the JUL framework
22:56:43,809 |-INFO in ch.qos.logback.classic.jul.LevelChangePropagator@57bd802b - Propagating ERROR level on Logger[org.apache.ignite] onto the JUL framework
22:56:43,809 |-INFO in ch.qos.logback.classic.model.processor.LoggerModelHandler - Setting level of logger [org.springframework.http] to OFF
22:56:43,809 |-INFO in ch.qos.logback.classic.jul.LevelChangePropagator@5cbb84b1 - Propagating OFF level on Logger[org.springframework.http] onto the JUL framework
22:56:43,809 |-INFO in ch.qos.logback.classic.jul.LevelChangePropagator@57bd802b - Propagating OFF level on Logger[org.springframework.http] onto the JUL framework
22:56:43,809 |-INFO in ch.qos.logback.classic.model.processor.LoggerModelHandler - Setting level of logger [org.springframework.web] to OFF
22:56:43,809 |-INFO in ch.qos.logback.classic.jul.LevelChangePropagator@5cbb84b1 - Propagating OFF level on Logger[org.springframework.web] onto the JUL framework
22:56:43,809 |-INFO in ch.qos.logback.classic.jul.LevelChangePropagator@57bd802b - Propagating OFF level on Logger[org.springframework.web] onto the JUL framework
22:56:43,809 |-INFO in ch.qos.logback.classic.model.processor.LoggerModelHandler - Setting level of logger [org.springframework.core] to OFF
22:56:43,809 |-INFO in ch.qos.logback.classic.jul.LevelChangePropagator@5cbb84b1 - Propagating OFF level on Logger[org.springframework.core] onto the JUL framework
22:56:43,809 |-INFO in ch.qos.logback.classic.jul.LevelChangePropagator@57bd802b - Propagating OFF level on Logger[org.springframework.core] onto the JUL framework
22:56:43,809 |-INFO in ch.qos.logback.classic.model.processor.LoggerModelHandler - Setting level of logger [org.apache.tomcat.util.net] to OFF
22:56:43,809 |-INFO in ch.qos.logback.classic.jul.LevelChangePropagator@5cbb84b1 - Propagating OFF level on Logger[org.apache.tomcat.util.net] onto the JUL framework
22:56:43,809 |-INFO in ch.qos.logback.classic.jul.LevelChangePropagator@57bd802b - Propagating OFF level on Logger[org.apache.tomcat.util.net] onto the JUL framework
22:56:43,809 |-INFO in ch.qos.logback.classic.model.processor.LoggerModelHandler - Setting level of logger [metrics-logger] to DEBUG
22:56:43,809 |-INFO in ch.qos.logback.classic.jul.LevelChangePropagator@5cbb84b1 - Propagating DEBUG level on Logger[metrics-logger] onto the JUL framework
22:56:43,809 |-INFO in ch.qos.logback.classic.jul.LevelChangePropagator@57bd802b - Propagating DEBUG level on Logger[metrics-logger] onto the JUL framework
22:56:43,809 |-INFO in ch.qos.logback.classic.model.processor.LoggerModelHandler - Setting level of logger [org.springframework.security.core.SpringSecurityCoreVersion] to OFF
22:56:43,809 |-INFO in ch.qos.logback.classic.jul.LevelChangePropagator@5cbb84b1 - Propagating OFF level on Logger[org.springframework.security.core.SpringSecurityCoreVersion] onto the JUL framework
22:56:43,809 |-INFO in ch.qos.logback.classic.jul.LevelChangePropagator@57bd802b - Propagating OFF level on Logger[org.springframework.security.core.SpringSecurityCoreVersion] onto the JUL framework
22:56:43,809 |-INFO in ch.qos.logback.classic.model.processor.LoggerModelHandler - Setting level of logger [data-access-log] to OFF
22:56:43,809 |-INFO in ch.qos.logback.classic.jul.LevelChangePropagator@5cbb84b1 - Propagating OFF level on Logger[data-access-log] onto the JUL framework
22:56:43,809 |-INFO in ch.qos.logback.classic.jul.LevelChangePropagator@57bd802b - Propagating OFF level on Logger[data-access-log] onto the JUL framework
22:56:43,809 |-INFO in ch.qos.logback.core.model.processor.AppenderModelHandler - Processing appender named [esapi_log]
22:56:43,809 |-INFO in ch.qos.logback.core.model.processor.AppenderModelHandler - About to instantiate appender of type [ch.qos.logback.core.rolling.RollingFileAppender]
22:56:43,810 |-INFO in c.q.l.core.rolling.TimeBasedRollingPolicy@1367594377 - Will use gz compression
22:56:43,810 |-INFO in c.q.l.core.rolling.TimeBasedRollingPolicy@1367594377 - Will use the pattern logs/takserver-esapi.%d{yyyy-MM-dd}.log for the active file
22:56:43,810 |-INFO in c.q.l.core.rolling.DefaultTimeBasedFileNamingAndTriggeringPolicy - The date pattern is 'yyyy-MM-dd' from file name pattern 'logs/takserver-esapi.%d{yyyy-MM-dd}.log.gz'.
22:56:43,810 |-INFO in c.q.l.core.rolling.DefaultTimeBasedFileNamingAndTriggeringPolicy - Roll-over at midnight.
22:56:43,811 |-INFO in c.q.l.core.rolling.DefaultTimeBasedFileNamingAndTriggeringPolicy - Setting initial period to 2025-04-11T20:57:05.990Z
22:56:43,811 |-INFO in ch.qos.logback.core.model.processor.ImplicitModelHandler - Assuming default type [ch.qos.logback.classic.encoder.PatternLayoutEncoder] for [encoder] property
22:56:43,812 |-INFO in ch.qos.logback.core.rolling.RollingFileAppender[esapi_log] - Active log file name: logs/takserver-esapi.log
22:56:43,812 |-INFO in ch.qos.logback.core.rolling.RollingFileAppender[esapi_log] - File property is set to [logs/takserver-esapi.log]
22:56:43,812 |-INFO in ch.qos.logback.core.model.processor.AppenderModelHandler - Processing appender named [esapi_log_async]
22:56:43,812 |-INFO in ch.qos.logback.core.model.processor.AppenderModelHandler - About to instantiate appender of type [ch.qos.logback.classic.AsyncAppender]
22:56:43,812 |-INFO in ch.qos.logback.core.model.processor.AppenderRefModelHandler - Attaching appender named [esapi_log] to ch.qos.logback.classic.AsyncAppender[esapi_log_async]
22:56:43,812 |-INFO in ch.qos.logback.classic.AsyncAppender[esapi_log_async] - Attaching appender named [esapi_log] to AsyncAppender.
22:56:43,812 |-INFO in ch.qos.logback.classic.AsyncAppender[esapi_log_async] - Setting discardingThreshold to 51
22:56:43,812 |-INFO in ch.qos.logback.classic.model.processor.LoggerModelHandler - Setting additivity of logger [IntrusionDetector] to false
22:56:43,812 |-INFO in ch.qos.logback.core.model.processor.AppenderRefModelHandler - Attaching appender named [esapi_log_async] to Logger[IntrusionDetector]
22:56:43,812 |-INFO in ch.qos.logback.core.model.processor.AppenderModelHandler - Processing appender named [application_log_async]
22:56:43,812 |-INFO in ch.qos.logback.core.model.processor.AppenderModelHandler - About to instantiate appender of type [ch.qos.logback.classic.AsyncAppender]
22:56:43,812 |-INFO in ch.qos.logback.core.model.processor.AppenderRefModelHandler - Attaching appender named [application_log] to ch.qos.logback.classic.AsyncAppender[application_log_async]
22:56:43,812 |-INFO in ch.qos.logback.classic.AsyncAppender[application_log_async] - Attaching appender named [application_log] to AsyncAppender.
22:56:43,812 |-INFO in ch.qos.logback.classic.AsyncAppender[application_log_async] - Setting discardingThreshold to 51
22:56:43,813 |-INFO in ch.qos.logback.classic.model.processor.RootLoggerModelHandler - Setting level of ROOT logger to DEBUG
22:56:43,813 |-INFO in ch.qos.logback.core.model.processor.AppenderRefModelHandler - Attaching appender named [application_log_async] to Logger[ROOT]
22:56:43,813 |-INFO in ch.qos.logback.core.model.processor.AppenderRefModelHandler - Attaching appender named [audit_log_async] to Logger[ROOT]
22:56:43,813 |-INFO in ch.qos.logback.core.model.processor.DefaultProcessor@511d5d04 - End of configuration.
22:56:43,813 |-INFO in org.springframework.boot.logging.logback.SpringBootJoranConfigurator@682c1e93 - Registering current configuration as safe fallback point

[2025-04-16 22:57:07] [gov.nasa.worldwind] Path is null 
[2025-04-16 22:57:07] [com.bbn.marti.AltitudeConverter] Failed to load geoid data: Path is null 
*** shutting down gRPC server since JVM is shutting down
*** server shut down

