2025-05-08T13:59:08,452 INFO main MAIN - [OP0012] Loaded SystemPropertiesSource [1]: class=com.nimbusds.openid.connect.provider.spi.config.source.URLSystemPropertiesSource
2025-05-08T13:59:08,475 INFO main MAIN - [SP0001] URLSystemPropertiesSource: No properties retrieved, systemPropertiesURL not set
2025-05-08T13:59:08,482 INFO main MAIN - [CM8000] Starting Infinispan...
2025-05-08T13:59:08,483 INFO main MAIN - [CM8002] Infinispan configuration file: /WEB-INF/infinispan-local-h2.xml
2025-05-08T13:59:09,845 INFO main ClusteredLockModuleLifecycle - ISPN029009: Configuration is not clustered, clustered locks are disabled
2025-05-08T13:59:09,983 INFO main CONTAINER - ISPN000556: Starting user marshaller 'org.infinispan.commons.marshall.ImmutableProtoStreamMarshaller'
2025-05-08T13:59:11,229 INFO main threads - JBoss Threads version 2.3.6.Final
2025-05-08T13:59:11,244 INFO blocking-thread--p3-t1 MAIN - [IS0100] SQL store: Infinispan cache store configuration for authzStore.idAccessTokenMap:
2025-05-08T13:59:11,244 INFO blocking-thread--p3-t1 MAIN - [IS0000] Infinispan SQL store: Record transformer class: com.nimbusds.authzstore.impl.persistence.sql.IDAccessTokenTransformer 
2025-05-08T13:59:11,244 INFO blocking-thread--p3-t1 MAIN - [IS0001] Infinispan SQL store: Query executor class: not specified 
2025-05-08T13:59:11,244 INFO blocking-thread--p3-t1 MAIN - [IS0002] Infinispan SQL store: SQL dialect: sqlDialect=H2 
2025-05-08T13:59:11,244 INFO blocking-thread--p3-t1 MAIN - [IS0004] Infinispan SQL store: Create table if missing: createTableIfMissing=true 
2025-05-08T13:59:11,244 INFO blocking-thread--p3-t1 MAIN - [IS0009] Infinispan SQL store: Create table ignore errors: createTableIgnoreErrors=false 
2025-05-08T13:59:11,245 INFO blocking-thread--p3-t1 MAIN - [IS0008] Infinispan SQL store: Connection pool reference: keyStore.jwkSetMap 
2025-05-08T13:59:11,245 INFO blocking-thread--p3-t1 MAIN - [IS0010] Infinispan SQL store: Expired record select query page limit: 1000
2025-05-08T13:59:11,245 INFO blocking-thread--p3-t1 MAIN - [IS0140] SQL store: Expiration thread wake up interval for cache authzStore.idAccessTokenMap: 300000
2025-05-08T13:59:11,261 INFO blocking-thread--p3-t1 MAIN - [IS0102] Initialized SQL external store for cache authzStore.idAccessTokenMap with table id_access_tokens
2025-05-08T13:59:11,261 INFO blocking-thread--p3-t1 MAIN - [IS0139] SQL store: Deferred start of store using a shared connection pool: authzStore.idAccessTokenMap
2025-05-08T13:59:11,273 INFO blocking-thread--p3-t1 MAIN - [IS0100] SQL store: Infinispan cache store configuration for authzStore.longLivedAuthzMap:
2025-05-08T13:59:11,273 INFO blocking-thread--p3-t1 MAIN - [IS0000] Infinispan SQL store: Record transformer class: com.nimbusds.authzstore.impl.persistence.sql.AuthorizationRecordTransformer 
2025-05-08T13:59:11,273 INFO blocking-thread--p3-t1 MAIN - [IS0001] Infinispan SQL store: Query executor class: com.nimbusds.authzstore.impl.persistence.sql.AuthorizationRecordQueryExecutor 
2025-05-08T13:59:11,273 INFO blocking-thread--p3-t1 MAIN - [IS0002] Infinispan SQL store: SQL dialect: sqlDialect=H2 
2025-05-08T13:59:11,273 INFO blocking-thread--p3-t1 MAIN - [IS0004] Infinispan SQL store: Create table if missing: createTableIfMissing=true 
2025-05-08T13:59:11,274 INFO blocking-thread--p3-t1 MAIN - [IS0009] Infinispan SQL store: Create table ignore errors: createTableIgnoreErrors=false 
2025-05-08T13:59:11,274 INFO blocking-thread--p3-t1 MAIN - [IS0008] Infinispan SQL store: Connection pool reference: keyStore.jwkSetMap 
2025-05-08T13:59:11,274 INFO blocking-thread--p3-t1 MAIN - [IS0010] Infinispan SQL store: Expired record select query page limit: 250
2025-05-08T13:59:11,274 INFO blocking-thread--p3-t1 MAIN - [IS0140] SQL store: Expiration thread wake up interval for cache authzStore.longLivedAuthzMap: 0
2025-05-08T13:59:11,275 INFO blocking-thread--p3-t1 MAIN - [IS0102] Initialized SQL external store for cache authzStore.longLivedAuthzMap with table long_lived_authorizations
2025-05-08T13:59:11,275 INFO blocking-thread--p3-t1 MAIN - [IS0138] SQL store: Deferred start of store using a shared connection pool: authzStore.longLivedAuthzMap
2025-05-08T13:59:11,276 INFO main CONTAINER - ISPN000025: wakeUpInterval is <= 0, not starting expired purge thread
2025-05-08T13:59:11,280 INFO blocking-thread--p3-t1 MAIN - [IS0100] SQL store: Infinispan cache store configuration for authzStore.revocationJournalMap:
2025-05-08T13:59:11,280 INFO blocking-thread--p3-t1 MAIN - [IS0000] Infinispan SQL store: Record transformer class: com.nimbusds.authzstore.impl.persistence.sql.RevocationRecordTransformer 
2025-05-08T13:59:11,280 INFO blocking-thread--p3-t1 MAIN - [IS0001] Infinispan SQL store: Query executor class: not specified 
2025-05-08T13:59:11,280 INFO blocking-thread--p3-t1 MAIN - [IS0002] Infinispan SQL store: SQL dialect: sqlDialect=H2 
2025-05-08T13:59:11,280 INFO blocking-thread--p3-t1 MAIN - [IS0004] Infinispan SQL store: Create table if missing: createTableIfMissing=true 
2025-05-08T13:59:11,280 INFO blocking-thread--p3-t1 MAIN - [IS0009] Infinispan SQL store: Create table ignore errors: createTableIgnoreErrors=false 
2025-05-08T13:59:11,280 INFO blocking-thread--p3-t1 MAIN - [IS0008] Infinispan SQL store: Connection pool reference: keyStore.jwkSetMap 
2025-05-08T13:59:11,280 INFO blocking-thread--p3-t1 MAIN - [IS0010] Infinispan SQL store: Expired record select query page limit: 250
2025-05-08T13:59:11,281 INFO blocking-thread--p3-t1 MAIN - [IS0140] SQL store: Expiration thread wake up interval for cache authzStore.revocationJournalMap: 0
2025-05-08T13:59:11,281 INFO blocking-thread--p3-t1 MAIN - [IS0102] Initialized SQL external store for cache authzStore.revocationJournalMap with table revocation_journal
2025-05-08T13:59:11,281 INFO blocking-thread--p3-t1 MAIN - [IS0138] SQL store: Deferred start of store using a shared connection pool: authzStore.revocationJournalMap
2025-05-08T13:59:11,282 INFO main CONTAINER - ISPN000025: wakeUpInterval is <= 0, not starting expired purge thread
2025-05-08T13:59:11,285 INFO blocking-thread--p3-t1 MAIN - [IS0100] SQL store: Infinispan cache store configuration for clients.registrationsMap:
2025-05-08T13:59:11,285 INFO blocking-thread--p3-t1 MAIN - [IS0000] Infinispan SQL store: Record transformer class: com.nimbusds.openid.connect.provider.reg.store.persistence.sql.OIDCClientInformationTransformer 
2025-05-08T13:59:11,285 INFO blocking-thread--p3-t1 MAIN - [IS0001] Infinispan SQL store: Query executor class: not specified 
2025-05-08T13:59:11,285 INFO blocking-thread--p3-t1 MAIN - [IS0002] Infinispan SQL store: SQL dialect: sqlDialect=H2 
2025-05-08T13:59:11,285 INFO blocking-thread--p3-t1 MAIN - [IS0004] Infinispan SQL store: Create table if missing: createTableIfMissing=true 
2025-05-08T13:59:11,285 INFO blocking-thread--p3-t1 MAIN - [IS0009] Infinispan SQL store: Create table ignore errors: createTableIgnoreErrors=false 
2025-05-08T13:59:11,285 INFO blocking-thread--p3-t1 MAIN - [IS0008] Infinispan SQL store: Connection pool reference: keyStore.jwkSetMap 
2025-05-08T13:59:11,285 INFO blocking-thread--p3-t1 MAIN - [IS0010] Infinispan SQL store: Expired record select query page limit: 250
2025-05-08T13:59:11,285 INFO blocking-thread--p3-t1 MAIN - [IS0140] SQL store: Expiration thread wake up interval for cache clients.registrationsMap: 0
2025-05-08T13:59:11,289 INFO blocking-thread--p3-t1 MAIN - [IS0102] Initialized SQL external store for cache clients.registrationsMap with table clients
2025-05-08T13:59:11,289 INFO blocking-thread--p3-t1 MAIN - [IS0138] SQL store: Deferred start of store using a shared connection pool: clients.registrationsMap
2025-05-08T13:59:11,290 INFO main CONTAINER - ISPN000025: wakeUpInterval is <= 0, not starting expired purge thread
2025-05-08T13:59:11,293 INFO main CONTAINER - ISPN000025: wakeUpInterval is <= 0, not starting expired purge thread
2025-05-08T13:59:11,296 INFO main CONTAINER - ISPN000025: wakeUpInterval is <= 0, not starting expired purge thread
2025-05-08T13:59:11,299 INFO blocking-thread--p3-t1 MAIN - [IS0100] SQL store: Infinispan cache store configuration for federation.registrationsMap:
2025-05-08T13:59:11,300 INFO blocking-thread--p3-t1 MAIN - [IS0000] Infinispan SQL store: Record transformer class: com.nimbusds.openid.connect.provider.federation.reg.store.persistence.sql.FederationClientTransformer 
2025-05-08T13:59:11,300 INFO blocking-thread--p3-t1 MAIN - [IS0001] Infinispan SQL store: Query executor class: not specified 
2025-05-08T13:59:11,300 INFO blocking-thread--p3-t1 MAIN - [IS0002] Infinispan SQL store: SQL dialect: sqlDialect=H2 
2025-05-08T13:59:11,300 INFO blocking-thread--p3-t1 MAIN - [IS0004] Infinispan SQL store: Create table if missing: createTableIfMissing=true 
2025-05-08T13:59:11,300 INFO blocking-thread--p3-t1 MAIN - [IS0009] Infinispan SQL store: Create table ignore errors: createTableIgnoreErrors=false 
2025-05-08T13:59:11,300 INFO blocking-thread--p3-t1 MAIN - [IS0008] Infinispan SQL store: Connection pool reference: keyStore.jwkSetMap 
2025-05-08T13:59:11,300 INFO blocking-thread--p3-t1 MAIN - [IS0010] Infinispan SQL store: Expired record select query page limit: 250
2025-05-08T13:59:11,300 INFO blocking-thread--p3-t1 MAIN - [IS0140] SQL store: Expiration thread wake up interval for cache federation.registrationsMap: 0
2025-05-08T13:59:11,300 INFO blocking-thread--p3-t1 MAIN - [IS0102] Initialized SQL external store for cache federation.registrationsMap with table federation_clients
2025-05-08T13:59:11,301 INFO blocking-thread--p3-t1 MAIN - [IS0138] SQL store: Deferred start of store using a shared connection pool: federation.registrationsMap
2025-05-08T13:59:11,301 INFO main CONTAINER - ISPN000025: wakeUpInterval is <= 0, not starting expired purge thread
2025-05-08T13:59:11,305 INFO blocking-thread--p3-t1 MAIN - [IS0100] SQL store: Infinispan cache store configuration for keyStore.jwkSetHistoryMap:
2025-05-08T13:59:11,305 INFO blocking-thread--p3-t1 MAIN - [IS0000] Infinispan SQL store: Record transformer class: com.nimbusds.keystore.impl.persistence.sql.JWKSetHistoryTransformer 
2025-05-08T13:59:11,305 INFO blocking-thread--p3-t1 MAIN - [IS0001] Infinispan SQL store: Query executor class: not specified 
2025-05-08T13:59:11,305 INFO blocking-thread--p3-t1 MAIN - [IS0002] Infinispan SQL store: SQL dialect: sqlDialect=H2 
2025-05-08T13:59:11,305 INFO blocking-thread--p3-t1 MAIN - [IS0004] Infinispan SQL store: Create table if missing: createTableIfMissing=true 
2025-05-08T13:59:11,305 INFO blocking-thread--p3-t1 MAIN - [IS0009] Infinispan SQL store: Create table ignore errors: createTableIgnoreErrors=false 
2025-05-08T13:59:11,305 INFO blocking-thread--p3-t1 MAIN - [IS0008] Infinispan SQL store: Connection pool reference: keyStore.jwkSetMap 
2025-05-08T13:59:11,305 INFO blocking-thread--p3-t1 MAIN - [IS0010] Infinispan SQL store: Expired record select query page limit: 250
2025-05-08T13:59:11,305 INFO blocking-thread--p3-t1 MAIN - [IS0140] SQL store: Expiration thread wake up interval for cache keyStore.jwkSetHistoryMap: 0
2025-05-08T13:59:11,306 INFO blocking-thread--p3-t1 MAIN - [IS0102] Initialized SQL external store for cache keyStore.jwkSetHistoryMap with table jwks_history
2025-05-08T13:59:11,306 INFO blocking-thread--p3-t1 MAIN - [IS0138] SQL store: Deferred start of store using a shared connection pool: keyStore.jwkSetHistoryMap
2025-05-08T13:59:11,307 INFO main CONTAINER - ISPN000025: wakeUpInterval is <= 0, not starting expired purge thread
2025-05-08T13:59:11,310 INFO blocking-thread--p3-t1 MAIN - [IS0100] SQL store: Infinispan cache store configuration for keyStore.jwkSetMap:
2025-05-08T13:59:11,310 INFO blocking-thread--p3-t1 MAIN - [IS0000] Infinispan SQL store: Record transformer class: com.nimbusds.keystore.impl.persistence.sql.JWKSetTransformer 
2025-05-08T13:59:11,310 INFO blocking-thread--p3-t1 MAIN - [IS0001] Infinispan SQL store: Query executor class: not specified 
2025-05-08T13:59:11,310 INFO blocking-thread--p3-t1 MAIN - [IS0002] Infinispan SQL store: SQL dialect: sqlDialect=H2 
2025-05-08T13:59:11,310 INFO blocking-thread--p3-t1 MAIN - [IS0004] Infinispan SQL store: Create table if missing: createTableIfMissing=true 
2025-05-08T13:59:11,310 INFO blocking-thread--p3-t1 MAIN - [IS0009] Infinispan SQL store: Create table ignore errors: createTableIgnoreErrors=false 
2025-05-08T13:59:11,310 INFO blocking-thread--p3-t1 MAIN - [IS0008] Infinispan SQL store: Connection pool reference: not specified 
2025-05-08T13:59:11,310 INFO blocking-thread--p3-t1 MAIN - [IS0010] Infinispan SQL store: Expired record select query page limit: 250
2025-05-08T13:59:11,310 INFO blocking-thread--p3-t1 MAIN - [IS0005] Infinispan SQL store: Data source class name: org.h2.jdbcx.JdbcDataSource 
2025-05-08T13:59:11,311 INFO blocking-thread--p3-t1 MAIN - [IS0006] Infinispan SQL store: Data source URL: jdbc:h2:file:/home/radu/TAK-Server/src/oidf-server/tomcat/../h2/c2id;DATABASE_TO_UPPER=false 
2025-05-08T13:59:11,311 INFO blocking-thread--p3-t1 MAIN - [IS0140] SQL store: Expiration thread wake up interval for cache keyStore.jwkSetMap: 0
2025-05-08T13:59:11,311 INFO blocking-thread--p3-t1 MAIN - [IS0102] Initialized SQL external store for cache keyStore.jwkSetMap with table jwks
2025-05-08T13:59:11,645 INFO blocking-thread--p3-t1 MAIN - [IS0161] SQL store: Resuming start for authzStore.idAccessTokenMap using the connection pool of keyStore.jwkSetMap
2025-05-08T13:59:11,653 INFO blocking-thread--p3-t1 MAIN - [IS0143] SQL store: Transaction isolation for cache authzStore.idAccessTokenMap: TRANSACTION_READ_COMMITTED
2025-05-08T13:59:12,164 INFO blocking-thread--p3-t1 MAIN - [IS0136] SQL store: Executing create table id_access_tokens (if missing?) for cache authzStore.idAccessTokenMap
2025-05-08T13:59:12,217 INFO blocking-thread--p3-t1 MAIN - [IS0129] SQL store: Create table id_access_tokens (if missing?) for cache authzStore.idAccessTokenMap returned 0 changed rows
2025-05-08T13:59:12,217 INFO blocking-thread--p3-t1 MAIN - [IS0133] SQL store: Found table transformer
2025-05-08T13:59:12,662 INFO blocking-thread--p3-t1 MAIN - [IS0104] Started SQL external store connector for cache authzStore.idAccessTokenMap with table id_access_tokens
2025-05-08T13:59:12,663 INFO blocking-thread--p3-t1 MAIN - [IS0161] SQL store: Resuming start for authzStore.longLivedAuthzMap using the connection pool of keyStore.jwkSetMap
2025-05-08T13:59:12,664 INFO blocking-thread--p3-t1 MAIN - [IS0143] SQL store: Transaction isolation for cache authzStore.longLivedAuthzMap: TRANSACTION_READ_COMMITTED
2025-05-08T13:59:12,664 INFO blocking-thread--p3-t1 MAIN - [IS0136] SQL store: Executing create table long_lived_authorizations (if missing?) for cache authzStore.longLivedAuthzMap
2025-05-08T13:59:12,667 INFO blocking-thread--p3-t1 MAIN - [IS0129] SQL store: Create table long_lived_authorizations (if missing?) for cache authzStore.longLivedAuthzMap returned 0 changed rows
2025-05-08T13:59:12,667 INFO blocking-thread--p3-t1 MAIN - [IS0133] SQL store: Found table transformer
2025-05-08T13:59:12,670 INFO blocking-thread--p3-t1 MAIN - [IS0104] Started SQL external store connector for cache authzStore.longLivedAuthzMap with table long_lived_authorizations
2025-05-08T13:59:12,670 INFO blocking-thread--p3-t1 MAIN - [IS0161] SQL store: Resuming start for authzStore.revocationJournalMap using the connection pool of keyStore.jwkSetMap
2025-05-08T13:59:12,670 INFO blocking-thread--p3-t1 MAIN - [IS0143] SQL store: Transaction isolation for cache authzStore.revocationJournalMap: TRANSACTION_READ_COMMITTED
2025-05-08T13:59:12,670 INFO blocking-thread--p3-t1 MAIN - [IS0136] SQL store: Executing create table revocation_journal (if missing?) for cache authzStore.revocationJournalMap
2025-05-08T13:59:12,671 INFO blocking-thread--p3-t1 MAIN - [IS0129] SQL store: Create table revocation_journal (if missing?) for cache authzStore.revocationJournalMap returned 0 changed rows
2025-05-08T13:59:12,671 INFO blocking-thread--p3-t1 MAIN - [IS0104] Started SQL external store connector for cache authzStore.revocationJournalMap with table revocation_journal
2025-05-08T13:59:12,671 INFO blocking-thread--p3-t1 MAIN - [IS0161] SQL store: Resuming start for clients.registrationsMap using the connection pool of keyStore.jwkSetMap
2025-05-08T13:59:12,672 INFO blocking-thread--p3-t1 MAIN - [IS0143] SQL store: Transaction isolation for cache clients.registrationsMap: TRANSACTION_READ_COMMITTED
2025-05-08T13:59:12,672 INFO blocking-thread--p3-t1 MAIN - [IS0136] SQL store: Executing create table clients (if missing?) for cache clients.registrationsMap
2025-05-08T13:59:12,676 INFO blocking-thread--p3-t1 MAIN - [IS0129] SQL store: Create table clients (if missing?) for cache clients.registrationsMap returned 0 changed rows
2025-05-08T13:59:12,677 INFO blocking-thread--p3-t1 MAIN - [IS0133] SQL store: Found table transformer
2025-05-08T13:59:12,693 INFO blocking-thread--p3-t1 MAIN - [IS0104] Started SQL external store connector for cache clients.registrationsMap with table clients
2025-05-08T13:59:12,693 INFO blocking-thread--p3-t1 MAIN - [IS0161] SQL store: Resuming start for federation.registrationsMap using the connection pool of keyStore.jwkSetMap
2025-05-08T13:59:12,693 INFO blocking-thread--p3-t1 MAIN - [IS0143] SQL store: Transaction isolation for cache federation.registrationsMap: TRANSACTION_READ_COMMITTED
2025-05-08T13:59:12,693 INFO blocking-thread--p3-t1 MAIN - [IS0136] SQL store: Executing create table federation_clients (if missing?) for cache federation.registrationsMap
2025-05-08T13:59:12,694 INFO blocking-thread--p3-t1 MAIN - [IS0129] SQL store: Create table federation_clients (if missing?) for cache federation.registrationsMap returned 0 changed rows
2025-05-08T13:59:12,694 INFO blocking-thread--p3-t1 MAIN - [IS0104] Started SQL external store connector for cache federation.registrationsMap with table federation_clients
2025-05-08T13:59:12,694 INFO blocking-thread--p3-t1 MAIN - [IS0161] SQL store: Resuming start for keyStore.jwkSetHistoryMap using the connection pool of keyStore.jwkSetMap
2025-05-08T13:59:12,695 INFO blocking-thread--p3-t1 MAIN - [IS0143] SQL store: Transaction isolation for cache keyStore.jwkSetHistoryMap: TRANSACTION_READ_COMMITTED
2025-05-08T13:59:12,695 INFO blocking-thread--p3-t1 MAIN - [IS0136] SQL store: Executing create table jwks_history (if missing?) for cache keyStore.jwkSetHistoryMap
2025-05-08T13:59:12,695 INFO blocking-thread--p3-t1 MAIN - [IS0129] SQL store: Create table jwks_history (if missing?) for cache keyStore.jwkSetHistoryMap returned 0 changed rows
2025-05-08T13:59:12,696 INFO blocking-thread--p3-t1 MAIN - [IS0104] Started SQL external store connector for cache keyStore.jwkSetHistoryMap with table jwks_history
2025-05-08T13:59:12,696 INFO blocking-thread--p3-t1 MAIN - [IS0143] SQL store: Transaction isolation for cache keyStore.jwkSetMap: TRANSACTION_READ_COMMITTED
2025-05-08T13:59:12,696 INFO blocking-thread--p3-t1 MAIN - [IS0136] SQL store: Executing create table jwks (if missing?) for cache keyStore.jwkSetMap
2025-05-08T13:59:12,697 INFO blocking-thread--p3-t1 MAIN - [IS0129] SQL store: Create table jwks (if missing?) for cache keyStore.jwkSetMap returned 0 changed rows
2025-05-08T13:59:12,697 INFO blocking-thread--p3-t1 MAIN - [IS0104] Started SQL external store connector for cache keyStore.jwkSetMap with table jwks
2025-05-08T13:59:12,697 INFO main CONTAINER - ISPN000025: wakeUpInterval is <= 0, not starting expired purge thread
2025-05-08T13:59:12,712 INFO blocking-thread--p3-t1 MAIN - [IS0100] SQL store: Infinispan cache store configuration for sessionStore.sessionMap:
2025-05-08T13:59:12,712 INFO blocking-thread--p3-t1 MAIN - [IS0000] Infinispan SQL store: Record transformer class: com.nimbusds.sessionstore.impl.persistence.sql.SubjectSessionTransformer 
2025-05-08T13:59:12,712 INFO blocking-thread--p3-t1 MAIN - [IS0001] Infinispan SQL store: Query executor class: not specified 
2025-05-08T13:59:12,712 INFO blocking-thread--p3-t1 MAIN - [IS0002] Infinispan SQL store: SQL dialect: sqlDialect=H2 
2025-05-08T13:59:12,712 INFO blocking-thread--p3-t1 MAIN - [IS0004] Infinispan SQL store: Create table if missing: createTableIfMissing=true 
2025-05-08T13:59:12,712 INFO blocking-thread--p3-t1 MAIN - [IS0009] Infinispan SQL store: Create table ignore errors: createTableIgnoreErrors=false 
2025-05-08T13:59:12,712 INFO blocking-thread--p3-t1 MAIN - [IS0008] Infinispan SQL store: Connection pool reference: keyStore.jwkSetMap 
2025-05-08T13:59:12,712 INFO blocking-thread--p3-t1 MAIN - [IS0010] Infinispan SQL store: Expired record select query page limit: 1000
2025-05-08T13:59:12,713 INFO blocking-thread--p3-t1 MAIN - [IS0140] SQL store: Expiration thread wake up interval for cache sessionStore.sessionMap: 600000
2025-05-08T13:59:12,713 INFO blocking-thread--p3-t1 MAIN - [IS0102] Initialized SQL external store for cache sessionStore.sessionMap with table subject_sessions
2025-05-08T13:59:12,713 INFO blocking-thread--p3-t1 MAIN - [IS0143] SQL store: Transaction isolation for cache sessionStore.sessionMap: TRANSACTION_READ_COMMITTED
2025-05-08T13:59:12,713 INFO blocking-thread--p3-t1 MAIN - [IS0136] SQL store: Executing create table subject_sessions (if missing?) for cache sessionStore.sessionMap
2025-05-08T13:59:12,715 INFO blocking-thread--p3-t1 MAIN - [IS0129] SQL store: Create table subject_sessions (if missing?) for cache sessionStore.sessionMap returned 0 changed rows
2025-05-08T13:59:12,715 INFO blocking-thread--p3-t1 MAIN - [IS0133] SQL store: Found table transformer
2025-05-08T13:59:12,718 INFO blocking-thread--p3-t1 MAIN - [IS0104] Started SQL external store connector for cache sessionStore.sessionMap with table subject_sessions
2025-05-08T13:59:12,722 INFO blocking-thread--p3-t1 MAIN - [IS0100] SQL store: Infinispan cache store configuration for sessionStore.subjectMap:
2025-05-08T13:59:12,722 INFO blocking-thread--p3-t1 MAIN - [IS0000] Infinispan SQL store: Record transformer class: com.nimbusds.sessionstore.impl.persistence.sql.SubjectIndexTransformer 
2025-05-08T13:59:12,722 INFO blocking-thread--p3-t1 MAIN - [IS0001] Infinispan SQL store: Query executor class: not specified 
2025-05-08T13:59:12,722 INFO blocking-thread--p3-t1 MAIN - [IS0002] Infinispan SQL store: SQL dialect: sqlDialect=H2 
2025-05-08T13:59:12,722 INFO blocking-thread--p3-t1 MAIN - [IS0004] Infinispan SQL store: Create table if missing: createTableIfMissing=true 
2025-05-08T13:59:12,722 INFO blocking-thread--p3-t1 MAIN - [IS0009] Infinispan SQL store: Create table ignore errors: createTableIgnoreErrors=false 
2025-05-08T13:59:12,722 INFO blocking-thread--p3-t1 MAIN - [IS0008] Infinispan SQL store: Connection pool reference: keyStore.jwkSetMap 
2025-05-08T13:59:12,722 INFO blocking-thread--p3-t1 MAIN - [IS0010] Infinispan SQL store: Expired record select query page limit: 250
2025-05-08T13:59:12,722 INFO blocking-thread--p3-t1 MAIN - [IS0140] SQL store: Expiration thread wake up interval for cache sessionStore.subjectMap: 0
2025-05-08T13:59:12,723 INFO blocking-thread--p3-t1 MAIN - [IS0102] Initialized SQL external store for cache sessionStore.subjectMap with table subject_index
2025-05-08T13:59:12,723 INFO blocking-thread--p3-t1 MAIN - [IS0143] SQL store: Transaction isolation for cache sessionStore.subjectMap: TRANSACTION_READ_COMMITTED
2025-05-08T13:59:12,723 INFO blocking-thread--p3-t1 MAIN - [IS0136] SQL store: Executing create table subject_index (if missing?) for cache sessionStore.subjectMap
2025-05-08T13:59:12,724 INFO blocking-thread--p3-t1 MAIN - [IS0129] SQL store: Create table subject_index (if missing?) for cache sessionStore.subjectMap returned 0 changed rows
2025-05-08T13:59:12,724 INFO blocking-thread--p3-t1 MAIN - [IS0104] Started SQL external store connector for cache sessionStore.subjectMap with table subject_index
2025-05-08T13:59:12,725 INFO main CONTAINER - ISPN000025: wakeUpInterval is <= 0, not starting expired purge thread
2025-05-08T13:59:12,763 INFO main MAIN - [KS0300] Infinispan cache manager status: RUNNING
2025-05-08T13:59:12,764 INFO main MAIN - Loaded properties file /WEB-INF/keyStore.properties
2025-05-08T13:59:12,766 INFO main MAIN - [KS0307] Overriding system properties: []
2025-05-08T13:59:12,834 INFO main MAIN - [KS0100] Key store AES encryption JWK: size=128 kid=null thumbprint=EjhINBvDjzr-KPv7IP6Ty5XQiFBM34Mh3NoBv8kcNao
2025-05-08T13:59:12,834 WARN main MAIN - [KS0101] The key store is configured with the demo AES encryption JWK, generate a new JWK for production use: https://connect2id.com/products/server/docs/config/jwk-set
2025-05-08T13:59:12,841 INFO main MAIN - [KS1000] Initialized key store
2025-05-08T13:59:12,842 INFO main MAIN - [KS0304] Started key store
2025-05-08T13:59:12,843 INFO main MAIN - [TR0002] Created single-tenant manager
2025-05-08T13:59:12,845 INFO main MAIN - [AS0400] Infinispan cache manager status: RUNNING
2025-05-08T13:59:12,846 INFO main MAIN - Loaded properties file /WEB-INF/authzStore.properties
2025-05-08T13:59:12,848 INFO main MAIN - Loaded properties file /WEB-INF/oidcProvider.properties
2025-05-08T13:59:12,848 INFO main MAIN - [AS0412] Overriding system properties: []
2025-05-08T13:59:12,868 INFO main MAIN - [AS0000] Authorization code lifetime: 300 s
2025-05-08T13:59:12,868 INFO main MAIN - [AS0001] Default access token lifetime: 600 s
2025-05-08T13:59:12,868 INFO main MAIN - [AS0003] Self-contained access token JWS algorithm: RS256
2025-05-08T13:59:12,868 INFO main MAIN - [AS0033] Self-contained access token JWE algorithm: dir
2025-05-08T13:59:12,869 INFO main MAIN - [AS0034] Self-contained access token JWE method: A128GCM
2025-05-08T13:59:12,869 INFO main MAIN - [AS0036] Self-contained access token include "x5c" JWT header: true
2025-05-08T13:59:12,869 INFO main MAIN - [AS0006] Direct access token inspection is allowed: false
2025-05-08T13:59:12,869 WARN main MAIN - [AS0032] Disabled public subject security in self-contained access tokens: false
2025-05-08T13:59:12,869 INFO main MAIN - [AS0012] Default refresh token lifetime: 0 s
2025-05-08T13:59:12,869 INFO main MAIN - [AS0013] Default rotate refresh token: false
2025-05-08T13:59:12,869 INFO main MAIN - [AS0010] Always update refresh token (deprecated): false
2025-05-08T13:59:12,869 INFO main MAIN - [AS0014] Rotated refresh token reuse grace period: 5 s
2025-05-08T13:59:12,869 INFO main MAIN - [AS0050] Revocation timestamp check bias: 0 s
2025-05-08T13:59:12,869 INFO main MAIN - [AS0040] Pairwise subjects: Pad local subjects to length: no padding
2025-05-08T13:59:12,869 INFO main MAIN - [AS0030] Authorization store API access token configured / API enabled: true
2025-05-08T13:59:12,869 INFO main MAIN - [AS0031] Additional authorization store API access tokens: 0
2025-05-08T13:59:12,869 INFO main MAIN - [AS0029] Highly-available mode enabled: true
2025-05-08T13:59:12,869 INFO main MAIN - [AS0028] Discarded attributes: []
2025-05-08T13:59:12,870 INFO main MAIN - [AS0011] Issue legacy refresh tokens: false
2025-05-08T13:59:12,870 INFO main MAIN - Loaded properties file /WEB-INF/claimsCompression.properties
2025-05-08T13:59:13,009 INFO main MAIN - [AS0413] Validated optional symmetric encryption key for self-contained access tokens
2025-05-08T13:59:13,031 INFO main MAIN - [AS0540] Loaded class com.nimbusds.authzstore.codecs.DefaultSelfContainedAccessTokenClaimsCodec
2025-05-08T13:59:13,033 INFO main MAIN - [AS0530] Loaded class com.nimbusds.authzstore.codecs.DefaultIdentifierAccessTokenCodec
2025-05-08T13:59:13,038 INFO main MAIN - [AS0236] Code map entry count strategy: DEFAULT
2025-05-08T13:59:13,040 INFO main MAIN - [AS0235] Identifier-based access token map entry count strategy: DIRECT
2025-05-08T13:59:13,042 INFO main MAIN - [AS0234] Long-lived authorization map entry count strategy: DIRECT
2025-05-08T13:59:13,043 INFO main MAIN - [AS0237] Revocation journal map entry count strategy: DIRECT
2025-05-08T13:59:13,044 INFO main MAIN - [AS0330] Expended token map entry count strategy: DEFAULT
2025-05-08T13:59:13,047 INFO main MAIN - [AS0200] Completed initialization of the Infinispan authorization store
2025-05-08T13:59:13,047 INFO main MAIN - [AS0410] Started authorization store
2025-05-08T13:59:13,048 INFO main MAIN - [SS0300] Infinispan cache manager status: RUNNING
2025-05-08T13:59:13,048 INFO main MAIN - Loaded properties file /WEB-INF/sessionStore.properties
2025-05-08T13:59:13,049 INFO main MAIN - [SS0307] Overriding system properties: []
2025-05-08T13:59:13,049 INFO main MAIN - [SS0120] Orphaned subject key purge interval: -1s
2025-05-08T13:59:13,050 INFO main MAIN - Loaded properties file /WEB-INF/sessionStore.properties
2025-05-08T13:59:13,050 INFO main MAIN - [SS0306] Overriding system properties: []
2025-05-08T13:59:13,051 INFO main MAIN - [SS0100] Default max subject session lifetime: 259200 minutes
2025-05-08T13:59:13,052 INFO main MAIN - [SS0102] Default subject authentication lifetime: 43200 minutes
2025-05-08T13:59:13,053 INFO main MAIN - [SS0104] Default max idle subject session time: 14400 minutes
2025-05-08T13:59:13,053 INFO main MAIN - [SS0106] Web and native client group session quota per subject: 5
2025-05-08T13:59:13,053 INFO main MAIN - [SS0111] Native IdP app session quota per subject: 1
2025-05-08T13:59:13,053 INFO main MAIN - [SS0107] Policy on subject session quota exhaustion: CLOSE_OLD_SESSION
2025-05-08T13:59:13,053 INFO main MAIN - [SS0109] Session store API access token configured / API enabled: true
2025-05-08T13:59:13,053 INFO main MAIN - [SS0112] Additional session store API access tokens: 0
2025-05-08T13:59:13,053 INFO main MAIN - [SS0110] Accepts legacy SIDs (without appended HMAC): false
2025-05-08T13:59:13,070 INFO main MAIN - [SS0211] Subject session map entry count strategy: DIRECT_WITH_PASSIVATION
2025-05-08T13:59:13,073 INFO main MAIN - [SS0207] Task to remove orphaned subject keys not scheduled
2025-05-08T13:59:13,073 INFO main MAIN - [SS0304] Started subject session store
2025-05-08T13:59:13,093 INFO main MAIN - [OP0115] Connect2id server version: 18.0
2025-05-08T13:59:13,094 INFO main MAIN - [OP0130] Starting Connect2id server on lenss-10/127.0.1.1
2025-05-08T13:59:13,283 INFO main MAIN - [OP0147] Installed BouncyCastle JCA provider for JOSE algorithms: [XC20P, A256CBC+HS512, EdDSA, RSA-OAEP-384, A128CBC+HS256]
2025-05-08T13:59:13,284 INFO main MAIN - Loaded properties file /WEB-INF/oidcProvider.properties
2025-05-08T13:59:13,284 INFO main MAIN - [OP0128] Overriding system properties: []
2025-05-08T13:59:13,425 WARN main MAIN - [OP0001] Invalid OP / AS issuer: http://127.0.0.1:8080/c2id
2025-05-08T13:59:13,425 INFO main MAIN - [OP0009] Issuer alias mode: MIGRATION
2025-05-08T13:59:13,425 INFO main MAIN - [OP0002] Policy URI: none
2025-05-08T13:59:13,425 INFO main MAIN - [OP0003] Terms of service URI: none
2025-05-08T13:59:13,425 INFO main MAIN - [OP0004] Service documentation URI: none
2025-05-08T13:59:13,425 INFO main MAIN - [OP0007] Splash page: urn:c2id:splash_page:default
2025-05-08T13:59:13,425 INFO main MAIN - [OP0005] Custom OP / AS metadata: none
2025-05-08T13:59:13,425 INFO main MAIN - [OP0008] Published OP / AS metadata overlay: none
2025-05-08T13:59:13,425 INFO main MAIN - [OP5102] Client registry configuration:
2025-05-08T13:59:13,426 INFO main MAIN - [OP5103] Client registration endpoint allows open registration: false
2025-05-08T13:59:13,426 INFO main MAIN - [OP5104] Client registration rejects non-TLS (unprotected) redirection URIs: true
2025-05-08T13:59:13,426 INFO main MAIN - [OP5114] Client registration allows localhost redirection URIs for testing and development purposes: false
2025-05-08T13:59:13,426 INFO main MAIN - [OP5115] Client registration allows non-TLS front and back-channel logout URIs for testing and development purposes: false
2025-05-08T13:59:13,426 INFO main MAIN - [OP5101] Client registration endpoint allows provider managed sector ID URNs: false
2025-05-08T13:59:13,426 INFO main MAIN - [OP5105] Client registration access token length: 32 bytes
2025-05-08T13:59:13,426 INFO main MAIN - [OP5110] Client registration access token length refreshed on update: true
2025-05-08T13:59:13,426 INFO main MAIN - [OP5106] Client ID length: 8 bytes
2025-05-08T13:59:13,426 INFO main MAIN - [OP5108] Client secret lifetime: 0 hours
2025-05-08T13:59:13,426 INFO main MAIN - [OP5111] Client secret always refreshed on update: true
2025-05-08T13:59:13,426 INFO main MAIN - [OP5113] Client request URI quota: 10
2025-05-08T13:59:13,426 INFO main MAIN - [OP5112] Client registration initial access token requires audience: true
2025-05-08T13:59:13,426 INFO main MAIN - [OP5109] Client registration master API access token configured / API enabled: true
2025-05-08T13:59:13,426 INFO main MAIN - [OP5190] Resource retriever HTTP connect timeout: 1000ms
2025-05-08T13:59:13,426 INFO main MAIN - [OP5191] Resource retriever HTTP read timeout: 1000ms
2025-05-08T13:59:13,426 INFO main MAIN - [OP0090] Disabled SSO for selected clients: none
2025-05-08T13:59:13,427 INFO main MAIN - [OP0091] Native client group SSO enabled: false
2025-05-08T13:59:13,427 INFO main MAIN - [OP0060] Pairwise subjects: Pad local subjects to length: no padding
2025-05-08T13:59:13,427 INFO main MAIN - [OP1000] ID token default lifetime: 300 seconds
2025-05-08T13:59:13,431 INFO main MAIN - [OP1001] ID token JWS algorithms: RS256, RS384, RS512, PS256, PS384, PS512, ES256, ES256K, ES384, ES512, HS256, HS384, HS512, EdDSA
2025-05-08T13:59:13,431 INFO main MAIN - [OP1003] ID token JWE algorithms: RSA-OAEP-256, RSA-OAEP-384, RSA-OAEP-512, ECDH-ES, ECDH-ES+A128KW, ECDH-ES+A192KW, ECDH-ES+A256KW, dir, A128KW, A192KW, A256KW, A128GCMKW, A192GCMKW, A256GCMKW
2025-05-08T13:59:13,432 INFO main MAIN - [OP1004] ID token JWE methods: A128CBC-HS256, A192CBC-HS384, A256CBC-HS512, A128GCM, A192GCM, A256GCM, XC20P
2025-05-08T13:59:13,432 INFO main MAIN - [OP1005] ID token includes s_hash: disabled
2025-05-08T13:59:13,432 INFO main MAIN - [OP1009] ID token includes jti: disabled
2025-05-08T13:59:13,432 INFO main MAIN - [OP1010] ID token includes x5c: enabled
2025-05-08T13:59:13,432 INFO main MAIN - [OP2015] ID token includes subject session claims: * (all)
2025-05-08T13:59:13,432 INFO main MAIN - [OP1002] ID token issue ignores claims sources exceptions: true
2025-05-08T13:59:13,432 INFO main MAIN - [OP1006] ID token JWT 'typ' (type): null
2025-05-08T13:59:13,432 INFO main MAIN - [OP0011] Supported authorization_details types: null
2025-05-08T13:59:13,432 INFO main MAIN - [OP0030] PAR lifetime: 60 seconds
2025-05-08T13:59:13,432 INFO main MAIN - [OP0031] PAR required: false
2025-05-08T13:59:13,432 WARN main MAIN - [OP2004] Authorization endpoint (consider using HTTPS): http://127.0.0.1:8080/c2id-login
2025-05-08T13:59:13,432 INFO main MAIN - [OP2005] Authorization session lifetime: 15 minutes
2025-05-08T13:59:13,432 INFO main MAIN - [OP2006] Enabled OAuth 2.0 response types: code, token, id_token, id_token token, code id_token, code id_token token
2025-05-08T13:59:13,433 INFO main MAIN - [OP2016] Enabled OAuth 2.0 response modes: query, fragment, form_post, query.jwt, fragment.jwt, form_post.jwt, jwt
2025-05-08T13:59:13,433 INFO main MAIN - [OP2032] Prohibit switch between basic query and fragment response_mode: false
2025-05-08T13:59:13,433 INFO main MAIN - [OP2045] Scope limited to registered: true
2025-05-08T13:59:13,433 INFO main MAIN - [OP2017] Accepted request JWS algorithms: [HS256, HS384, HS512, RS256, RS384, RS512, PS256, PS384, PS512, ES256, ES256K, ES384, ES512]
2025-05-08T13:59:13,433 INFO main MAIN - [OP2025] Accepted request JWE algorithms: [RSA-OAEP-256, RSA-OAEP-384, RSA-OAEP-512, ECDH-ES, ECDH-ES+A128KW, ECDH-ES+A192KW, ECDH-ES+A256KW, dir]
2025-05-08T13:59:13,433 INFO main MAIN - [OP2026] Accepted request JWE encryption methods: [A128CBC-HS256, A192CBC-HS384, A256CBC-HS512, A128GCM, A192GCM, A256GCM, XC20P]
2025-05-08T13:59:13,433 INFO main MAIN - [OP2033] Accepted JARM JWS algorithms: [HS256, HS384, HS512, RS256, RS384, RS512, PS256, PS384, PS512, ES256, ES256K, ES384, ES512, EdDSA]
2025-05-08T13:59:13,433 INFO main MAIN - [OP2034] Accepted JARM JWE algorithms: [RSA-OAEP-256, RSA-OAEP-384, RSA-OAEP-512, ECDH-ES, ECDH-ES+A128KW, ECDH-ES+A192KW, ECDH-ES+A256KW, dir]
2025-05-08T13:59:13,433 INFO main MAIN - [OP2035] Accepted JARM JWE encryption methods: [A128CBC-HS256, A192CBC-HS384, A256CBC-HS512, A128GCM, A192GCM, A256GCM, XC20P]
2025-05-08T13:59:13,433 INFO main MAIN - [OP2038] JARM JWT includes x5c: enabled
2025-05-08T13:59:13,433 INFO main MAIN - [OP2013] Include OAuth 2.0 client information in auth prompt: false
2025-05-08T13:59:13,434 INFO main MAIN - [OP2020] Include OAuth 2.0 client information in final response: false
2025-05-08T13:59:13,434 INFO main MAIN - [OP2021] Include subject session in final response: false
2025-05-08T13:59:13,434 INFO main MAIN - [OP2014] Include other previously consented scope and claims in consent prompt: false
2025-05-08T13:59:13,434 INFO main MAIN - [OP2028] Include raw OpenID claims request parameter in consent prompt: false
2025-05-08T13:59:13,434 INFO main MAIN - [OP2036] Authorization parameters to include in auth prompt: []
2025-05-08T13:59:13,434 INFO main MAIN - [OP2037] Authorization parameters to include in consent prompt: []
2025-05-08T13:59:13,434 INFO main MAIN - [OP2018] Always prompt for authentication: false
2025-05-08T13:59:13,434 INFO main MAIN - [OP2002] Always prompt for consent: false
2025-05-08T13:59:13,434 INFO main MAIN - [OP2001] Always prompt mode: PROMPT_NONE
2025-05-08T13:59:13,434 INFO main MAIN - [OP2000] ID token hint (id_token_hint) required with prompt=none: false
2025-05-08T13:59:13,434 INFO main MAIN - [OP2042] Always require redirect_uri: false
2025-05-08T13:59:13,434 INFO main MAIN - [OP2029] Allowed PKCE methods: [plain, S256]
2025-05-08T13:59:13,434 INFO main MAIN - [OP2027] Required PKCE methods: []
2025-05-08T13:59:13,434 INFO main MAIN - [OP2030] Request JWT policy for OAuth: STRICT
2025-05-08T13:59:13,434 INFO main MAIN - [OP2031] Request JWT policy for OpenID Connect: MERGE_UNSECURED
2025-05-08T13:59:13,434 INFO main MAIN - [OP2043] Always require signed request JWT: false
2025-05-08T13:59:13,434 INFO main MAIN - [OP2023] Request JWT exp required: false
2025-05-08T13:59:13,434 INFO main MAIN - [OP2039] Request JWT nbf required: false
2025-05-08T13:59:13,435 INFO main MAIN - [OP2040] Max lifetime of request JWT exp: not specified
2025-05-08T13:59:13,435 INFO main MAIN - [OP2041] Max age of request JWT nbf: not specified
2025-05-08T13:59:13,435 INFO main MAIN - [OP2024] Request JWTs must include all authorization request parameters: false
2025-05-08T13:59:13,435 INFO main MAIN - [OP2044] Always require signed response: false
2025-05-08T13:59:13,435 INFO main MAIN - [OP2019] Additional custom error codes for the authorization endpoint: []
2025-05-08T13:59:13,435 INFO main MAIN - [OP2008] Advertised OAuth 2.0 scopes: openid
2025-05-08T13:59:13,435 INFO main MAIN - [OP2009] Advertised OpenID Connect claims: sub
2025-05-08T13:59:13,435 INFO main MAIN - [OP2010] Advertised ACRs: null
2025-05-08T13:59:13,435 INFO main MAIN - [OP2011] Advertised display types: page
2025-05-08T13:59:13,435 INFO main MAIN - [OP2012] Advertised UI locales: null
2025-05-08T13:59:13,435 INFO main MAIN - [OP2022] Additional authorization API access tokens: 0
2025-05-08T13:59:13,435 INFO main MAIN - [OP6100] Client authentication methods: client_secret_basic, client_secret_post, client_secret_jwt, private_key_jwt, none
2025-05-08T13:59:13,435 INFO main MAIN - [OP6101] Client authentication JWS algorithms: HS256, HS384, HS512, RS256, RS384, RS512, PS256, PS384, PS512, ES256, ES256K, ES384, ES512
2025-05-08T13:59:13,435 INFO main MAIN - [OP6109] JWT authentication audience check: LEGACY
2025-05-08T13:59:13,435 INFO main MAIN - [OP6110] JWT authentication audience check JSON query: none
2025-05-08T13:59:13,435 INFO main MAIN - [OP6107] Prevent client_secret_jwt and private_key_jwt replay: true
2025-05-08T13:59:13,436 INFO main MAIN - [OP6108] Maximum exp time ahead for client_secret_jwt and private_key_jwt: disabled
2025-05-08T13:59:13,436 INFO main MAIN - [OP6105] Token endpoint requires client X.509 certificate: false
2025-05-08T13:59:13,436 INFO main MAIN - [OP6106] Token introspection prune audience: true
2025-05-08T13:59:13,436 INFO main MAIN - [OP6103] Token introspection response always JWT: false
2025-05-08T13:59:13,436 INFO main MAIN - [OP6104] Token introspection JWT 'typ' (type): token-introspection+jwt
2025-05-08T13:59:13,436 INFO main MAIN - [OP7200] UserInfo endpoint JWS algorithms: RS256, RS384, RS512, PS256, PS384, PS512, ES256, ES256K, ES384, ES512, HS256, HS384, HS512, EdDSA
2025-05-08T13:59:13,436 INFO main MAIN - [OP7202] UserInfo endpoint JWE algorithms: RSA-OAEP-256, RSA-OAEP-384, RSA-OAEP-512, ECDH-ES, ECDH-ES+A128KW, ECDH-ES+A192KW, ECDH-ES+A256KW, dir, A128KW, A192KW, A256KW, A128GCMKW, A192GCMKW, A256GCMKW
2025-05-08T13:59:13,436 INFO main MAIN - [OP7204] UserInfo endpoint JWE methods: A128CBC-HS256, A192CBC-HS384, A256CBC-HS512, A128GCM, A192GCM, A256GCM, XC20P
2025-05-08T13:59:13,436 INFO main MAIN - [OP7206] UserInfo endpoint allows access token in URI query: false
2025-05-08T13:59:13,436 INFO main MAIN - [OP7207] UserInfo JWT 'typ' (type): null
2025-05-08T13:59:13,436 INFO main MAIN - [OP2700] Logout (end-session) endpoint disabled
2025-05-08T13:59:13,436 INFO main MAIN - [OP2772] Back-channel logout tokens explicitly typed with JWT logout+jwt type ("typ") header: true
2025-05-08T13:59:13,436 INFO main MAIN - [OP2770] Back-channel logout HTTP connect timeout: 1000ms
2025-05-08T13:59:13,436 INFO main MAIN - [OP2771] Back-channel logout HTTP read timeout: 1000ms
2025-05-08T13:59:13,436 INFO main MAIN - [OP2800] Check session iframe: disabled
2025-05-08T13:59:13,437 INFO main MAIN - [OP0081] CIBA enabled: false
2025-05-08T13:59:13,437 INFO main MAIN - [OP0040] OpenID Federation: Enabled: false
2025-05-08T13:59:13,437 INFO main MAIN - [OP0020] Supports identity assurance / verified claims: false
2025-05-08T13:59:13,437 INFO main MAIN - [OP2910] General STS API access token configured / API enabled: false
2025-05-08T13:59:13,437 INFO main MAIN - [OP2911] STS private_key_jwt API access token configured / API enabled: false
2025-05-08T13:59:13,437 INFO main MAIN - [OP2911] STS login_hint_token API access token configured / API enabled: false
2025-05-08T13:59:13,437 INFO main MAIN - [OP2911] STS JAR API access token configured / API enabled: false
2025-05-08T13:59:13,437 INFO main MAIN - [OP2913] STS login_hint_token direct issue allowed (API access token not required): false 
2025-05-08T13:59:13,437 INFO main MAIN - [OP6901] Client X.509 certificates accepted
2025-05-08T13:59:13,437 INFO main MAIN - [OP6900] TLS termination proxy: Client X.509 certificate HTTP header: not configured
2025-05-08T13:59:13,439 INFO main MAIN - [OP0006] OP / AS issuer aliases: none
2025-05-08T13:59:13,439 INFO main MAIN - Loaded properties file /WEB-INF/keyStore.properties
2025-05-08T13:59:13,439 INFO main MAIN - [KS0303] Overriding system properties: []
2025-05-08T13:59:13,440 INFO main MAIN - [KS0156] Key store default size for new generated RSA JWKs: 2048 bits
2025-05-08T13:59:13,440 INFO main MAIN - [KS0154] Key store mode for OP JWK set context: DYNAMIC
2025-05-08T13:59:13,440 INFO main MAIN - [KS0154] Key store mode for FEDERATION JWK set context: DYNAMIC
2025-05-08T13:59:13,440 INFO main MAIN - [KS0150] Key store generate FEDERATION JWK set if empty: true
2025-05-08T13:59:13,440 INFO main MAIN - [KS0150] Key store generate OP JWK set if empty: true
2025-05-08T13:59:13,440 INFO main MAIN - [KS0160] Key store PKCS#11 enabled for FEDERATION JWK set: false
2025-05-08T13:59:13,440 INFO main MAIN - [KS0160] Key store PKCS#11 enabled for OP JWK set: false
2025-05-08T13:59:13,441 INFO main MAIN - [KS0154] Key store JWK set cache lifetime: 60s
2025-05-08T13:59:13,441 INFO main MAIN - [KS0152] Key store API access token configured / API enabled: false
2025-05-08T13:59:13,860 INFO main MAIN - [OP0119] Loaded OpenID claims map file /WEB-INF/customClaimsMap.properties with 0 entries
2025-05-08T13:59:13,861 INFO main MAIN - [OP0080] Custom scope value - OpenID claims map:
2025-05-08T13:59:13,866 INFO main MAIN - [OP0214] Created event dispatcher with 0 listeners in total
2025-05-08T13:59:13,874 INFO main MAIN - [PWW0000] Password grant handler enabled: true
2025-05-08T13:59:13,874 INFO main MAIN - [PWW0001] Password grant handler: Endpoint URL: http://127.0.0.1:8080/password-grant-handler
2025-05-08T13:59:13,875 INFO main MAIN - [PWW0002] Password grant handler: Accepted custom token request parameters: []
2025-05-08T13:59:13,875 INFO main MAIN - [PWW0005] Password grant handler: Included client metadata parameters: [scope, default_max_age, application_type, data, require_auth_time, subject_type, default_acr_values, sector_identifier_uri]
2025-05-08T13:59:13,875 INFO main MAIN - [PWW0003] Password grant handler: HTTP connect timeout: 250 ms
2025-05-08T13:59:13,875 INFO main MAIN - [PWW0004] Password grant handler: HTTP read timeout: 500 ms
2025-05-08T13:59:13,875 INFO main MAIN - [OP7106] Loaded PasswordGrantHandler: class=com.nimbusds.openid.connect.provider.spi.impl.grants.handlers.web.password.PasswordGrantDelegator enabled=true
2025-05-08T13:59:13,875 INFO main MAIN - [OP7103] Active password grant handler: class=com.nimbusds.openid.connect.provider.spi.impl.grants.handlers.web.password.PasswordGrantDelegator
2025-05-08T13:59:13,883 INFO main MAIN - [CGH0000] Client credentials grant handler enabled: true
2025-05-08T13:59:13,883 INFO main MAIN - [CGH0101] Access token lifetime: default
2025-05-08T13:59:13,884 INFO main MAIN - [CGH0102] Access token encoding: SELF_CONTAINED
2025-05-08T13:59:13,884 INFO main MAIN - [CGH0103] Access JWT encrypt: false
2025-05-08T13:59:13,884 INFO main MAIN - [CGH0104] Access token audience: null
2025-05-08T13:59:13,884 INFO main MAIN - [CGH0105] Client metadata fields to include in access tokens: []
2025-05-08T13:59:13,884 INFO main MAIN - [OP7106] Loaded ClientCredentialsGrantHandler: class=com.nimbusds.openid.connect.provider.spi.impl.grants.handlers.local.clientcredentials.SimpleClientCredentialsGrantHandler enabled=true
2025-05-08T13:59:13,884 INFO main MAIN - [CCW0000] Client credentials grant handler enabled: false
2025-05-08T13:59:13,885 INFO main MAIN - [OP7106] Loaded ClientCredentialsGrantHandler: class=com.nimbusds.openid.connect.provider.spi.impl.grants.handlers.web.clientcredentials.ClientCredentialsGrantDelegator enabled=false
2025-05-08T13:59:13,885 INFO main MAIN - [OP7103] Active client_credentials grant handler: class=com.nimbusds.openid.connect.provider.spi.impl.grants.handlers.local.clientcredentials.SimpleClientCredentialsGrantHandler
2025-05-08T13:59:13,893 INFO main MAIN - [SJH0000] JWT bearer grant handler enabled: true
2025-05-08T13:59:13,893 INFO main MAIN - [SJH0101] Access token lifetime: default
2025-05-08T13:59:13,893 INFO main MAIN - [SJH0102] Access token encoding: SELF_CONTAINED
2025-05-08T13:59:13,893 INFO main MAIN - [SJH0103] Access JWT encrypt: false
2025-05-08T13:59:13,893 INFO main MAIN - [SJH0104] Access token audience: null
2025-05-08T13:59:13,893 INFO main MAIN - [SJH0105] Client metadata fields to include in access tokens: []
2025-05-08T13:59:13,894 INFO main MAIN - [OP7106] Loaded SelfIssuedJWTGrantHandler: class=com.nimbusds.openid.connect.provider.spi.impl.grants.handlers.local.jwt.selfissued.SimpleSelfIssuedJWTGrantHandler enabled=true
2025-05-08T13:59:13,894 INFO main MAIN - [OP7103] Active urn:ietf:params:oauth:grant-type:jwt-bearer grant handler: class=com.nimbusds.openid.connect.provider.spi.impl.grants.handlers.local.jwt.selfissued.SimpleSelfIssuedJWTGrantHandler
2025-05-08T13:59:13,895 INFO main MAIN - [OP0251] No enabled ThirdPartyJWTGrantHandler found
2025-05-08T13:59:13,897 INFO main MAIN - [OP0251] No enabled SelfIssuedSAML2GrantHandler found
2025-05-08T13:59:13,900 INFO main MAIN - [OP0251] No enabled ThirdPartySAML2GrantHandler found
2025-05-08T13:59:13,908 INFO main MAIN - [TEW0000] Token exchange grant handler enabled: false
2025-05-08T13:59:13,908 INFO main MAIN - [OP7106] Loaded TokenExchangeGrantHandler: class=com.nimbusds.openid.connect.provider.spi.impl.grants.handlers.web.tokenexchange.TokenExchangeGrantDelegator enabled=false
2025-05-08T13:59:13,908 INFO main MAIN - [OP0251] No enabled TokenExchangeGrantHandler found
2025-05-08T13:59:13,914 INFO main MAIN - [OP0251] No enabled PrivateKeyJWTCertificateVerifier found
2025-05-08T13:59:13,933 INFO main MAIN - [CMC0001] Additional client metadata checks: true
2025-05-08T13:59:13,933 INFO main MAIN - [OP5177] Loaded FinalMetadataValidator: class=com.nimbusds.openid.connect.provider.reg.spi.AdditionalClientMetadataChecks enabled=true
2025-05-08T13:59:13,934 INFO main MAIN - [OP0135] Client registry entry count strategy: DIRECT
2025-05-08T13:59:13,934 INFO main MAIN - [OP0136] Client JWK set cache entry count strategy: DEFAULT
2025-05-08T13:59:13,934 INFO main MAIN - [OP0137] Request JWT cache entry count strategy: DEFAULT
2025-05-08T13:59:13,937 INFO main MAIN - [OP0106] Started the client registry
2025-05-08T13:59:13,939 INFO main FED-REG - [OP8042] Started periodic task for reaping expired federation client registrations
2025-05-08T13:59:13,939 INFO main MAIN - [OP0144] Started the federation client index and reaper
2025-05-08T13:59:13,942 INFO main MAIN - [CSLDAP0003] Initializing LDAP claims source...
2025-05-08T13:59:13,943 INFO main MAIN - [CSLDAP0002] Overriding system properties: 
2025-05-08T13:59:13,965 INFO main MAIN - [CSLDAP0000] LDAP claims source configuration:
2025-05-08T13:59:13,965 INFO main MAIN - [CSLDAP0001] LDAP claims source enabled: true
2025-05-08T13:59:13,965 INFO main MAIN - [CSLDAP0005] LDAP attribute map: /WEB-INF/ldapClaimsMap.json
2025-05-08T13:59:13,965 INFO main MAIN - [CM1001] LDAP server [0]: 127.0.0.1:11389 (transport security NONE)
2025-05-08T13:59:13,966 WARN main MAIN - [CM1002] LDAP server connection not protected (security=NONE), consider using STARTTLS or SSL
2025-05-08T13:59:13,966 INFO main MAIN - [CM1004] LDAP server connect timeout: 250 ms
2025-05-08T13:59:13,966 INFO main MAIN - [CM1005] LDAP server response timeout: Determined by LDAP client library
2025-05-08T13:59:13,966 INFO main MAIN - [CM1006] Self-signed LDAP server certificates are trusted: false
2025-05-08T13:59:13,966 INFO main MAIN - [CM1100] LDAP server connection pool size: 5
2025-05-08T13:59:13,966 INFO main MAIN - [CM1103] LDAP server connection pool initial size: 0
2025-05-08T13:59:13,966 INFO main MAIN - [CM1101] LDAP server connection pool max wait time: 250 ms
2025-05-08T13:59:13,966 INFO main MAIN - [CM1102] LDAP server connection pool max age: 0 ms
2025-05-08T13:59:13,972 INFO main MAIN - [CM1050] Directory user DN: uid=alice,ou=people,dc=wonderland,dc=net
2025-05-08T13:59:13,972 INFO main MAIN - LDAP claims source: Base DN: ou=people,dc=wonderland,dc=net
2025-05-08T13:59:13,972 INFO main MAIN - LDAP claims source: Search scope: ONE
2025-05-08T13:59:13,972 INFO main MAIN - LDAP claims source: Filter: (uid=%u)
2025-05-08T13:59:13,972 INFO main MAIN - [CM1200] Custom certificate trust store enabled: false
2025-05-08T13:59:13,972 INFO main MAIN - [CM1210] Custom key store enabled: false
2025-05-08T13:59:13,973 INFO main MAIN - [CSLDAP0100] Loading LDAP attribute map from file resource
2025-05-08T13:59:14,016 INFO main MAIN - [OP7101] Loaded ClaimsSource [1]: com.nimbusds.openid.connect.provider.spi.claims.ldap.LDAPClaimsSource
2025-05-08T13:59:14,016 INFO main MAIN - [OP7107] Claims source enabled at init [1]: true
2025-05-08T13:59:14,017 INFO main MAIN - [OP7102] Claims supported by source [1]: sub email_verified address x_employee_number name nickname phone_number_verified phone_number preferred_username given_name family_name email 
2025-05-08T13:59:14,019 INFO main MAIN - [CSS0011] Initializing subject session-based claims source...
2025-05-08T13:59:14,019 INFO main MAIN - [CSS0010] Overriding system properties: []
2025-05-08T13:59:14,020 INFO main MAIN - [CSS0000] Subject session-based claims source configuration:
2025-05-08T13:59:14,020 INFO main MAIN - [CSS0001] Subject session-based claims source enabled: false
2025-05-08T13:59:14,020 INFO main MAIN - [OP7104] Loaded AdvancedClaimsSource [2]: com.nimbusds.openid.connect.provider.spi.claims.session.SubjectSessionBasedClaimsSource
2025-05-08T13:59:14,020 INFO main MAIN - [OP7107] Claims source enabled at init [2]: false
2025-05-08T13:59:14,020 INFO main MAIN - [OP7102] Claims supported by source [2]: 
2025-05-08T13:59:14,021 INFO main MAIN - [CSHTTP0011] Initializing HTTP claims source...
2025-05-08T13:59:14,022 INFO main MAIN - [CSHTTP0010] Overriding system properties: []
2025-05-08T13:59:14,022 INFO main MAIN - [CSHTTP0000] HTTP claims source configuration:
2025-05-08T13:59:14,023 INFO main MAIN - [CSHTTP0001] HTTP claims source enabled: false
2025-05-08T13:59:14,023 INFO main MAIN - [OP7104] Loaded AdvancedClaimsSource [3]: com.nimbusds.openid.connect.provider.spi.claims.http.HTTPClaimsSource
2025-05-08T13:59:14,023 INFO main MAIN - [OP7107] Claims source enabled at init [3]: false
2025-05-08T13:59:14,023 INFO main MAIN - [OP7102] Claims supported by source [3]: 
2025-05-08T13:59:14,023 INFO main MAIN - [OP7003] Initialized the claims collector
2025-05-08T13:59:14,024 INFO main MAIN - [OP0108] Started the claims source aggregator
2025-05-08T13:59:14,025 INFO main MAIN - [OP0110] Started the JWT factory
2025-05-08T13:59:14,034 INFO main MAIN - [OP0112] Started the ID token factory
2025-05-08T13:59:14,035 INFO main MAIN - [OP2940] Login hint token map entry count strategy: DEFAULT
2025-05-08T13:59:14,049 INFO main MAIN - [OP0251] No enabled AuthorizationRequestValidator found
2025-05-08T13:59:14,050 INFO main MAIN - [OP0251] No enabled PARValidator found
2025-05-08T13:59:14,051 INFO main MAIN - [OP2171] Authentication session entry count strategy: DEFAULT
2025-05-08T13:59:14,051 INFO main MAIN - [OP2172] Consent session entry count strategy: DEFAULT
2025-05-08T13:59:14,061 INFO main MAIN - [OP0251] No enabled AuthorizationRequestValidator found
2025-05-08T13:59:14,064 INFO main MAIN - [OP2100] Created new authorization session handler
2025-05-08T13:59:14,068 INFO main MAIN - [OP0251] No enabled CIBARequestHandler found
2025-05-08T13:59:14,073 INFO main MAIN - [OP6740] Loaded LoginHintResolver: class=com.nimbusds.openid.connect.provider.spi.impl.subjects.LoginHintResolverDelegator enabled=false
2025-05-08T13:59:14,073 INFO main MAIN - [OP0251] No enabled LoginHintResolver found
2025-05-08T13:59:14,079 INFO main MAIN - [CM8008] Infinispan clustering: not configured
2025-05-08T13:59:14,079 INFO main MAIN - [CM8006] Started Infinispan LOCAL cache op.dPoPJTICache in 1317 ms
2025-05-08T13:59:14,094 INFO main MAIN - [OP6210] Token request handler: Found delegating password grant handler class com.nimbusds.openid.connect.provider.spi.impl.grants.handlers.web.password.PasswordGrantDelegator: enabled
2025-05-08T13:59:14,095 INFO main MAIN - [OP6210] Token request handler: Found delegating client_credentials grant handler class com.nimbusds.openid.connect.provider.spi.impl.grants.handlers.local.clientcredentials.SimpleClientCredentialsGrantHandler: enabled
2025-05-08T13:59:14,097 INFO main MAIN - [OP6210] Token request handler: Found delegating urn:ietf:params:oauth:grant-type:jwt-bearer grant handler class com.nimbusds.openid.connect.provider.spi.impl.grants.handlers.local.jwt.selfissued.SimpleSelfIssuedJWTGrantHandler: enabled
2025-05-08T13:59:14,105 INFO main MAIN - [DS0000] Device SSO handler enabled: true
2025-05-08T13:59:14,105 INFO main MAIN - [DS0001] Device SSO handler scope values requiring interaction: []
2025-05-08T13:59:14,105 INFO main MAIN - [DS0101] Access token lifetime: default
2025-05-08T13:59:14,105 INFO main MAIN - [DS0102] Access token encoding: SELF_CONTAINED
2025-05-08T13:59:14,105 INFO main MAIN - [DS0103] Access JWT encrypt: false
2025-05-08T13:59:14,105 INFO main MAIN - [DS0104] Access token audience: null
2025-05-08T13:59:14,105 INFO main MAIN - [DS0105] Client metadata fields to include in access tokens: []
2025-05-08T13:59:14,105 INFO main MAIN - [DS0106] Refresh token issue: true
2025-05-08T13:59:14,105 INFO main MAIN - [DS0107] Refresh token lifetime: default
2025-05-08T13:59:14,105 INFO main MAIN - [DS0108] Refresh token max idle time: 0
2025-05-08T13:59:14,105 INFO main MAIN - [DS0109] Refresh token rotate: default
2025-05-08T13:59:14,105 INFO main MAIN - [DS0002] Device SSO handler preferred claims transport: USERINFO
2025-05-08T13:59:14,106 INFO main MAIN - [OP7106] Loaded DeviceSSOHandler: class=com.nimbusds.openid.connect.provider.spi.impl.nativesso.handlers.LocalDeviceSSOHandler enabled=true
2025-05-08T13:59:14,107 INFO main MAIN - [OP0251] No enabled CustomTokenResponseComposer found
2025-05-08T13:59:14,110 INFO main MAIN - [OP0251] No enabled TokenIntrospectionResponseComposer found
2025-05-08T13:59:14,111 INFO main MAIN - [OP6530] Using default TokenIntrospectionResponseComposer: class=class com.nimbusds.openid.connect.provider.token.introspection.DefaultResponseComposer
2025-05-08T13:59:14,214 INFO main SESSION-STORE - [SS0604] Added session ended event listener: class com.nimbusds.openid.connect.provider.logout.channel.back.LogoutTokenDispatcher
2025-05-08T13:59:14,214 INFO main SESSION-STORE - [SS0602] Added session expired event listener: class com.nimbusds.openid.connect.provider.logout.channel.back.LogoutTokenDispatcher
2025-05-08T13:59:14,221 INFO main MAIN - [CM7106] Started Dropwizard metrics and health checks
2025-05-08T13:59:14,222 INFO main MAIN - Loaded properties file /WEB-INF/monitor.properties
2025-05-08T13:59:14,223 INFO main MAIN - [CM7000] Overriding system properties: []
2025-05-08T13:59:14,223 INFO main MAIN - [CM7020] Entry count cache timeout: 1800s
2025-05-08T13:59:14,223 INFO main MAIN - [CM7001] JMX reporting enabled: false
2025-05-08T13:59:14,223 INFO main MAIN - [CM7002] Graphite reporting enabled: false
2025-05-08T13:59:14,224 INFO main MAIN - [CM7101] JMX metrics reporting disabled
2025-05-08T13:59:14,224 INFO main MAIN - [CM7103] Graphite metrics reporting disabled
2025-05-08T13:59:14,225 INFO main MAIN - [AS9000] Initialized /authz-store/rest/v2 compatibility filter
2025-05-08T13:59:14,491 INFO main MAIN - [OP2900] Created new JAX-RS STS endpoint instance
2025-05-08T13:59:14,788 INFO main MAIN - [AS0300] Created new JAX-RS authorization store endpoint instance
2025-05-08T13:59:14,866 INFO main MAIN - [OP6800] Created new JAX-RS CIBA session endpoint instance
2025-05-08T13:59:14,898 INFO main MAIN - [OP2810] Created new JAX-RS check session backend endpoint instance
2025-05-08T13:59:14,994 INFO main MAIN - [SS0400] Created new JAX-RS subject session store endpoint instance
2025-05-08T13:59:15,047 INFO main MAIN - [OP2200] Created new JAX-RS authorization session endpoint instance
2025-05-08T13:59:15,079 INFO main MAIN - [OP0400] Created new JAX-RS configuration endpoint instance
2025-05-08T13:59:15,102 INFO main MAIN - [OP2300] Created new JAX-RS direct authorization endpoint instance
2025-05-08T13:59:15,125 INFO main MAIN - [OP2750] Created new JAX-RS logout session endpoint instance
2025-05-08T13:59:15,161 INFO main MAIN - [SSV0000] Software statement verifier configuration:
2025-05-08T13:59:15,162 INFO main MAIN - [SSV0001] Software statement verifier enabled: false
2025-05-08T13:59:15,162 INFO main MAIN - [OP5203] Loaded RegistrationInterceptor: class=com.nimbusds.openid.connect.provider.spi.reg.statement.SoftwareStatementVerifier enabled=false
2025-05-08T13:59:15,162 INFO main MAIN - [OP0251] No enabled RegistrationInterceptor found
2025-05-08T13:59:15,162 INFO main MAIN - [OP5200] Client registration HTTP request entity max size: 250000 chars
2025-05-08T13:59:15,168 FATAL main MAIN - [OP0200] Couldn't get the com.nimbusds.openid.connect.provider.ciba.endpoint.InitialCIBARequestProcessor attribute from the servlet context
2025-05-08T13:59:15,248 INFO main MAIN - Loaded properties file /WEB-INF/monitor.properties
2025-05-08T13:59:15,249 INFO main MAIN - [CM7110] Loaded monitor API servlet
2025-05-08T13:59:15,257 INFO main MAIN - Loaded properties file /WEB-INF/monitor.properties
2025-05-08T13:59:15,258 INFO main MAIN - [CM7111] Loaded Prometheus monitor API servlet
