07-May-2025 15:39:12.166 INFO [main] org.apache.catalina.startup.VersionLoggerListener.log Server version name:   Apache Tomcat/10.1.39
07-May-2025 15:39:12.188 INFO [main] org.apache.catalina.startup.VersionLoggerListener.log Server built:          Mar 4 2025 19:02:32 UTC
07-May-2025 15:39:12.188 INFO [main] org.apache.catalina.startup.VersionLoggerListener.log Server version number: 10.1.39.0
07-May-2025 15:39:12.188 INFO [main] org.apache.catalina.startup.VersionLoggerListener.log OS Name:               Linux
07-May-2025 15:39:12.189 INFO [main] org.apache.catalina.startup.VersionLoggerListener.log OS Version:            6.8.0-59-generic
07-May-2025 15:39:12.189 INFO [main] org.apache.catalina.startup.VersionLoggerListener.log Architecture:          amd64
07-May-2025 15:39:12.189 INFO [main] org.apache.catalina.startup.VersionLoggerListener.log Java Home:             /usr/lib/jvm/java-17-openjdk-amd64
07-May-2025 15:39:12.189 INFO [main] org.apache.catalina.startup.VersionLoggerListener.log JVM Version:           17.0.15+6-Ubuntu-0ubuntu122.04
07-May-2025 15:39:12.189 INFO [main] org.apache.catalina.startup.VersionLoggerListener.log JVM Vendor:            Ubuntu
07-May-2025 15:39:12.189 INFO [main] org.apache.catalina.startup.VersionLoggerListener.log CATALINA_BASE:         /home/radu/TAK-Server/src/oidf-server/tomcat
07-May-2025 15:39:12.189 INFO [main] org.apache.catalina.startup.VersionLoggerListener.log CATALINA_HOME:         /home/radu/TAK-Server/src/oidf-server/tomcat
07-May-2025 15:39:12.214 INFO [main] org.apache.catalina.core.AprLifecycleListener.lifecycleEvent The Apache Tomcat Native library which allows using OpenSSL was not found on the java.library.path: [/home/radu/opt/lib::/usr/java/packages/lib:/usr/lib/x86_64-linux-gnu/jni:/lib/x86_64-linux-gnu:/usr/lib/x86_64-linux-gnu:/usr/lib/jni:/lib:/usr/lib]
07-May-2025 15:39:12.820 INFO [main] org.apache.coyote.AbstractProtocol.init Initializing ProtocolHandler ["http-nio-8080"]
07-May-2025 15:39:12.928 INFO [main] org.apache.catalina.startup.Catalina.load Server initialization in [1102] milliseconds
07-May-2025 15:39:13.084 INFO [main] org.apache.catalina.core.StandardService.startInternal Starting service [Catalina]
07-May-2025 15:39:13.085 INFO [main] org.apache.catalina.core.StandardEngine.startInternal Starting Servlet engine: [Apache Tomcat/10.1.39]
07-May-2025 15:39:13.131 INFO [main] org.apache.catalina.startup.HostConfig.deployWAR Deploying web application archive [/home/radu/TAK-Server/src/oidf-server/tomcat/webapps/ldapauth.war]
07-May-2025 15:39:13.819 INFO [main] org.apache.jasper.servlet.TldScanner.scanJars At least one JAR was scanned for TLDs yet contained no TLDs. Enable debug logging for this logger for a complete list of JARs that were scanned but no TLDs were found in them. Skipping unneeded JARs during scanning can improve startup time and JSP compilation time.
07-May-2025 15:39:14.536 INFO [main] org.apache.catalina.startup.HostConfig.deployWAR Deployment of web application archive [/home/radu/TAK-Server/src/oidf-server/tomcat/webapps/ldapauth.war] has finished in [1,404] ms
07-May-2025 15:39:14.536 INFO [main] org.apache.catalina.startup.HostConfig.deployWAR Deploying web application archive [/home/radu/TAK-Server/src/oidf-server/tomcat/webapps/password-grant-handler.war]
07-May-2025 15:39:14.763 INFO [main] org.apache.jasper.servlet.TldScanner.scanJars At least one JAR was scanned for TLDs yet contained no TLDs. Enable debug logging for this logger for a complete list of JARs that were scanned but no TLDs were found in them. Skipping unneeded JARs during scanning can improve startup time and JSP compilation time.
07-May-2025 15:39:15.019 INFO [main] org.apache.catalina.startup.HostConfig.deployWAR Deployment of web application archive [/home/radu/TAK-Server/src/oidf-server/tomcat/webapps/password-grant-handler.war] has finished in [483] ms
07-May-2025 15:39:15.020 INFO [main] org.apache.catalina.startup.HostConfig.deployWAR Deploying web application archive [/home/radu/TAK-Server/src/oidf-server/tomcat/webapps/c2id-login.war]
07-May-2025 15:39:16.026 INFO [main] org.apache.jasper.servlet.TldScanner.scanJars At least one JAR was scanned for TLDs yet contained no TLDs. Enable debug logging for this logger for a complete list of JARs that were scanned but no TLDs were found in them. Skipping unneeded JARs during scanning can improve startup time and JSP compilation time.
07-May-2025 15:39:18.659 INFO [main] org.apache.catalina.startup.HostConfig.deployWAR Deployment of web application archive [/home/radu/TAK-Server/src/oidf-server/tomcat/webapps/c2id-login.war] has finished in [3,639] ms
07-May-2025 15:39:18.661 INFO [main] org.apache.catalina.startup.HostConfig.deployWAR Deploying web application archive [/home/radu/TAK-Server/src/oidf-server/tomcat/webapps/oidc-client.war]
07-May-2025 15:39:19.571 INFO [main] org.apache.catalina.startup.HostConfig.deployWAR Deployment of web application archive [/home/radu/TAK-Server/src/oidf-server/tomcat/webapps/oidc-client.war] has finished in [910] ms
07-May-2025 15:39:19.572 INFO [main] org.apache.catalina.startup.HostConfig.deployWAR Deploying web application archive [/home/radu/TAK-Server/src/oidf-server/tomcat/webapps/c2id-logout.war]
07-May-2025 15:39:19.710 INFO [main] org.apache.jasper.servlet.TldScanner.scanJars At least one JAR was scanned for TLDs yet contained no TLDs. Enable debug logging for this logger for a complete list of JARs that were scanned but no TLDs were found in them. Skipping unneeded JARs during scanning can improve startup time and JSP compilation time.
07-May-2025 15:39:19.719 INFO [main] org.apache.catalina.startup.HostConfig.deployWAR Deployment of web application archive [/home/radu/TAK-Server/src/oidf-server/tomcat/webapps/c2id-logout.war] has finished in [147] ms
07-May-2025 15:39:19.720 INFO [main] org.apache.catalina.startup.HostConfig.deployWAR Deploying web application archive [/home/radu/TAK-Server/src/oidf-server/tomcat/webapps/c2id.war]
07-May-2025 15:39:24.544 INFO [main] org.apache.jasper.servlet.TldScanner.scanJars At least one JAR was scanned for TLDs yet contained no TLDs. Enable debug logging for this logger for a complete list of JARs that were scanned but no TLDs were found in them. Skipping unneeded JARs during scanning can improve startup time and JSP compilation time.
07-May-2025 15:39:30.332 WARNING [main] org.glassfish.jersey.message.internal.MessagingBinders$EnabledProvidersBinder.bindToBinder A class jakarta.activation.DataSource for a default provider MessageBodyWriter<jakarta.activation.DataSource> was not found. The provider is not available.
07-May-2025 15:39:30.365 WARNING [main] org.glassfish.jersey.server.wadl.WadlFeature.configure JAX-B API not found . WADL feature is disabled.
07-May-2025 15:39:30.461 WARNING [main] org.glassfish.jersey.internal.inject.Providers.checkProviderRuntime A provider com.nimbusds.openid.connect.provider.sts.STSEndpoint registered in SERVER runtime does not implement any provider interfaces applicable in the SERVER runtime. Due to constraint configuration problems the provider com.nimbusds.openid.connect.provider.sts.STSEndpoint will be ignored. 
07-May-2025 15:39:30.599 WARNING [main] org.glassfish.jersey.server.wadl.WadlFeature.configure JAX-B API not found . WADL feature is disabled.
07-May-2025 15:39:30.608 WARNING [main] org.glassfish.jersey.internal.inject.Providers.checkProviderRuntime A provider com.nimbusds.authzstore.rest.WebAPI registered in SERVER runtime does not implement any provider interfaces applicable in the SERVER runtime. Due to constraint configuration problems the provider com.nimbusds.authzstore.rest.WebAPI will be ignored. 
07-May-2025 15:39:30.691 WARNING [main] org.glassfish.jersey.server.wadl.WadlFeature.configure JAX-B API not found . WADL feature is disabled.
07-May-2025 15:39:30.694 WARNING [main] org.glassfish.jersey.internal.inject.Providers.checkProviderRuntime A provider com.nimbusds.openid.connect.provider.ciba.sessions.CIBASessionsEndpoint registered in SERVER runtime does not implement any provider interfaces applicable in the SERVER runtime. Due to constraint configuration problems the provider com.nimbusds.openid.connect.provider.ciba.sessions.CIBASessionsEndpoint will be ignored. 
07-May-2025 15:39:30.725 WARNING [main] org.glassfish.jersey.server.wadl.WadlFeature.configure JAX-B API not found . WADL feature is disabled.
07-May-2025 15:39:30.728 WARNING [main] org.glassfish.jersey.internal.inject.Providers.checkProviderRuntime A provider com.nimbusds.openid.connect.provider.checksession.CheckSessionBackendEndpoint registered in SERVER runtime does not implement any provider interfaces applicable in the SERVER runtime. Due to constraint configuration problems the provider com.nimbusds.openid.connect.provider.checksession.CheckSessionBackendEndpoint will be ignored. 
07-May-2025 15:39:30.761 WARNING [main] org.glassfish.jersey.server.wadl.WadlFeature.configure JAX-B API not found . WADL feature is disabled.
07-May-2025 15:39:30.834 WARNING [main] org.glassfish.jersey.server.wadl.WadlFeature.configure JAX-B API not found . WADL feature is disabled.
07-May-2025 15:39:30.842 WARNING [main] org.glassfish.jersey.internal.inject.Providers.checkProviderRuntime A provider com.nimbusds.sessionstore.rest.WebAPI registered in SERVER runtime does not implement any provider interfaces applicable in the SERVER runtime. Due to constraint configuration problems the provider com.nimbusds.sessionstore.rest.WebAPI will be ignored. 
07-May-2025 15:39:30.914 WARNING [main] org.glassfish.jersey.server.wadl.WadlFeature.configure JAX-B API not found . WADL feature is disabled.
07-May-2025 15:39:30.920 WARNING [main] org.glassfish.jersey.internal.inject.Providers.checkProviderRuntime A provider com.nimbusds.openid.connect.provider.authz.AuthorizationSessionEndpoint registered in SERVER runtime does not implement any provider interfaces applicable in the SERVER runtime. Due to constraint configuration problems the provider com.nimbusds.openid.connect.provider.authz.AuthorizationSessionEndpoint will be ignored. 
07-May-2025 15:39:30.956 WARNING [main] org.glassfish.jersey.server.wadl.WadlFeature.configure JAX-B API not found . WADL feature is disabled.
07-May-2025 15:39:30.959 WARNING [main] org.glassfish.jersey.internal.inject.Providers.checkProviderRuntime A provider com.nimbusds.openid.connect.provider.config.ConfigurationEndpoint registered in SERVER runtime does not implement any provider interfaces applicable in the SERVER runtime. Due to constraint configuration problems the provider com.nimbusds.openid.connect.provider.config.ConfigurationEndpoint will be ignored. 
07-May-2025 15:39:30.989 WARNING [main] org.glassfish.jersey.server.wadl.WadlFeature.configure JAX-B API not found . WADL feature is disabled.
07-May-2025 15:39:30.992 WARNING [main] org.glassfish.jersey.internal.inject.Providers.checkProviderRuntime A provider com.nimbusds.openid.connect.provider.authz.DirectAuthorizationEndpoint registered in SERVER runtime does not implement any provider interfaces applicable in the SERVER runtime. Due to constraint configuration problems the provider com.nimbusds.openid.connect.provider.authz.DirectAuthorizationEndpoint will be ignored. 
07-May-2025 15:39:31.016 WARNING [main] org.glassfish.jersey.server.wadl.WadlFeature.configure JAX-B API not found . WADL feature is disabled.
07-May-2025 15:39:31.020 WARNING [main] org.glassfish.jersey.internal.inject.Providers.checkProviderRuntime A provider com.nimbusds.openid.connect.provider.logout.endpoint.LogoutSessionEndpoint registered in SERVER runtime does not implement any provider interfaces applicable in the SERVER runtime. Due to constraint configuration problems the provider com.nimbusds.openid.connect.provider.logout.endpoint.LogoutSessionEndpoint will be ignored. 
07-May-2025 15:39:31.185 INFO [main] org.apache.catalina.startup.HostConfig.deployWAR Deployment of web application archive [/home/radu/TAK-Server/src/oidf-server/tomcat/webapps/c2id.war] has finished in [11,465] ms
07-May-2025 15:39:31.186 INFO [main] org.apache.catalina.startup.HostConfig.deployDirectory Deploying web application directory [/home/radu/TAK-Server/src/oidf-server/tomcat/webapps/manager]
07-May-2025 15:39:31.293 INFO [main] org.apache.catalina.startup.HostConfig.deployDirectory Deployment of web application directory [/home/radu/TAK-Server/src/oidf-server/tomcat/webapps/manager] has finished in [107] ms
07-May-2025 15:39:31.293 INFO [main] org.apache.catalina.startup.HostConfig.deployDirectory Deploying web application directory [/home/radu/TAK-Server/src/oidf-server/tomcat/webapps/ROOT]
07-May-2025 15:39:31.310 INFO [main] org.apache.catalina.startup.HostConfig.deployDirectory Deployment of web application directory [/home/radu/TAK-Server/src/oidf-server/tomcat/webapps/ROOT] has finished in [17] ms
07-May-2025 15:39:31.311 INFO [main] org.apache.catalina.startup.HostConfig.deployDirectory Deploying web application directory [/home/radu/TAK-Server/src/oidf-server/tomcat/webapps/host-manager]
07-May-2025 15:39:31.331 INFO [main] org.apache.catalina.startup.HostConfig.deployDirectory Deployment of web application directory [/home/radu/TAK-Server/src/oidf-server/tomcat/webapps/host-manager] has finished in [19] ms
07-May-2025 15:39:31.337 INFO [main] org.apache.coyote.AbstractProtocol.start Starting ProtocolHandler ["http-nio-8080"]
07-May-2025 15:39:31.346 INFO [main] org.apache.catalina.startup.Catalina.start Server startup in [18418] milliseconds
07-May-2025 15:48:43.941 INFO [main] org.apache.catalina.core.StandardServer.await A valid shutdown command was received via the shutdown port. Stopping the Server instance.
07-May-2025 15:48:43.942 INFO [main] org.apache.coyote.AbstractProtocol.pause Pausing ProtocolHandler ["http-nio-8080"]
07-May-2025 15:48:43.946 INFO [main] org.apache.catalina.core.StandardService.stopInternal Stopping service [Catalina]
07-May-2025 15:48:44.450 WARNING [main] org.apache.catalina.loader.WebappClassLoaderBase.clearReferencesThreads The web application [c2id] appears to have started a thread named [RxCachedWorkerPoolEvictor-1] but has failed to stop it. This is very likely to create a memory leak. Stack trace of thread:
 java.base@17.0.15/jdk.internal.misc.Unsafe.park(Native Method)
 java.base@17.0.15/java.util.concurrent.locks.LockSupport.parkNanos(LockSupport.java:252)
 java.base@17.0.15/java.util.concurrent.locks.AbstractQueuedSynchronizer$ConditionObject.awaitNanos(AbstractQueuedSynchronizer.java:1679)
 java.base@17.0.15/java.util.concurrent.ScheduledThreadPoolExecutor$DelayedWorkQueue.take(ScheduledThreadPoolExecutor.java:1182)
 java.base@17.0.15/java.util.concurrent.ScheduledThreadPoolExecutor$DelayedWorkQueue.take(ScheduledThreadPoolExecutor.java:899)
 java.base@17.0.15/java.util.concurrent.ThreadPoolExecutor.getTask(ThreadPoolExecutor.java:1062)
 java.base@17.0.15/java.util.concurrent.ThreadPoolExecutor.runWorker(ThreadPoolExecutor.java:1122)
 java.base@17.0.15/java.util.concurrent.ThreadPoolExecutor$Worker.run(ThreadPoolExecutor.java:635)
 java.base@17.0.15/java.lang.Thread.run(Thread.java:840)
07-May-2025 15:48:44.451 WARNING [main] org.apache.catalina.loader.WebappClassLoaderBase.clearReferencesThreads The web application [c2id] appears to have started a thread named [HttpClient-1-SelectorManager] but has failed to stop it. This is very likely to create a memory leak. Stack trace of thread:
 java.base@17.0.15/sun.nio.ch.EPoll.wait(Native Method)
 java.base@17.0.15/sun.nio.ch.EPollSelectorImpl.doSelect(EPollSelectorImpl.java:118)
 java.base@17.0.15/sun.nio.ch.SelectorImpl.lockAndDoSelect(SelectorImpl.java:129)
 java.base@17.0.15/sun.nio.ch.SelectorImpl.select(SelectorImpl.java:141)
 platform/java.net.http@17.0.15/jdk.internal.net.http.HttpClientImpl$SelectorManager.run(HttpClientImpl.java:894)
07-May-2025 15:48:44.472 INFO [main] org.apache.coyote.AbstractProtocol.stop Stopping ProtocolHandler ["http-nio-8080"]
07-May-2025 15:48:44.483 INFO [main] org.apache.coyote.AbstractProtocol.destroy Destroying ProtocolHandler ["http-nio-8080"]
07-May-2025 16:35:57.170 INFO [main] org.apache.catalina.startup.VersionLoggerListener.log Server version name:   Apache Tomcat/10.1.39
07-May-2025 16:35:57.188 INFO [main] org.apache.catalina.startup.VersionLoggerListener.log Server built:          Mar 4 2025 19:02:32 UTC
07-May-2025 16:35:57.188 INFO [main] org.apache.catalina.startup.VersionLoggerListener.log Server version number: 10.1.39.0
07-May-2025 16:35:57.189 INFO [main] org.apache.catalina.startup.VersionLoggerListener.log OS Name:               Linux
07-May-2025 16:35:57.189 INFO [main] org.apache.catalina.startup.VersionLoggerListener.log OS Version:            6.8.0-59-generic
07-May-2025 16:35:57.189 INFO [main] org.apache.catalina.startup.VersionLoggerListener.log Architecture:          amd64
07-May-2025 16:35:57.190 INFO [main] org.apache.catalina.startup.VersionLoggerListener.log Java Home:             /usr/lib/jvm/java-17-openjdk-amd64
07-May-2025 16:35:57.190 INFO [main] org.apache.catalina.startup.VersionLoggerListener.log JVM Version:           17.0.15+6-Ubuntu-0ubuntu122.04
07-May-2025 16:35:57.190 INFO [main] org.apache.catalina.startup.VersionLoggerListener.log JVM Vendor:            Ubuntu
07-May-2025 16:35:57.190 INFO [main] org.apache.catalina.startup.VersionLoggerListener.log CATALINA_BASE:         /home/radu/TAK-Server/src/oidf-server/tomcat
07-May-2025 16:35:57.190 INFO [main] org.apache.catalina.startup.VersionLoggerListener.log CATALINA_HOME:         /home/radu/TAK-Server/src/oidf-server/tomcat
07-May-2025 16:35:57.194 INFO [main] org.apache.catalina.core.AprLifecycleListener.lifecycleEvent The Apache Tomcat Native library which allows using OpenSSL was not found on the java.library.path: [/home/radu/opt/lib::/usr/java/packages/lib:/usr/lib/x86_64-linux-gnu/jni:/lib/x86_64-linux-gnu:/usr/lib/x86_64-linux-gnu:/usr/lib/jni:/lib:/usr/lib]
07-May-2025 16:35:58.300 INFO [main] org.apache.coyote.AbstractProtocol.init Initializing ProtocolHandler ["http-nio-8080"]
07-May-2025 16:35:58.393 INFO [main] org.apache.catalina.startup.Catalina.load Server initialization in [1869] milliseconds
07-May-2025 16:35:58.613 INFO [main] org.apache.catalina.core.StandardService.startInternal Starting service [Catalina]
07-May-2025 16:35:58.613 INFO [main] org.apache.catalina.core.StandardEngine.startInternal Starting Servlet engine: [Apache Tomcat/10.1.39]
07-May-2025 16:35:58.659 INFO [main] org.apache.catalina.startup.HostConfig.deployWAR Deploying web application archive [/home/radu/TAK-Server/src/oidf-server/tomcat/webapps/ldapauth.war]
07-May-2025 16:35:59.756 INFO [main] org.apache.jasper.servlet.TldScanner.scanJars At least one JAR was scanned for TLDs yet contained no TLDs. Enable debug logging for this logger for a complete list of JARs that were scanned but no TLDs were found in them. Skipping unneeded JARs during scanning can improve startup time and JSP compilation time.
07-May-2025 16:36:01.131 INFO [main] org.apache.catalina.startup.HostConfig.deployWAR Deployment of web application archive [/home/radu/TAK-Server/src/oidf-server/tomcat/webapps/ldapauth.war] has finished in [2,469] ms
07-May-2025 16:36:01.133 INFO [main] org.apache.catalina.startup.HostConfig.deployWAR Deploying web application archive [/home/radu/TAK-Server/src/oidf-server/tomcat/webapps/password-grant-handler.war]
07-May-2025 16:36:01.621 INFO [main] org.apache.jasper.servlet.TldScanner.scanJars At least one JAR was scanned for TLDs yet contained no TLDs. Enable debug logging for this logger for a complete list of JARs that were scanned but no TLDs were found in them. Skipping unneeded JARs during scanning can improve startup time and JSP compilation time.
07-May-2025 16:36:02.387 INFO [main] org.apache.catalina.startup.HostConfig.deployWAR Deployment of web application archive [/home/radu/TAK-Server/src/oidf-server/tomcat/webapps/password-grant-handler.war] has finished in [1,254] ms
07-May-2025 16:36:02.388 INFO [main] org.apache.catalina.startup.HostConfig.deployWAR Deploying web application archive [/home/radu/TAK-Server/src/oidf-server/tomcat/webapps/c2id-login.war]
07-May-2025 16:36:04.142 INFO [main] org.apache.jasper.servlet.TldScanner.scanJars At least one JAR was scanned for TLDs yet contained no TLDs. Enable debug logging for this logger for a complete list of JARs that were scanned but no TLDs were found in them. Skipping unneeded JARs during scanning can improve startup time and JSP compilation time.
07-May-2025 16:36:09.375 INFO [main] org.apache.catalina.startup.HostConfig.deployWAR Deployment of web application archive [/home/radu/TAK-Server/src/oidf-server/tomcat/webapps/c2id-login.war] has finished in [6,986] ms
07-May-2025 16:36:09.375 INFO [main] org.apache.catalina.startup.HostConfig.deployWAR Deploying web application archive [/home/radu/TAK-Server/src/oidf-server/tomcat/webapps/oidc-client.war]
07-May-2025 16:36:10.684 INFO [main] org.apache.catalina.startup.HostConfig.deployWAR Deployment of web application archive [/home/radu/TAK-Server/src/oidf-server/tomcat/webapps/oidc-client.war] has finished in [1,309] ms
07-May-2025 16:36:10.685 INFO [main] org.apache.catalina.startup.HostConfig.deployWAR Deploying web application archive [/home/radu/TAK-Server/src/oidf-server/tomcat/webapps/c2id-logout.war]
07-May-2025 16:36:10.850 INFO [main] org.apache.jasper.servlet.TldScanner.scanJars At least one JAR was scanned for TLDs yet contained no TLDs. Enable debug logging for this logger for a complete list of JARs that were scanned but no TLDs were found in them. Skipping unneeded JARs during scanning can improve startup time and JSP compilation time.
07-May-2025 16:36:10.861 INFO [main] org.apache.catalina.startup.HostConfig.deployWAR Deployment of web application archive [/home/radu/TAK-Server/src/oidf-server/tomcat/webapps/c2id-logout.war] has finished in [175] ms
07-May-2025 16:36:10.861 INFO [main] org.apache.catalina.startup.HostConfig.deployWAR Deploying web application archive [/home/radu/TAK-Server/src/oidf-server/tomcat/webapps/c2id.war]
07-May-2025 16:36:15.797 INFO [main] org.apache.jasper.servlet.TldScanner.scanJars At least one JAR was scanned for TLDs yet contained no TLDs. Enable debug logging for this logger for a complete list of JARs that were scanned but no TLDs were found in them. Skipping unneeded JARs during scanning can improve startup time and JSP compilation time.
07-May-2025 16:36:21.175 WARNING [main] org.glassfish.jersey.message.internal.MessagingBinders$EnabledProvidersBinder.bindToBinder A class jakarta.activation.DataSource for a default provider MessageBodyWriter<jakarta.activation.DataSource> was not found. The provider is not available.
07-May-2025 16:36:21.195 WARNING [main] org.glassfish.jersey.server.wadl.WadlFeature.configure JAX-B API not found . WADL feature is disabled.
07-May-2025 16:36:21.274 WARNING [main] org.glassfish.jersey.internal.inject.Providers.checkProviderRuntime A provider com.nimbusds.openid.connect.provider.sts.STSEndpoint registered in SERVER runtime does not implement any provider interfaces applicable in the SERVER runtime. Due to constraint configuration problems the provider com.nimbusds.openid.connect.provider.sts.STSEndpoint will be ignored. 
07-May-2025 16:36:21.401 WARNING [main] org.glassfish.jersey.server.wadl.WadlFeature.configure JAX-B API not found . WADL feature is disabled.
07-May-2025 16:36:21.409 WARNING [main] org.glassfish.jersey.internal.inject.Providers.checkProviderRuntime A provider com.nimbusds.authzstore.rest.WebAPI registered in SERVER runtime does not implement any provider interfaces applicable in the SERVER runtime. Due to constraint configuration problems the provider com.nimbusds.authzstore.rest.WebAPI will be ignored. 
07-May-2025 16:36:21.473 WARNING [main] org.glassfish.jersey.server.wadl.WadlFeature.configure JAX-B API not found . WADL feature is disabled.
07-May-2025 16:36:21.476 WARNING [main] org.glassfish.jersey.internal.inject.Providers.checkProviderRuntime A provider com.nimbusds.openid.connect.provider.ciba.sessions.CIBASessionsEndpoint registered in SERVER runtime does not implement any provider interfaces applicable in the SERVER runtime. Due to constraint configuration problems the provider com.nimbusds.openid.connect.provider.ciba.sessions.CIBASessionsEndpoint will be ignored. 
07-May-2025 16:36:21.502 WARNING [main] org.glassfish.jersey.server.wadl.WadlFeature.configure JAX-B API not found . WADL feature is disabled.
07-May-2025 16:36:21.505 WARNING [main] org.glassfish.jersey.internal.inject.Providers.checkProviderRuntime A provider com.nimbusds.openid.connect.provider.checksession.CheckSessionBackendEndpoint registered in SERVER runtime does not implement any provider interfaces applicable in the SERVER runtime. Due to constraint configuration problems the provider com.nimbusds.openid.connect.provider.checksession.CheckSessionBackendEndpoint will be ignored. 
07-May-2025 16:36:21.536 WARNING [main] org.glassfish.jersey.server.wadl.WadlFeature.configure JAX-B API not found . WADL feature is disabled.
07-May-2025 16:36:21.591 WARNING [main] org.glassfish.jersey.server.wadl.WadlFeature.configure JAX-B API not found . WADL feature is disabled.
07-May-2025 16:36:21.599 WARNING [main] org.glassfish.jersey.internal.inject.Providers.checkProviderRuntime A provider com.nimbusds.sessionstore.rest.WebAPI registered in SERVER runtime does not implement any provider interfaces applicable in the SERVER runtime. Due to constraint configuration problems the provider com.nimbusds.sessionstore.rest.WebAPI will be ignored. 
07-May-2025 16:36:21.642 WARNING [main] org.glassfish.jersey.server.wadl.WadlFeature.configure JAX-B API not found . WADL feature is disabled.
07-May-2025 16:36:21.646 WARNING [main] org.glassfish.jersey.internal.inject.Providers.checkProviderRuntime A provider com.nimbusds.openid.connect.provider.authz.AuthorizationSessionEndpoint registered in SERVER runtime does not implement any provider interfaces applicable in the SERVER runtime. Due to constraint configuration problems the provider com.nimbusds.openid.connect.provider.authz.AuthorizationSessionEndpoint will be ignored. 
07-May-2025 16:36:21.674 WARNING [main] org.glassfish.jersey.server.wadl.WadlFeature.configure JAX-B API not found . WADL feature is disabled.
07-May-2025 16:36:21.676 WARNING [main] org.glassfish.jersey.internal.inject.Providers.checkProviderRuntime A provider com.nimbusds.openid.connect.provider.config.ConfigurationEndpoint registered in SERVER runtime does not implement any provider interfaces applicable in the SERVER runtime. Due to constraint configuration problems the provider com.nimbusds.openid.connect.provider.config.ConfigurationEndpoint will be ignored. 
07-May-2025 16:36:21.696 WARNING [main] org.glassfish.jersey.server.wadl.WadlFeature.configure JAX-B API not found . WADL feature is disabled.
07-May-2025 16:36:21.698 WARNING [main] org.glassfish.jersey.internal.inject.Providers.checkProviderRuntime A provider com.nimbusds.openid.connect.provider.authz.DirectAuthorizationEndpoint registered in SERVER runtime does not implement any provider interfaces applicable in the SERVER runtime. Due to constraint configuration problems the provider com.nimbusds.openid.connect.provider.authz.DirectAuthorizationEndpoint will be ignored. 
07-May-2025 16:36:21.717 WARNING [main] org.glassfish.jersey.server.wadl.WadlFeature.configure JAX-B API not found . WADL feature is disabled.
07-May-2025 16:36:21.720 WARNING [main] org.glassfish.jersey.internal.inject.Providers.checkProviderRuntime A provider com.nimbusds.openid.connect.provider.logout.endpoint.LogoutSessionEndpoint registered in SERVER runtime does not implement any provider interfaces applicable in the SERVER runtime. Due to constraint configuration problems the provider com.nimbusds.openid.connect.provider.logout.endpoint.LogoutSessionEndpoint will be ignored. 
07-May-2025 16:36:21.851 INFO [main] org.apache.catalina.startup.HostConfig.deployWAR Deployment of web application archive [/home/radu/TAK-Server/src/oidf-server/tomcat/webapps/c2id.war] has finished in [10,990] ms
07-May-2025 16:36:21.852 INFO [main] org.apache.catalina.startup.HostConfig.deployDirectory Deploying web application directory [/home/radu/TAK-Server/src/oidf-server/tomcat/webapps/manager]
07-May-2025 16:36:21.875 INFO [main] org.apache.catalina.startup.HostConfig.deployDirectory Deployment of web application directory [/home/radu/TAK-Server/src/oidf-server/tomcat/webapps/manager] has finished in [23] ms
07-May-2025 16:36:21.876 INFO [main] org.apache.catalina.startup.HostConfig.deployDirectory Deploying web application directory [/home/radu/TAK-Server/src/oidf-server/tomcat/webapps/ROOT]
07-May-2025 16:36:21.886 INFO [main] org.apache.catalina.startup.HostConfig.deployDirectory Deployment of web application directory [/home/radu/TAK-Server/src/oidf-server/tomcat/webapps/ROOT] has finished in [10] ms
07-May-2025 16:36:21.886 INFO [main] org.apache.catalina.startup.HostConfig.deployDirectory Deploying web application directory [/home/radu/TAK-Server/src/oidf-server/tomcat/webapps/host-manager]
07-May-2025 16:36:21.899 INFO [main] org.apache.catalina.startup.HostConfig.deployDirectory Deployment of web application directory [/home/radu/TAK-Server/src/oidf-server/tomcat/webapps/host-manager] has finished in [13] ms
07-May-2025 16:36:21.903 INFO [main] org.apache.coyote.AbstractProtocol.start Starting ProtocolHandler ["http-nio-8080"]
07-May-2025 16:36:21.912 INFO [main] org.apache.catalina.startup.Catalina.start Server startup in [23518] milliseconds
07-May-2025 16:41:27.134 INFO [main] org.apache.catalina.startup.VersionLoggerListener.log Server version name:   Apache Tomcat/10.1.39
07-May-2025 16:41:27.165 INFO [main] org.apache.catalina.startup.VersionLoggerListener.log Server built:          Mar 4 2025 19:02:32 UTC
07-May-2025 16:41:27.165 INFO [main] org.apache.catalina.startup.VersionLoggerListener.log Server version number: 10.1.39.0
07-May-2025 16:41:27.165 INFO [main] org.apache.catalina.startup.VersionLoggerListener.log OS Name:               Linux
07-May-2025 16:41:27.165 INFO [main] org.apache.catalina.startup.VersionLoggerListener.log OS Version:            6.8.0-59-generic
07-May-2025 16:41:27.165 INFO [main] org.apache.catalina.startup.VersionLoggerListener.log Architecture:          amd64
07-May-2025 16:41:27.165 INFO [main] org.apache.catalina.startup.VersionLoggerListener.log Java Home:             /usr/lib/jvm/java-17-openjdk-amd64
07-May-2025 16:41:27.175 INFO [main] org.apache.catalina.startup.VersionLoggerListener.log JVM Version:           17.0.15+6-Ubuntu-0ubuntu122.04
07-May-2025 16:41:27.175 INFO [main] org.apache.catalina.startup.VersionLoggerListener.log JVM Vendor:            Ubuntu
07-May-2025 16:41:27.175 INFO [main] org.apache.catalina.startup.VersionLoggerListener.log CATALINA_BASE:         /home/radu/TAK-Server/src/oidf-server/tomcat
07-May-2025 16:41:27.175 INFO [main] org.apache.catalina.startup.VersionLoggerListener.log CATALINA_HOME:         /home/radu/TAK-Server/src/oidf-server/tomcat
07-May-2025 16:41:27.182 INFO [main] org.apache.catalina.core.AprLifecycleListener.lifecycleEvent The Apache Tomcat Native library which allows using OpenSSL was not found on the java.library.path: [/home/radu/opt/lib::/usr/java/packages/lib:/usr/lib/x86_64-linux-gnu/jni:/lib/x86_64-linux-gnu:/usr/lib/x86_64-linux-gnu:/usr/lib/jni:/lib:/usr/lib]
07-May-2025 16:41:28.820 INFO [main] org.apache.coyote.AbstractProtocol.init Initializing ProtocolHandler ["http-nio-8080"]
07-May-2025 16:41:28.867 SEVERE [main] org.apache.catalina.util.LifecycleBase.handleSubClassException Failed to initialize component [Connector["http-nio-8080"]]
	org.apache.catalina.LifecycleException: Protocol handler initialization failed
		at org.apache.catalina.connector.Connector.initInternal(Connector.java:1051)
		at org.apache.catalina.util.LifecycleBase.init(LifecycleBase.java:122)
		at org.apache.catalina.core.StandardService.initInternal(StandardService.java:525)
		at org.apache.catalina.util.LifecycleBase.init(LifecycleBase.java:122)
		at org.apache.catalina.core.StandardServer.initInternal(StandardServer.java:957)
		at org.apache.catalina.util.LifecycleBase.init(LifecycleBase.java:122)
		at org.apache.catalina.startup.Catalina.load(Catalina.java:712)
		at org.apache.catalina.startup.Catalina.load(Catalina.java:735)
		at java.base/jdk.internal.reflect.NativeMethodAccessorImpl.invoke0(Native Method)
		at java.base/jdk.internal.reflect.NativeMethodAccessorImpl.invoke(NativeMethodAccessorImpl.java:77)
		at java.base/jdk.internal.reflect.DelegatingMethodAccessorImpl.invoke(DelegatingMethodAccessorImpl.java:43)
		at java.base/java.lang.reflect.Method.invoke(Method.java:569)
		at org.apache.catalina.startup.Bootstrap.load(Bootstrap.java:302)
		at org.apache.catalina.startup.Bootstrap.main(Bootstrap.java:472)
	Caused by: java.net.BindException: Address already in use
		at java.base/sun.nio.ch.Net.bind0(Native Method)
		at java.base/sun.nio.ch.Net.bind(Net.java:555)
		at java.base/sun.nio.ch.ServerSocketChannelImpl.netBind(ServerSocketChannelImpl.java:337)
		at java.base/sun.nio.ch.ServerSocketChannelImpl.bind(ServerSocketChannelImpl.java:294)
		at org.apache.tomcat.util.net.NioEndpoint.initServerSocket(NioEndpoint.java:239)
		at org.apache.tomcat.util.net.NioEndpoint.bind(NioEndpoint.java:194)
		at org.apache.tomcat.util.net.AbstractEndpoint.bindWithCleanup(AbstractEndpoint.java:1304)
		at org.apache.tomcat.util.net.AbstractEndpoint.init(AbstractEndpoint.java:1317)
		at org.apache.coyote.AbstractProtocol.init(AbstractProtocol.java:633)
		at org.apache.coyote.http11.AbstractHttp11Protocol.init(AbstractHttp11Protocol.java:82)
		at org.apache.catalina.connector.Connector.initInternal(Connector.java:1049)
		... 13 more
07-May-2025 16:41:28.868 INFO [main] org.apache.catalina.startup.Catalina.load Server initialization in [2485] milliseconds
07-May-2025 16:41:29.012 INFO [main] org.apache.catalina.core.StandardService.startInternal Starting service [Catalina]
07-May-2025 16:41:29.013 INFO [main] org.apache.catalina.core.StandardEngine.startInternal Starting Servlet engine: [Apache Tomcat/10.1.39]
07-May-2025 16:41:29.050 INFO [main] org.apache.catalina.startup.HostConfig.deployWAR Deploying web application archive [/home/radu/TAK-Server/src/oidf-server/tomcat/webapps/ldapauth.war]
07-May-2025 16:41:30.165 INFO [main] org.apache.jasper.servlet.TldScanner.scanJars At least one JAR was scanned for TLDs yet contained no TLDs. Enable debug logging for this logger for a complete list of JARs that were scanned but no TLDs were found in them. Skipping unneeded JARs during scanning can improve startup time and JSP compilation time.
07-May-2025 16:41:31.658 INFO [main] org.apache.catalina.startup.HostConfig.deployWAR Deployment of web application archive [/home/radu/TAK-Server/src/oidf-server/tomcat/webapps/ldapauth.war] has finished in [2,592] ms
07-May-2025 16:41:31.659 INFO [main] org.apache.catalina.startup.HostConfig.deployWAR Deploying web application archive [/home/radu/TAK-Server/src/oidf-server/tomcat/webapps/password-grant-handler.war]
07-May-2025 16:41:32.229 INFO [main] org.apache.jasper.servlet.TldScanner.scanJars At least one JAR was scanned for TLDs yet contained no TLDs. Enable debug logging for this logger for a complete list of JARs that were scanned but no TLDs were found in them. Skipping unneeded JARs during scanning can improve startup time and JSP compilation time.
07-May-2025 16:41:32.888 INFO [main] org.apache.catalina.startup.HostConfig.deployWAR Deployment of web application archive [/home/radu/TAK-Server/src/oidf-server/tomcat/webapps/password-grant-handler.war] has finished in [1,228] ms
07-May-2025 16:41:32.890 INFO [main] org.apache.catalina.startup.HostConfig.deployWAR Deploying web application archive [/home/radu/TAK-Server/src/oidf-server/tomcat/webapps/c2id-login.war]
07-May-2025 16:41:35.118 INFO [main] org.apache.jasper.servlet.TldScanner.scanJars At least one JAR was scanned for TLDs yet contained no TLDs. Enable debug logging for this logger for a complete list of JARs that were scanned but no TLDs were found in them. Skipping unneeded JARs during scanning can improve startup time and JSP compilation time.
07-May-2025 16:41:41.979 INFO [main] org.apache.catalina.startup.HostConfig.deployWAR Deployment of web application archive [/home/radu/TAK-Server/src/oidf-server/tomcat/webapps/c2id-login.war] has finished in [9,089] ms
07-May-2025 16:41:41.980 INFO [main] org.apache.catalina.startup.HostConfig.deployWAR Deploying web application archive [/home/radu/TAK-Server/src/oidf-server/tomcat/webapps/oidc-client.war]
07-May-2025 16:41:43.894 INFO [main] org.apache.catalina.startup.HostConfig.deployWAR Deployment of web application archive [/home/radu/TAK-Server/src/oidf-server/tomcat/webapps/oidc-client.war] has finished in [1,914] ms
07-May-2025 16:41:43.895 INFO [main] org.apache.catalina.startup.HostConfig.deployWAR Deploying web application archive [/home/radu/TAK-Server/src/oidf-server/tomcat/webapps/c2id-logout.war]
07-May-2025 16:41:44.091 INFO [main] org.apache.jasper.servlet.TldScanner.scanJars At least one JAR was scanned for TLDs yet contained no TLDs. Enable debug logging for this logger for a complete list of JARs that were scanned but no TLDs were found in them. Skipping unneeded JARs during scanning can improve startup time and JSP compilation time.
07-May-2025 16:41:44.101 INFO [main] org.apache.catalina.startup.HostConfig.deployWAR Deployment of web application archive [/home/radu/TAK-Server/src/oidf-server/tomcat/webapps/c2id-logout.war] has finished in [205] ms
07-May-2025 16:41:44.101 INFO [main] org.apache.catalina.startup.HostConfig.deployWAR Deploying web application archive [/home/radu/TAK-Server/src/oidf-server/tomcat/webapps/c2id.war]
07-May-2025 16:41:49.032 INFO [main] org.apache.jasper.servlet.TldScanner.scanJars At least one JAR was scanned for TLDs yet contained no TLDs. Enable debug logging for this logger for a complete list of JARs that were scanned but no TLDs were found in them. Skipping unneeded JARs during scanning can improve startup time and JSP compilation time.
07-May-2025 16:41:52.491 SEVERE [main] org.apache.catalina.core.StandardContext.startInternal One or more listeners failed to start. Full details will be found in the appropriate container log file
07-May-2025 16:41:52.492 SEVERE [main] org.apache.catalina.core.StandardContext.startInternal Context [/c2id] startup failed due to previous errors
07-May-2025 16:41:52.566 WARNING [main] org.apache.catalina.loader.WebappClassLoaderBase.clearReferencesThreads The web application [c2id] appears to have started a thread named [RxCachedWorkerPoolEvictor-1] but has failed to stop it. This is very likely to create a memory leak. Stack trace of thread:
 java.base@17.0.15/jdk.internal.misc.Unsafe.park(Native Method)
 java.base@17.0.15/java.util.concurrent.locks.LockSupport.parkNanos(LockSupport.java:252)
 java.base@17.0.15/java.util.concurrent.locks.AbstractQueuedSynchronizer$ConditionObject.awaitNanos(AbstractQueuedSynchronizer.java:1679)
 java.base@17.0.15/java.util.concurrent.ScheduledThreadPoolExecutor$DelayedWorkQueue.take(ScheduledThreadPoolExecutor.java:1182)
 java.base@17.0.15/java.util.concurrent.ScheduledThreadPoolExecutor$DelayedWorkQueue.take(ScheduledThreadPoolExecutor.java:899)
 java.base@17.0.15/java.util.concurrent.ThreadPoolExecutor.getTask(ThreadPoolExecutor.java:1062)
 java.base@17.0.15/java.util.concurrent.ThreadPoolExecutor.runWorker(ThreadPoolExecutor.java:1122)
 java.base@17.0.15/java.util.concurrent.ThreadPoolExecutor$Worker.run(ThreadPoolExecutor.java:635)
 java.base@17.0.15/java.lang.Thread.run(Thread.java:840)
07-May-2025 16:41:52.581 INFO [main] org.apache.catalina.startup.HostConfig.deployWAR Deployment of web application archive [/home/radu/TAK-Server/src/oidf-server/tomcat/webapps/c2id.war] has finished in [8,480] ms
07-May-2025 16:41:52.582 INFO [main] org.apache.catalina.startup.HostConfig.deployDirectory Deploying web application directory [/home/radu/TAK-Server/src/oidf-server/tomcat/webapps/manager]
07-May-2025 16:41:52.627 INFO [main] org.apache.catalina.startup.HostConfig.deployDirectory Deployment of web application directory [/home/radu/TAK-Server/src/oidf-server/tomcat/webapps/manager] has finished in [45] ms
07-May-2025 16:41:52.627 INFO [main] org.apache.catalina.startup.HostConfig.deployDirectory Deploying web application directory [/home/radu/TAK-Server/src/oidf-server/tomcat/webapps/ROOT]
07-May-2025 16:41:52.640 INFO [main] org.apache.catalina.startup.HostConfig.deployDirectory Deployment of web application directory [/home/radu/TAK-Server/src/oidf-server/tomcat/webapps/ROOT] has finished in [13] ms
07-May-2025 16:41:52.640 INFO [main] org.apache.catalina.startup.HostConfig.deployDirectory Deploying web application directory [/home/radu/TAK-Server/src/oidf-server/tomcat/webapps/host-manager]
07-May-2025 16:41:52.657 INFO [main] org.apache.catalina.startup.HostConfig.deployDirectory Deployment of web application directory [/home/radu/TAK-Server/src/oidf-server/tomcat/webapps/host-manager] has finished in [17] ms
07-May-2025 16:41:52.668 INFO [main] org.apache.catalina.startup.Catalina.start Server startup in [23798] milliseconds
07-May-2025 16:41:52.672 SEVERE [main] org.apache.catalina.core.StandardServer.await Failed to create server shutdown socket on address [localhost] and port [8005] (base port [8005] and offset [0])
	java.net.BindException: Address already in use
		at java.base/sun.nio.ch.Net.bind0(Native Method)
		at java.base/sun.nio.ch.Net.bind(Net.java:555)
		at java.base/sun.nio.ch.Net.bind(Net.java:544)
		at java.base/sun.nio.ch.NioSocketImpl.bind(NioSocketImpl.java:648)
		at java.base/java.net.ServerSocket.bind(ServerSocket.java:388)
		at java.base/java.net.ServerSocket.<init>(ServerSocket.java:274)
		at org.apache.catalina.core.StandardServer.await(StandardServer.java:533)
		at org.apache.catalina.startup.Catalina.await(Catalina.java:851)
		at org.apache.catalina.startup.Catalina.start(Catalina.java:799)
		at java.base/jdk.internal.reflect.NativeMethodAccessorImpl.invoke0(Native Method)
		at java.base/jdk.internal.reflect.NativeMethodAccessorImpl.invoke(NativeMethodAccessorImpl.java:77)
		at java.base/jdk.internal.reflect.DelegatingMethodAccessorImpl.invoke(DelegatingMethodAccessorImpl.java:43)
		at java.base/java.lang.reflect.Method.invoke(Method.java:569)
		at org.apache.catalina.startup.Bootstrap.start(Bootstrap.java:345)
		at org.apache.catalina.startup.Bootstrap.main(Bootstrap.java:473)
07-May-2025 16:41:52.674 INFO [main] org.apache.coyote.AbstractProtocol.pause Pausing ProtocolHandler ["http-nio-8080"]
07-May-2025 16:41:52.674 INFO [main] org.apache.catalina.core.StandardService.stopInternal Stopping service [Catalina]
07-May-2025 16:41:52.721 INFO [main] org.apache.coyote.AbstractProtocol.stop Stopping ProtocolHandler ["http-nio-8080"]
07-May-2025 16:41:52.722 INFO [main] org.apache.coyote.AbstractProtocol.destroy Destroying ProtocolHandler ["http-nio-8080"]
07-May-2025 16:42:54.551 INFO [main] org.apache.catalina.core.StandardServer.await A valid shutdown command was received via the shutdown port. Stopping the Server instance.
07-May-2025 16:42:54.551 INFO [main] org.apache.coyote.AbstractProtocol.pause Pausing ProtocolHandler ["http-nio-8080"]
07-May-2025 16:42:54.553 INFO [main] org.apache.catalina.core.StandardService.stopInternal Stopping service [Catalina]
07-May-2025 16:42:54.924 WARNING [main] org.apache.catalina.loader.WebappClassLoaderBase.clearReferencesThreads The web application [c2id] appears to have started a thread named [RxCachedWorkerPoolEvictor-1] but has failed to stop it. This is very likely to create a memory leak. Stack trace of thread:
 java.base@17.0.15/jdk.internal.misc.Unsafe.park(Native Method)
 java.base@17.0.15/java.util.concurrent.locks.LockSupport.parkNanos(LockSupport.java:252)
 java.base@17.0.15/java.util.concurrent.locks.AbstractQueuedSynchronizer$ConditionObject.awaitNanos(AbstractQueuedSynchronizer.java:1679)
 java.base@17.0.15/java.util.concurrent.ScheduledThreadPoolExecutor$DelayedWorkQueue.take(ScheduledThreadPoolExecutor.java:1182)
 java.base@17.0.15/java.util.concurrent.ScheduledThreadPoolExecutor$DelayedWorkQueue.take(ScheduledThreadPoolExecutor.java:899)
 java.base@17.0.15/java.util.concurrent.ThreadPoolExecutor.getTask(ThreadPoolExecutor.java:1062)
 java.base@17.0.15/java.util.concurrent.ThreadPoolExecutor.runWorker(ThreadPoolExecutor.java:1122)
 java.base@17.0.15/java.util.concurrent.ThreadPoolExecutor$Worker.run(ThreadPoolExecutor.java:635)
 java.base@17.0.15/java.lang.Thread.run(Thread.java:840)
07-May-2025 16:42:54.924 WARNING [main] org.apache.catalina.loader.WebappClassLoaderBase.clearReferencesThreads The web application [c2id] appears to have started a thread named [HttpClient-1-SelectorManager] but has failed to stop it. This is very likely to create a memory leak. Stack trace of thread:
 java.base@17.0.15/sun.nio.ch.EPoll.wait(Native Method)
 java.base@17.0.15/sun.nio.ch.EPollSelectorImpl.doSelect(EPollSelectorImpl.java:118)
 java.base@17.0.15/sun.nio.ch.SelectorImpl.lockAndDoSelect(SelectorImpl.java:129)
 java.base@17.0.15/sun.nio.ch.SelectorImpl.select(SelectorImpl.java:141)
 platform/java.net.http@17.0.15/jdk.internal.net.http.HttpClientImpl$SelectorManager.run(HttpClientImpl.java:894)
07-May-2025 16:42:54.945 INFO [main] org.apache.coyote.AbstractProtocol.stop Stopping ProtocolHandler ["http-nio-8080"]
07-May-2025 16:42:54.949 INFO [main] org.apache.coyote.AbstractProtocol.destroy Destroying ProtocolHandler ["http-nio-8080"]
07-May-2025 16:45:11.142 INFO [main] org.apache.catalina.startup.VersionLoggerListener.log Server version name:   Apache Tomcat/10.1.39
07-May-2025 16:45:11.160 INFO [main] org.apache.catalina.startup.VersionLoggerListener.log Server built:          Mar 4 2025 19:02:32 UTC
07-May-2025 16:45:11.160 INFO [main] org.apache.catalina.startup.VersionLoggerListener.log Server version number: 10.1.39.0
07-May-2025 16:45:11.160 INFO [main] org.apache.catalina.startup.VersionLoggerListener.log OS Name:               Linux
07-May-2025 16:45:11.160 INFO [main] org.apache.catalina.startup.VersionLoggerListener.log OS Version:            6.8.0-59-generic
07-May-2025 16:45:11.160 INFO [main] org.apache.catalina.startup.VersionLoggerListener.log Architecture:          amd64
07-May-2025 16:45:11.160 INFO [main] org.apache.catalina.startup.VersionLoggerListener.log Java Home:             /usr/lib/jvm/java-17-openjdk-amd64
07-May-2025 16:45:11.160 INFO [main] org.apache.catalina.startup.VersionLoggerListener.log JVM Version:           17.0.15+6-Ubuntu-0ubuntu122.04
07-May-2025 16:45:11.160 INFO [main] org.apache.catalina.startup.VersionLoggerListener.log JVM Vendor:            Ubuntu
07-May-2025 16:45:11.161 INFO [main] org.apache.catalina.startup.VersionLoggerListener.log CATALINA_BASE:         /home/radu/TAK-Server/src/oidf-server/tomcat
07-May-2025 16:45:11.161 INFO [main] org.apache.catalina.startup.VersionLoggerListener.log CATALINA_HOME:         /home/radu/TAK-Server/src/oidf-server/tomcat
07-May-2025 16:45:11.172 INFO [main] org.apache.catalina.core.AprLifecycleListener.lifecycleEvent The Apache Tomcat Native library which allows using OpenSSL was not found on the java.library.path: [/home/radu/opt/lib::/usr/java/packages/lib:/usr/lib/x86_64-linux-gnu/jni:/lib/x86_64-linux-gnu:/usr/lib/x86_64-linux-gnu:/usr/lib/jni:/lib:/usr/lib]
07-May-2025 16:45:12.298 INFO [main] org.apache.coyote.AbstractProtocol.init Initializing ProtocolHandler ["http-nio-8080"]
07-May-2025 16:45:12.358 INFO [main] org.apache.catalina.startup.Catalina.load Server initialization in [1853] milliseconds
07-May-2025 16:45:12.455 INFO [main] org.apache.catalina.core.StandardService.startInternal Starting service [Catalina]
07-May-2025 16:45:12.459 INFO [main] org.apache.catalina.core.StandardEngine.startInternal Starting Servlet engine: [Apache Tomcat/10.1.39]
07-May-2025 16:45:12.489 INFO [main] org.apache.catalina.startup.HostConfig.deployWAR Deploying web application archive [/home/radu/TAK-Server/src/oidf-server/tomcat/webapps/ldapauth.war]
07-May-2025 16:45:13.352 INFO [main] org.apache.jasper.servlet.TldScanner.scanJars At least one JAR was scanned for TLDs yet contained no TLDs. Enable debug logging for this logger for a complete list of JARs that were scanned but no TLDs were found in them. Skipping unneeded JARs during scanning can improve startup time and JSP compilation time.
07-May-2025 16:45:14.724 INFO [main] org.apache.catalina.startup.HostConfig.deployWAR Deployment of web application archive [/home/radu/TAK-Server/src/oidf-server/tomcat/webapps/ldapauth.war] has finished in [2,234] ms
07-May-2025 16:45:14.725 INFO [main] org.apache.catalina.startup.HostConfig.deployWAR Deploying web application archive [/home/radu/TAK-Server/src/oidf-server/tomcat/webapps/password-grant-handler.war]
07-May-2025 16:45:15.146 INFO [main] org.apache.jasper.servlet.TldScanner.scanJars At least one JAR was scanned for TLDs yet contained no TLDs. Enable debug logging for this logger for a complete list of JARs that were scanned but no TLDs were found in them. Skipping unneeded JARs during scanning can improve startup time and JSP compilation time.
07-May-2025 16:45:15.730 INFO [main] org.apache.catalina.startup.HostConfig.deployWAR Deployment of web application archive [/home/radu/TAK-Server/src/oidf-server/tomcat/webapps/password-grant-handler.war] has finished in [1,002] ms
07-May-2025 16:45:15.730 INFO [main] org.apache.catalina.startup.HostConfig.deployWAR Deploying web application archive [/home/radu/TAK-Server/src/oidf-server/tomcat/webapps/c2id-login.war]
07-May-2025 16:45:17.608 INFO [main] org.apache.jasper.servlet.TldScanner.scanJars At least one JAR was scanned for TLDs yet contained no TLDs. Enable debug logging for this logger for a complete list of JARs that were scanned but no TLDs were found in them. Skipping unneeded JARs during scanning can improve startup time and JSP compilation time.
07-May-2025 16:45:23.180 INFO [main] org.apache.catalina.startup.HostConfig.deployWAR Deployment of web application archive [/home/radu/TAK-Server/src/oidf-server/tomcat/webapps/c2id-login.war] has finished in [7,450] ms
07-May-2025 16:45:23.181 INFO [main] org.apache.catalina.startup.HostConfig.deployWAR Deploying web application archive [/home/radu/TAK-Server/src/oidf-server/tomcat/webapps/oidc-client.war]
07-May-2025 16:45:24.540 INFO [main] org.apache.catalina.startup.HostConfig.deployWAR Deployment of web application archive [/home/radu/TAK-Server/src/oidf-server/tomcat/webapps/oidc-client.war] has finished in [1,359] ms
07-May-2025 16:45:24.541 INFO [main] org.apache.catalina.startup.HostConfig.deployWAR Deploying web application archive [/home/radu/TAK-Server/src/oidf-server/tomcat/webapps/c2id-logout.war]
07-May-2025 16:45:24.778 INFO [main] org.apache.jasper.servlet.TldScanner.scanJars At least one JAR was scanned for TLDs yet contained no TLDs. Enable debug logging for this logger for a complete list of JARs that were scanned but no TLDs were found in them. Skipping unneeded JARs during scanning can improve startup time and JSP compilation time.
07-May-2025 16:45:24.788 INFO [main] org.apache.catalina.startup.HostConfig.deployWAR Deployment of web application archive [/home/radu/TAK-Server/src/oidf-server/tomcat/webapps/c2id-logout.war] has finished in [247] ms
07-May-2025 16:45:24.788 INFO [main] org.apache.catalina.startup.HostConfig.deployWAR Deploying web application archive [/home/radu/TAK-Server/src/oidf-server/tomcat/webapps/c2id.war]
07-May-2025 16:45:29.683 INFO [main] org.apache.jasper.servlet.TldScanner.scanJars At least one JAR was scanned for TLDs yet contained no TLDs. Enable debug logging for this logger for a complete list of JARs that were scanned but no TLDs were found in them. Skipping unneeded JARs during scanning can improve startup time and JSP compilation time.
07-May-2025 16:45:34.748 WARNING [main] org.glassfish.jersey.message.internal.MessagingBinders$EnabledProvidersBinder.bindToBinder A class jakarta.activation.DataSource for a default provider MessageBodyWriter<jakarta.activation.DataSource> was not found. The provider is not available.
07-May-2025 16:45:34.772 WARNING [main] org.glassfish.jersey.server.wadl.WadlFeature.configure JAX-B API not found . WADL feature is disabled.
07-May-2025 16:45:34.853 WARNING [main] org.glassfish.jersey.internal.inject.Providers.checkProviderRuntime A provider com.nimbusds.openid.connect.provider.sts.STSEndpoint registered in SERVER runtime does not implement any provider interfaces applicable in the SERVER runtime. Due to constraint configuration problems the provider com.nimbusds.openid.connect.provider.sts.STSEndpoint will be ignored. 
07-May-2025 16:45:34.984 WARNING [main] org.glassfish.jersey.server.wadl.WadlFeature.configure JAX-B API not found . WADL feature is disabled.
07-May-2025 16:45:34.993 WARNING [main] org.glassfish.jersey.internal.inject.Providers.checkProviderRuntime A provider com.nimbusds.authzstore.rest.WebAPI registered in SERVER runtime does not implement any provider interfaces applicable in the SERVER runtime. Due to constraint configuration problems the provider com.nimbusds.authzstore.rest.WebAPI will be ignored. 
07-May-2025 16:45:35.061 WARNING [main] org.glassfish.jersey.server.wadl.WadlFeature.configure JAX-B API not found . WADL feature is disabled.
07-May-2025 16:45:35.064 WARNING [main] org.glassfish.jersey.internal.inject.Providers.checkProviderRuntime A provider com.nimbusds.openid.connect.provider.ciba.sessions.CIBASessionsEndpoint registered in SERVER runtime does not implement any provider interfaces applicable in the SERVER runtime. Due to constraint configuration problems the provider com.nimbusds.openid.connect.provider.ciba.sessions.CIBASessionsEndpoint will be ignored. 
07-May-2025 16:45:35.090 WARNING [main] org.glassfish.jersey.server.wadl.WadlFeature.configure JAX-B API not found . WADL feature is disabled.
07-May-2025 16:45:35.092 WARNING [main] org.glassfish.jersey.internal.inject.Providers.checkProviderRuntime A provider com.nimbusds.openid.connect.provider.checksession.CheckSessionBackendEndpoint registered in SERVER runtime does not implement any provider interfaces applicable in the SERVER runtime. Due to constraint configuration problems the provider com.nimbusds.openid.connect.provider.checksession.CheckSessionBackendEndpoint will be ignored. 
07-May-2025 16:45:35.121 WARNING [main] org.glassfish.jersey.server.wadl.WadlFeature.configure JAX-B API not found . WADL feature is disabled.
07-May-2025 16:45:35.169 WARNING [main] org.glassfish.jersey.server.wadl.WadlFeature.configure JAX-B API not found . WADL feature is disabled.
07-May-2025 16:45:35.176 WARNING [main] org.glassfish.jersey.internal.inject.Providers.checkProviderRuntime A provider com.nimbusds.sessionstore.rest.WebAPI registered in SERVER runtime does not implement any provider interfaces applicable in the SERVER runtime. Due to constraint configuration problems the provider com.nimbusds.sessionstore.rest.WebAPI will be ignored. 
07-May-2025 16:45:35.217 WARNING [main] org.glassfish.jersey.server.wadl.WadlFeature.configure JAX-B API not found . WADL feature is disabled.
07-May-2025 16:45:35.221 WARNING [main] org.glassfish.jersey.internal.inject.Providers.checkProviderRuntime A provider com.nimbusds.openid.connect.provider.authz.AuthorizationSessionEndpoint registered in SERVER runtime does not implement any provider interfaces applicable in the SERVER runtime. Due to constraint configuration problems the provider com.nimbusds.openid.connect.provider.authz.AuthorizationSessionEndpoint will be ignored. 
07-May-2025 16:45:35.247 WARNING [main] org.glassfish.jersey.server.wadl.WadlFeature.configure JAX-B API not found . WADL feature is disabled.
07-May-2025 16:45:35.249 WARNING [main] org.glassfish.jersey.internal.inject.Providers.checkProviderRuntime A provider com.nimbusds.openid.connect.provider.config.ConfigurationEndpoint registered in SERVER runtime does not implement any provider interfaces applicable in the SERVER runtime. Due to constraint configuration problems the provider com.nimbusds.openid.connect.provider.config.ConfigurationEndpoint will be ignored. 
07-May-2025 16:45:35.269 WARNING [main] org.glassfish.jersey.server.wadl.WadlFeature.configure JAX-B API not found . WADL feature is disabled.
07-May-2025 16:45:35.271 WARNING [main] org.glassfish.jersey.internal.inject.Providers.checkProviderRuntime A provider com.nimbusds.openid.connect.provider.authz.DirectAuthorizationEndpoint registered in SERVER runtime does not implement any provider interfaces applicable in the SERVER runtime. Due to constraint configuration problems the provider com.nimbusds.openid.connect.provider.authz.DirectAuthorizationEndpoint will be ignored. 
07-May-2025 16:45:35.291 WARNING [main] org.glassfish.jersey.server.wadl.WadlFeature.configure JAX-B API not found . WADL feature is disabled.
07-May-2025 16:45:35.293 WARNING [main] org.glassfish.jersey.internal.inject.Providers.checkProviderRuntime A provider com.nimbusds.openid.connect.provider.logout.endpoint.LogoutSessionEndpoint registered in SERVER runtime does not implement any provider interfaces applicable in the SERVER runtime. Due to constraint configuration problems the provider com.nimbusds.openid.connect.provider.logout.endpoint.LogoutSessionEndpoint will be ignored. 
07-May-2025 16:45:35.410 INFO [main] org.apache.catalina.startup.HostConfig.deployWAR Deployment of web application archive [/home/radu/TAK-Server/src/oidf-server/tomcat/webapps/c2id.war] has finished in [10,622] ms
07-May-2025 16:45:35.411 INFO [main] org.apache.catalina.startup.HostConfig.deployDirectory Deploying web application directory [/home/radu/TAK-Server/src/oidf-server/tomcat/webapps/manager]
07-May-2025 16:45:35.434 INFO [main] org.apache.catalina.startup.HostConfig.deployDirectory Deployment of web application directory [/home/radu/TAK-Server/src/oidf-server/tomcat/webapps/manager] has finished in [23] ms
07-May-2025 16:45:35.434 INFO [main] org.apache.catalina.startup.HostConfig.deployDirectory Deploying web application directory [/home/radu/TAK-Server/src/oidf-server/tomcat/webapps/ROOT]
07-May-2025 16:45:35.445 INFO [main] org.apache.catalina.startup.HostConfig.deployDirectory Deployment of web application directory [/home/radu/TAK-Server/src/oidf-server/tomcat/webapps/ROOT] has finished in [11] ms
07-May-2025 16:45:35.445 INFO [main] org.apache.catalina.startup.HostConfig.deployDirectory Deploying web application directory [/home/radu/TAK-Server/src/oidf-server/tomcat/webapps/host-manager]
07-May-2025 16:45:35.459 INFO [main] org.apache.catalina.startup.HostConfig.deployDirectory Deployment of web application directory [/home/radu/TAK-Server/src/oidf-server/tomcat/webapps/host-manager] has finished in [14] ms
07-May-2025 16:45:35.463 INFO [main] org.apache.coyote.AbstractProtocol.start Starting ProtocolHandler ["http-nio-8080"]
07-May-2025 16:45:35.472 INFO [main] org.apache.catalina.startup.Catalina.start Server startup in [23111] milliseconds
07-May-2025 17:10:09.811 INFO [main] org.apache.catalina.core.StandardServer.await A valid shutdown command was received via the shutdown port. Stopping the Server instance.
07-May-2025 17:10:09.811 INFO [main] org.apache.coyote.AbstractProtocol.pause Pausing ProtocolHandler ["http-nio-8080"]
07-May-2025 17:10:09.813 INFO [main] org.apache.catalina.core.StandardService.stopInternal Stopping service [Catalina]
07-May-2025 17:10:10.178 WARNING [main] org.apache.catalina.loader.WebappClassLoaderBase.clearReferencesThreads The web application [c2id] appears to have started a thread named [RxCachedWorkerPoolEvictor-1] but has failed to stop it. This is very likely to create a memory leak. Stack trace of thread:
 java.base@17.0.15/jdk.internal.misc.Unsafe.park(Native Method)
 java.base@17.0.15/java.util.concurrent.locks.LockSupport.parkNanos(LockSupport.java:252)
 java.base@17.0.15/java.util.concurrent.locks.AbstractQueuedSynchronizer$ConditionObject.awaitNanos(AbstractQueuedSynchronizer.java:1679)
 java.base@17.0.15/java.util.concurrent.ScheduledThreadPoolExecutor$DelayedWorkQueue.take(ScheduledThreadPoolExecutor.java:1182)
 java.base@17.0.15/java.util.concurrent.ScheduledThreadPoolExecutor$DelayedWorkQueue.take(ScheduledThreadPoolExecutor.java:899)
 java.base@17.0.15/java.util.concurrent.ThreadPoolExecutor.getTask(ThreadPoolExecutor.java:1062)
 java.base@17.0.15/java.util.concurrent.ThreadPoolExecutor.runWorker(ThreadPoolExecutor.java:1122)
 java.base@17.0.15/java.util.concurrent.ThreadPoolExecutor$Worker.run(ThreadPoolExecutor.java:635)
 java.base@17.0.15/java.lang.Thread.run(Thread.java:840)
07-May-2025 17:10:10.179 WARNING [main] org.apache.catalina.loader.WebappClassLoaderBase.clearReferencesThreads The web application [c2id] appears to have started a thread named [HttpClient-1-SelectorManager] but has failed to stop it. This is very likely to create a memory leak. Stack trace of thread:
 java.base@17.0.15/sun.nio.ch.EPoll.wait(Native Method)
 java.base@17.0.15/sun.nio.ch.EPollSelectorImpl.doSelect(EPollSelectorImpl.java:118)
 java.base@17.0.15/sun.nio.ch.SelectorImpl.lockAndDoSelect(SelectorImpl.java:129)
 java.base@17.0.15/sun.nio.ch.SelectorImpl.select(SelectorImpl.java:141)
 platform/java.net.http@17.0.15/jdk.internal.net.http.HttpClientImpl$SelectorManager.run(HttpClientImpl.java:894)
07-May-2025 17:10:10.200 INFO [main] org.apache.coyote.AbstractProtocol.stop Stopping ProtocolHandler ["http-nio-8080"]
07-May-2025 17:10:10.211 INFO [main] org.apache.coyote.AbstractProtocol.destroy Destroying ProtocolHandler ["http-nio-8080"]
07-May-2025 17:12:12.243 INFO [main] org.apache.catalina.startup.VersionLoggerListener.log Server version name:   Apache Tomcat/10.1.39
07-May-2025 17:12:12.258 INFO [main] org.apache.catalina.startup.VersionLoggerListener.log Server built:          Mar 4 2025 19:02:32 UTC
07-May-2025 17:12:12.258 INFO [main] org.apache.catalina.startup.VersionLoggerListener.log Server version number: 10.1.39.0
07-May-2025 17:12:12.259 INFO [main] org.apache.catalina.startup.VersionLoggerListener.log OS Name:               Linux
07-May-2025 17:12:12.259 INFO [main] org.apache.catalina.startup.VersionLoggerListener.log OS Version:            6.8.0-59-generic
07-May-2025 17:12:12.259 INFO [main] org.apache.catalina.startup.VersionLoggerListener.log Architecture:          amd64
07-May-2025 17:12:12.259 INFO [main] org.apache.catalina.startup.VersionLoggerListener.log Java Home:             /usr/lib/jvm/java-17-openjdk-amd64
07-May-2025 17:12:12.261 INFO [main] org.apache.catalina.startup.VersionLoggerListener.log JVM Version:           17.0.15+6-Ubuntu-0ubuntu122.04
07-May-2025 17:12:12.261 INFO [main] org.apache.catalina.startup.VersionLoggerListener.log JVM Vendor:            Ubuntu
07-May-2025 17:12:12.262 INFO [main] org.apache.catalina.startup.VersionLoggerListener.log CATALINA_BASE:         /home/radu/TAK-Server/src/oidf-server/tomcat
07-May-2025 17:12:12.262 INFO [main] org.apache.catalina.startup.VersionLoggerListener.log CATALINA_HOME:         /home/radu/TAK-Server/src/oidf-server/tomcat
07-May-2025 17:12:12.267 INFO [main] org.apache.catalina.core.AprLifecycleListener.lifecycleEvent The Apache Tomcat Native library which allows using OpenSSL was not found on the java.library.path: [/home/radu/opt/lib::/usr/java/packages/lib:/usr/lib/x86_64-linux-gnu/jni:/lib/x86_64-linux-gnu:/usr/lib/x86_64-linux-gnu:/usr/lib/jni:/lib:/usr/lib]
07-May-2025 17:12:13.341 INFO [main] org.apache.coyote.AbstractProtocol.init Initializing ProtocolHandler ["http-nio-8080"]
07-May-2025 17:12:13.446 INFO [main] org.apache.catalina.startup.Catalina.load Server initialization in [1833] milliseconds
07-May-2025 17:12:13.644 INFO [main] org.apache.catalina.core.StandardService.startInternal Starting service [Catalina]
07-May-2025 17:12:13.645 INFO [main] org.apache.catalina.core.StandardEngine.startInternal Starting Servlet engine: [Apache Tomcat/10.1.39]
07-May-2025 17:12:13.702 INFO [main] org.apache.catalina.startup.HostConfig.deployWAR Deploying web application archive [/home/radu/TAK-Server/src/oidf-server/tomcat/webapps/ldapauth.war]
07-May-2025 17:12:14.860 INFO [main] org.apache.jasper.servlet.TldScanner.scanJars At least one JAR was scanned for TLDs yet contained no TLDs. Enable debug logging for this logger for a complete list of JARs that were scanned but no TLDs were found in them. Skipping unneeded JARs during scanning can improve startup time and JSP compilation time.
07-May-2025 17:12:16.744 INFO [main] org.apache.catalina.startup.HostConfig.deployWAR Deployment of web application archive [/home/radu/TAK-Server/src/oidf-server/tomcat/webapps/ldapauth.war] has finished in [3,040] ms
07-May-2025 17:12:16.745 INFO [main] org.apache.catalina.startup.HostConfig.deployWAR Deploying web application archive [/home/radu/TAK-Server/src/oidf-server/tomcat/webapps/password-grant-handler.war]
07-May-2025 17:12:17.348 INFO [main] org.apache.jasper.servlet.TldScanner.scanJars At least one JAR was scanned for TLDs yet contained no TLDs. Enable debug logging for this logger for a complete list of JARs that were scanned but no TLDs were found in them. Skipping unneeded JARs during scanning can improve startup time and JSP compilation time.
07-May-2025 17:12:18.158 INFO [main] org.apache.catalina.startup.HostConfig.deployWAR Deployment of web application archive [/home/radu/TAK-Server/src/oidf-server/tomcat/webapps/password-grant-handler.war] has finished in [1,412] ms
07-May-2025 17:12:18.160 INFO [main] org.apache.catalina.startup.HostConfig.deployWAR Deploying web application archive [/home/radu/TAK-Server/src/oidf-server/tomcat/webapps/c2id-login.war]
07-May-2025 17:12:20.827 INFO [main] org.apache.jasper.servlet.TldScanner.scanJars At least one JAR was scanned for TLDs yet contained no TLDs. Enable debug logging for this logger for a complete list of JARs that were scanned but no TLDs were found in them. Skipping unneeded JARs during scanning can improve startup time and JSP compilation time.
07-May-2025 17:12:28.320 INFO [main] org.apache.catalina.startup.HostConfig.deployWAR Deployment of web application archive [/home/radu/TAK-Server/src/oidf-server/tomcat/webapps/c2id-login.war] has finished in [10,160] ms
07-May-2025 17:12:28.321 INFO [main] org.apache.catalina.startup.HostConfig.deployWAR Deploying web application archive [/home/radu/TAK-Server/src/oidf-server/tomcat/webapps/oidc-client.war]
07-May-2025 17:12:30.426 INFO [main] org.apache.catalina.startup.HostConfig.deployWAR Deployment of web application archive [/home/radu/TAK-Server/src/oidf-server/tomcat/webapps/oidc-client.war] has finished in [2,105] ms
07-May-2025 17:12:30.427 INFO [main] org.apache.catalina.startup.HostConfig.deployWAR Deploying web application archive [/home/radu/TAK-Server/src/oidf-server/tomcat/webapps/c2id-logout.war]
07-May-2025 17:12:30.752 INFO [main] org.apache.jasper.servlet.TldScanner.scanJars At least one JAR was scanned for TLDs yet contained no TLDs. Enable debug logging for this logger for a complete list of JARs that were scanned but no TLDs were found in them. Skipping unneeded JARs during scanning can improve startup time and JSP compilation time.
07-May-2025 17:12:30.774 INFO [main] org.apache.catalina.startup.HostConfig.deployWAR Deployment of web application archive [/home/radu/TAK-Server/src/oidf-server/tomcat/webapps/c2id-logout.war] has finished in [348] ms
07-May-2025 17:12:30.777 INFO [main] org.apache.catalina.startup.HostConfig.deployWAR Deploying web application archive [/home/radu/TAK-Server/src/oidf-server/tomcat/webapps/c2id.war]
07-May-2025 17:12:37.134 INFO [main] org.apache.jasper.servlet.TldScanner.scanJars At least one JAR was scanned for TLDs yet contained no TLDs. Enable debug logging for this logger for a complete list of JARs that were scanned but no TLDs were found in them. Skipping unneeded JARs during scanning can improve startup time and JSP compilation time.
07-May-2025 17:12:43.615 WARNING [main] org.glassfish.jersey.message.internal.MessagingBinders$EnabledProvidersBinder.bindToBinder A class jakarta.activation.DataSource for a default provider MessageBodyWriter<jakarta.activation.DataSource> was not found. The provider is not available.
07-May-2025 17:12:43.637 WARNING [main] org.glassfish.jersey.server.wadl.WadlFeature.configure JAX-B API not found . WADL feature is disabled.
07-May-2025 17:12:43.714 WARNING [main] org.glassfish.jersey.internal.inject.Providers.checkProviderRuntime A provider com.nimbusds.openid.connect.provider.sts.STSEndpoint registered in SERVER runtime does not implement any provider interfaces applicable in the SERVER runtime. Due to constraint configuration problems the provider com.nimbusds.openid.connect.provider.sts.STSEndpoint will be ignored. 
07-May-2025 17:12:43.832 WARNING [main] org.glassfish.jersey.server.wadl.WadlFeature.configure JAX-B API not found . WADL feature is disabled.
07-May-2025 17:12:43.840 WARNING [main] org.glassfish.jersey.internal.inject.Providers.checkProviderRuntime A provider com.nimbusds.authzstore.rest.WebAPI registered in SERVER runtime does not implement any provider interfaces applicable in the SERVER runtime. Due to constraint configuration problems the provider com.nimbusds.authzstore.rest.WebAPI will be ignored. 
07-May-2025 17:12:43.905 WARNING [main] org.glassfish.jersey.server.wadl.WadlFeature.configure JAX-B API not found . WADL feature is disabled.
07-May-2025 17:12:43.908 WARNING [main] org.glassfish.jersey.internal.inject.Providers.checkProviderRuntime A provider com.nimbusds.openid.connect.provider.ciba.sessions.CIBASessionsEndpoint registered in SERVER runtime does not implement any provider interfaces applicable in the SERVER runtime. Due to constraint configuration problems the provider com.nimbusds.openid.connect.provider.ciba.sessions.CIBASessionsEndpoint will be ignored. 
07-May-2025 17:12:43.937 WARNING [main] org.glassfish.jersey.server.wadl.WadlFeature.configure JAX-B API not found . WADL feature is disabled.
07-May-2025 17:12:43.940 WARNING [main] org.glassfish.jersey.internal.inject.Providers.checkProviderRuntime A provider com.nimbusds.openid.connect.provider.checksession.CheckSessionBackendEndpoint registered in SERVER runtime does not implement any provider interfaces applicable in the SERVER runtime. Due to constraint configuration problems the provider com.nimbusds.openid.connect.provider.checksession.CheckSessionBackendEndpoint will be ignored. 
07-May-2025 17:12:43.971 WARNING [main] org.glassfish.jersey.server.wadl.WadlFeature.configure JAX-B API not found . WADL feature is disabled.
07-May-2025 17:12:44.024 WARNING [main] org.glassfish.jersey.server.wadl.WadlFeature.configure JAX-B API not found . WADL feature is disabled.
07-May-2025 17:12:44.031 WARNING [main] org.glassfish.jersey.internal.inject.Providers.checkProviderRuntime A provider com.nimbusds.sessionstore.rest.WebAPI registered in SERVER runtime does not implement any provider interfaces applicable in the SERVER runtime. Due to constraint configuration problems the provider com.nimbusds.sessionstore.rest.WebAPI will be ignored. 
07-May-2025 17:12:44.074 WARNING [main] org.glassfish.jersey.server.wadl.WadlFeature.configure JAX-B API not found . WADL feature is disabled.
07-May-2025 17:12:44.079 WARNING [main] org.glassfish.jersey.internal.inject.Providers.checkProviderRuntime A provider com.nimbusds.openid.connect.provider.authz.AuthorizationSessionEndpoint registered in SERVER runtime does not implement any provider interfaces applicable in the SERVER runtime. Due to constraint configuration problems the provider com.nimbusds.openid.connect.provider.authz.AuthorizationSessionEndpoint will be ignored. 
07-May-2025 17:12:44.106 WARNING [main] org.glassfish.jersey.server.wadl.WadlFeature.configure JAX-B API not found . WADL feature is disabled.
07-May-2025 17:12:44.109 WARNING [main] org.glassfish.jersey.internal.inject.Providers.checkProviderRuntime A provider com.nimbusds.openid.connect.provider.config.ConfigurationEndpoint registered in SERVER runtime does not implement any provider interfaces applicable in the SERVER runtime. Due to constraint configuration problems the provider com.nimbusds.openid.connect.provider.config.ConfigurationEndpoint will be ignored. 
07-May-2025 17:12:44.130 WARNING [main] org.glassfish.jersey.server.wadl.WadlFeature.configure JAX-B API not found . WADL feature is disabled.
07-May-2025 17:12:44.133 WARNING [main] org.glassfish.jersey.internal.inject.Providers.checkProviderRuntime A provider com.nimbusds.openid.connect.provider.authz.DirectAuthorizationEndpoint registered in SERVER runtime does not implement any provider interfaces applicable in the SERVER runtime. Due to constraint configuration problems the provider com.nimbusds.openid.connect.provider.authz.DirectAuthorizationEndpoint will be ignored. 
07-May-2025 17:12:44.160 WARNING [main] org.glassfish.jersey.server.wadl.WadlFeature.configure JAX-B API not found . WADL feature is disabled.
07-May-2025 17:12:44.163 WARNING [main] org.glassfish.jersey.internal.inject.Providers.checkProviderRuntime A provider com.nimbusds.openid.connect.provider.logout.endpoint.LogoutSessionEndpoint registered in SERVER runtime does not implement any provider interfaces applicable in the SERVER runtime. Due to constraint configuration problems the provider com.nimbusds.openid.connect.provider.logout.endpoint.LogoutSessionEndpoint will be ignored. 
07-May-2025 17:12:44.286 INFO [main] org.apache.catalina.startup.HostConfig.deployWAR Deployment of web application archive [/home/radu/TAK-Server/src/oidf-server/tomcat/webapps/c2id.war] has finished in [13,509] ms
07-May-2025 17:12:44.286 INFO [main] org.apache.catalina.startup.HostConfig.deployDirectory Deploying web application directory [/home/radu/TAK-Server/src/oidf-server/tomcat/webapps/manager]
07-May-2025 17:12:44.311 INFO [main] org.apache.catalina.startup.HostConfig.deployDirectory Deployment of web application directory [/home/radu/TAK-Server/src/oidf-server/tomcat/webapps/manager] has finished in [25] ms
07-May-2025 17:12:44.311 INFO [main] org.apache.catalina.startup.HostConfig.deployDirectory Deploying web application directory [/home/radu/TAK-Server/src/oidf-server/tomcat/webapps/ROOT]
07-May-2025 17:12:44.322 INFO [main] org.apache.catalina.startup.HostConfig.deployDirectory Deployment of web application directory [/home/radu/TAK-Server/src/oidf-server/tomcat/webapps/ROOT] has finished in [11] ms
07-May-2025 17:12:44.323 INFO [main] org.apache.catalina.startup.HostConfig.deployDirectory Deploying web application directory [/home/radu/TAK-Server/src/oidf-server/tomcat/webapps/host-manager]
07-May-2025 17:12:44.338 INFO [main] org.apache.catalina.startup.HostConfig.deployDirectory Deployment of web application directory [/home/radu/TAK-Server/src/oidf-server/tomcat/webapps/host-manager] has finished in [14] ms
07-May-2025 17:12:44.343 INFO [main] org.apache.coyote.AbstractProtocol.start Starting ProtocolHandler ["http-nio-8080"]
07-May-2025 17:12:44.355 INFO [main] org.apache.catalina.startup.Catalina.start Server startup in [30909] milliseconds
07-May-2025 17:13:10.135 INFO [main] org.apache.catalina.core.StandardServer.await A valid shutdown command was received via the shutdown port. Stopping the Server instance.
07-May-2025 17:13:10.135 INFO [main] org.apache.coyote.AbstractProtocol.pause Pausing ProtocolHandler ["http-nio-8080"]
07-May-2025 17:13:10.137 INFO [main] org.apache.catalina.core.StandardService.stopInternal Stopping service [Catalina]
07-May-2025 17:13:10.601 WARNING [main] org.apache.catalina.loader.WebappClassLoaderBase.clearReferencesThreads The web application [c2id] appears to have started a thread named [RxCachedWorkerPoolEvictor-1] but has failed to stop it. This is very likely to create a memory leak. Stack trace of thread:
 java.base@17.0.15/jdk.internal.misc.Unsafe.park(Native Method)
 java.base@17.0.15/java.util.concurrent.locks.LockSupport.parkNanos(LockSupport.java:252)
 java.base@17.0.15/java.util.concurrent.locks.AbstractQueuedSynchronizer$ConditionObject.awaitNanos(AbstractQueuedSynchronizer.java:1679)
 java.base@17.0.15/java.util.concurrent.ScheduledThreadPoolExecutor$DelayedWorkQueue.take(ScheduledThreadPoolExecutor.java:1182)
 java.base@17.0.15/java.util.concurrent.ScheduledThreadPoolExecutor$DelayedWorkQueue.take(ScheduledThreadPoolExecutor.java:899)
 java.base@17.0.15/java.util.concurrent.ThreadPoolExecutor.getTask(ThreadPoolExecutor.java:1062)
 java.base@17.0.15/java.util.concurrent.ThreadPoolExecutor.runWorker(ThreadPoolExecutor.java:1122)
 java.base@17.0.15/java.util.concurrent.ThreadPoolExecutor$Worker.run(ThreadPoolExecutor.java:635)
 java.base@17.0.15/java.lang.Thread.run(Thread.java:840)
07-May-2025 17:13:10.602 WARNING [main] org.apache.catalina.loader.WebappClassLoaderBase.clearReferencesThreads The web application [c2id] appears to have started a thread named [HttpClient-1-SelectorManager] but has failed to stop it. This is very likely to create a memory leak. Stack trace of thread:
 java.base@17.0.15/sun.nio.ch.EPoll.wait(Native Method)
 java.base@17.0.15/sun.nio.ch.EPollSelectorImpl.doSelect(EPollSelectorImpl.java:118)
 java.base@17.0.15/sun.nio.ch.SelectorImpl.lockAndDoSelect(SelectorImpl.java:129)
 java.base@17.0.15/sun.nio.ch.SelectorImpl.select(SelectorImpl.java:141)
 platform/java.net.http@17.0.15/jdk.internal.net.http.HttpClientImpl$SelectorManager.run(HttpClientImpl.java:894)
07-May-2025 17:13:10.621 INFO [main] org.apache.coyote.AbstractProtocol.stop Stopping ProtocolHandler ["http-nio-8080"]
07-May-2025 17:13:10.624 INFO [main] org.apache.coyote.AbstractProtocol.destroy Destroying ProtocolHandler ["http-nio-8080"]
