08-May-2025 13:58:36.261 INFO [main] org.apache.catalina.startup.VersionLoggerListener.log Server version name:   Apache Tomcat/10.1.39
08-May-2025 13:58:36.279 INFO [main] org.apache.catalina.startup.VersionLoggerListener.log Server built:          Mar 4 2025 19:02:32 UTC
08-May-2025 13:58:36.279 INFO [main] org.apache.catalina.startup.VersionLoggerListener.log Server version number: 10.1.39.0
08-May-2025 13:58:36.279 INFO [main] org.apache.catalina.startup.VersionLoggerListener.log OS Name:               Linux
08-May-2025 13:58:36.279 INFO [main] org.apache.catalina.startup.VersionLoggerListener.log OS Version:            6.8.0-59-generic
08-May-2025 13:58:36.279 INFO [main] org.apache.catalina.startup.VersionLoggerListener.log Architecture:          amd64
08-May-2025 13:58:36.279 INFO [main] org.apache.catalina.startup.VersionLoggerListener.log Java Home:             /usr/lib/jvm/java-17-openjdk-amd64
08-May-2025 13:58:36.280 INFO [main] org.apache.catalina.startup.VersionLoggerListener.log JVM Version:           17.0.15+6-Ubuntu-0ubuntu122.04
08-May-2025 13:58:36.280 INFO [main] org.apache.catalina.startup.VersionLoggerListener.log JVM Vendor:            Ubuntu
08-May-2025 13:58:36.284 INFO [main] org.apache.catalina.startup.VersionLoggerListener.log CATALINA_BASE:         /home/radu/TAK-Server/src/oidf-server/tomcat
08-May-2025 13:58:36.284 INFO [main] org.apache.catalina.startup.VersionLoggerListener.log CATALINA_HOME:         /home/radu/TAK-Server/src/oidf-server/tomcat
08-May-2025 13:58:36.292 INFO [main] org.apache.catalina.core.AprLifecycleListener.lifecycleEvent The Apache Tomcat Native library which allows using OpenSSL was not found on the java.library.path: [/home/radu/opt/lib::/usr/java/packages/lib:/usr/lib/x86_64-linux-gnu/jni:/lib/x86_64-linux-gnu:/usr/lib/x86_64-linux-gnu:/usr/lib/jni:/lib:/usr/lib]
08-May-2025 13:58:37.394 INFO [main] org.apache.coyote.AbstractProtocol.init Initializing ProtocolHandler ["http-nio-8080"]
08-May-2025 13:58:37.476 INFO [main] org.apache.catalina.startup.Catalina.load Server initialization in [1958] milliseconds
08-May-2025 13:58:37.713 INFO [main] org.apache.catalina.core.StandardService.startInternal Starting service [Catalina]
08-May-2025 13:58:37.714 INFO [main] org.apache.catalina.core.StandardEngine.startInternal Starting Servlet engine: [Apache Tomcat/10.1.39]
08-May-2025 13:58:37.796 INFO [main] org.apache.catalina.startup.HostConfig.deployWAR Deploying web application archive [/home/radu/TAK-Server/src/oidf-server/tomcat/webapps/ldapauth.war]
08-May-2025 13:58:39.006 INFO [main] org.apache.jasper.servlet.TldScanner.scanJars At least one JAR was scanned for TLDs yet contained no TLDs. Enable debug logging for this logger for a complete list of JARs that were scanned but no TLDs were found in them. Skipping unneeded JARs during scanning can improve startup time and JSP compilation time.
08-May-2025 13:58:41.273 INFO [main] org.apache.catalina.startup.HostConfig.deployWAR Deployment of web application archive [/home/radu/TAK-Server/src/oidf-server/tomcat/webapps/ldapauth.war] has finished in [3,464] ms
08-May-2025 13:58:41.276 INFO [main] org.apache.catalina.startup.HostConfig.deployWAR Deploying web application archive [/home/radu/TAK-Server/src/oidf-server/tomcat/webapps/password-grant-handler.war]
08-May-2025 13:58:41.785 INFO [main] org.apache.jasper.servlet.TldScanner.scanJars At least one JAR was scanned for TLDs yet contained no TLDs. Enable debug logging for this logger for a complete list of JARs that were scanned but no TLDs were found in them. Skipping unneeded JARs during scanning can improve startup time and JSP compilation time.
08-May-2025 13:58:42.689 INFO [main] org.apache.catalina.startup.HostConfig.deployWAR Deployment of web application archive [/home/radu/TAK-Server/src/oidf-server/tomcat/webapps/password-grant-handler.war] has finished in [1,413] ms
08-May-2025 13:58:42.694 INFO [main] org.apache.catalina.startup.HostConfig.deployWAR Deploying web application archive [/home/radu/TAK-Server/src/oidf-server/tomcat/webapps/c2id-login.war]
08-May-2025 13:58:45.997 INFO [main] org.apache.jasper.servlet.TldScanner.scanJars At least one JAR was scanned for TLDs yet contained no TLDs. Enable debug logging for this logger for a complete list of JARs that were scanned but no TLDs were found in them. Skipping unneeded JARs during scanning can improve startup time and JSP compilation time.
08-May-2025 13:58:56.386 INFO [main] org.apache.catalina.startup.HostConfig.deployWAR Deployment of web application archive [/home/radu/TAK-Server/src/oidf-server/tomcat/webapps/c2id-login.war] has finished in [13,691] ms
08-May-2025 13:58:56.390 INFO [main] org.apache.catalina.startup.HostConfig.deployWAR Deploying web application archive [/home/radu/TAK-Server/src/oidf-server/tomcat/webapps/oidc-client.war]
08-May-2025 13:58:58.179 INFO [main] org.apache.catalina.startup.HostConfig.deployWAR Deployment of web application archive [/home/radu/TAK-Server/src/oidf-server/tomcat/webapps/oidc-client.war] has finished in [1,789] ms
08-May-2025 13:58:58.182 INFO [main] org.apache.catalina.startup.HostConfig.deployWAR Deploying web application archive [/home/radu/TAK-Server/src/oidf-server/tomcat/webapps/c2id-logout.war]
08-May-2025 13:58:58.513 INFO [main] org.apache.jasper.servlet.TldScanner.scanJars At least one JAR was scanned for TLDs yet contained no TLDs. Enable debug logging for this logger for a complete list of JARs that were scanned but no TLDs were found in them. Skipping unneeded JARs during scanning can improve startup time and JSP compilation time.
08-May-2025 13:58:58.543 INFO [main] org.apache.catalina.startup.HostConfig.deployWAR Deployment of web application archive [/home/radu/TAK-Server/src/oidf-server/tomcat/webapps/c2id-logout.war] has finished in [362] ms
08-May-2025 13:58:58.543 INFO [main] org.apache.catalina.startup.HostConfig.deployWAR Deploying web application archive [/home/radu/TAK-Server/src/oidf-server/tomcat/webapps/c2id.war]
08-May-2025 13:59:07.486 INFO [main] org.apache.jasper.servlet.TldScanner.scanJars At least one JAR was scanned for TLDs yet contained no TLDs. Enable debug logging for this logger for a complete list of JARs that were scanned but no TLDs were found in them. Skipping unneeded JARs during scanning can improve startup time and JSP compilation time.
08-May-2025 13:59:14.544 WARNING [main] org.glassfish.jersey.message.internal.MessagingBinders$EnabledProvidersBinder.bindToBinder A class jakarta.activation.DataSource for a default provider MessageBodyWriter<jakarta.activation.DataSource> was not found. The provider is not available.
08-May-2025 13:59:14.570 WARNING [main] org.glassfish.jersey.server.wadl.WadlFeature.configure JAX-B API not found . WADL feature is disabled.
08-May-2025 13:59:14.656 WARNING [main] org.glassfish.jersey.internal.inject.Providers.checkProviderRuntime A provider com.nimbusds.openid.connect.provider.sts.STSEndpoint registered in SERVER runtime does not implement any provider interfaces applicable in the SERVER runtime. Due to constraint configuration problems the provider com.nimbusds.openid.connect.provider.sts.STSEndpoint will be ignored. 
08-May-2025 13:59:14.800 WARNING [main] org.glassfish.jersey.server.wadl.WadlFeature.configure JAX-B API not found . WADL feature is disabled.
08-May-2025 13:59:14.809 WARNING [main] org.glassfish.jersey.internal.inject.Providers.checkProviderRuntime A provider com.nimbusds.authzstore.rest.WebAPI registered in SERVER runtime does not implement any provider interfaces applicable in the SERVER runtime. Due to constraint configuration problems the provider com.nimbusds.authzstore.rest.WebAPI will be ignored. 
08-May-2025 13:59:14.872 WARNING [main] org.glassfish.jersey.server.wadl.WadlFeature.configure JAX-B API not found . WADL feature is disabled.
08-May-2025 13:59:14.875 WARNING [main] org.glassfish.jersey.internal.inject.Providers.checkProviderRuntime A provider com.nimbusds.openid.connect.provider.ciba.sessions.CIBASessionsEndpoint registered in SERVER runtime does not implement any provider interfaces applicable in the SERVER runtime. Due to constraint configuration problems the provider com.nimbusds.openid.connect.provider.ciba.sessions.CIBASessionsEndpoint will be ignored. 
08-May-2025 13:59:14.907 WARNING [main] org.glassfish.jersey.server.wadl.WadlFeature.configure JAX-B API not found . WADL feature is disabled.
08-May-2025 13:59:14.911 WARNING [main] org.glassfish.jersey.internal.inject.Providers.checkProviderRuntime A provider com.nimbusds.openid.connect.provider.checksession.CheckSessionBackendEndpoint registered in SERVER runtime does not implement any provider interfaces applicable in the SERVER runtime. Due to constraint configuration problems the provider com.nimbusds.openid.connect.provider.checksession.CheckSessionBackendEndpoint will be ignored. 
08-May-2025 13:59:14.946 WARNING [main] org.glassfish.jersey.server.wadl.WadlFeature.configure JAX-B API not found . WADL feature is disabled.
08-May-2025 13:59:15.001 WARNING [main] org.glassfish.jersey.server.wadl.WadlFeature.configure JAX-B API not found . WADL feature is disabled.
08-May-2025 13:59:15.008 WARNING [main] org.glassfish.jersey.internal.inject.Providers.checkProviderRuntime A provider com.nimbusds.sessionstore.rest.WebAPI registered in SERVER runtime does not implement any provider interfaces applicable in the SERVER runtime. Due to constraint configuration problems the provider com.nimbusds.sessionstore.rest.WebAPI will be ignored. 
08-May-2025 13:59:15.052 WARNING [main] org.glassfish.jersey.server.wadl.WadlFeature.configure JAX-B API not found . WADL feature is disabled.
08-May-2025 13:59:15.057 WARNING [main] org.glassfish.jersey.internal.inject.Providers.checkProviderRuntime A provider com.nimbusds.openid.connect.provider.authz.AuthorizationSessionEndpoint registered in SERVER runtime does not implement any provider interfaces applicable in the SERVER runtime. Due to constraint configuration problems the provider com.nimbusds.openid.connect.provider.authz.AuthorizationSessionEndpoint will be ignored. 
08-May-2025 13:59:15.084 WARNING [main] org.glassfish.jersey.server.wadl.WadlFeature.configure JAX-B API not found . WADL feature is disabled.
08-May-2025 13:59:15.086 WARNING [main] org.glassfish.jersey.internal.inject.Providers.checkProviderRuntime A provider com.nimbusds.openid.connect.provider.config.ConfigurationEndpoint registered in SERVER runtime does not implement any provider interfaces applicable in the SERVER runtime. Due to constraint configuration problems the provider com.nimbusds.openid.connect.provider.config.ConfigurationEndpoint will be ignored. 
08-May-2025 13:59:15.107 WARNING [main] org.glassfish.jersey.server.wadl.WadlFeature.configure JAX-B API not found . WADL feature is disabled.
08-May-2025 13:59:15.109 WARNING [main] org.glassfish.jersey.internal.inject.Providers.checkProviderRuntime A provider com.nimbusds.openid.connect.provider.authz.DirectAuthorizationEndpoint registered in SERVER runtime does not implement any provider interfaces applicable in the SERVER runtime. Due to constraint configuration problems the provider com.nimbusds.openid.connect.provider.authz.DirectAuthorizationEndpoint will be ignored. 
08-May-2025 13:59:15.130 WARNING [main] org.glassfish.jersey.server.wadl.WadlFeature.configure JAX-B API not found . WADL feature is disabled.
08-May-2025 13:59:15.133 WARNING [main] org.glassfish.jersey.internal.inject.Providers.checkProviderRuntime A provider com.nimbusds.openid.connect.provider.logout.endpoint.LogoutSessionEndpoint registered in SERVER runtime does not implement any provider interfaces applicable in the SERVER runtime. Due to constraint configuration problems the provider com.nimbusds.openid.connect.provider.logout.endpoint.LogoutSessionEndpoint will be ignored. 
08-May-2025 13:59:15.259 INFO [main] org.apache.catalina.startup.HostConfig.deployWAR Deployment of web application archive [/home/radu/TAK-Server/src/oidf-server/tomcat/webapps/c2id.war] has finished in [16,716] ms
08-May-2025 13:59:15.260 INFO [main] org.apache.catalina.startup.HostConfig.deployDirectory Deploying web application directory [/home/radu/TAK-Server/src/oidf-server/tomcat/webapps/manager]
08-May-2025 13:59:15.285 INFO [main] org.apache.catalina.startup.HostConfig.deployDirectory Deployment of web application directory [/home/radu/TAK-Server/src/oidf-server/tomcat/webapps/manager] has finished in [25] ms
08-May-2025 13:59:15.285 INFO [main] org.apache.catalina.startup.HostConfig.deployDirectory Deploying web application directory [/home/radu/TAK-Server/src/oidf-server/tomcat/webapps/ROOT]
08-May-2025 13:59:15.297 INFO [main] org.apache.catalina.startup.HostConfig.deployDirectory Deployment of web application directory [/home/radu/TAK-Server/src/oidf-server/tomcat/webapps/ROOT] has finished in [12] ms
08-May-2025 13:59:15.297 INFO [main] org.apache.catalina.startup.HostConfig.deployDirectory Deploying web application directory [/home/radu/TAK-Server/src/oidf-server/tomcat/webapps/host-manager]
08-May-2025 13:59:15.312 INFO [main] org.apache.catalina.startup.HostConfig.deployDirectory Deployment of web application directory [/home/radu/TAK-Server/src/oidf-server/tomcat/webapps/host-manager] has finished in [15] ms
08-May-2025 13:59:15.316 INFO [main] org.apache.coyote.AbstractProtocol.start Starting ProtocolHandler ["http-nio-8080"]
08-May-2025 13:59:15.333 INFO [main] org.apache.catalina.startup.Catalina.start Server startup in [37857] milliseconds
08-May-2025 15:01:11.824 INFO [http-nio-8080-exec-4] org.apache.coyote.http11.Http11Processor.service Error parsing HTTP request header
 Note: further occurrences of HTTP request parsing errors will be logged at DEBUG level.
	java.lang.IllegalArgumentException: Invalid character found in method name [0x160x030x010x07a0x010x000x07]0x030x030x100x86_dk0xb80xb1\0xbe0xb20x050xb9x0xe80x81L^0x110xd40x100xa70xc7}0xe20x120x1e0xd00xe7Z0xd97~ ]. HTTP method names must be tokens
		at org.apache.coyote.http11.Http11InputBuffer.parseRequestLine(Http11InputBuffer.java:409)
		at org.apache.coyote.http11.Http11Processor.service(Http11Processor.java:270)
		at org.apache.coyote.AbstractProcessorLight.process(AbstractProcessorLight.java:63)
		at org.apache.coyote.AbstractProtocol$ConnectionHandler.process(AbstractProtocol.java:905)
		at org.apache.tomcat.util.net.NioEndpoint$SocketProcessor.doRun(NioEndpoint.java:1743)
		at org.apache.tomcat.util.net.SocketProcessorBase.run(SocketProcessorBase.java:52)
		at org.apache.tomcat.util.threads.ThreadPoolExecutor.runWorker(ThreadPoolExecutor.java:1190)
		at org.apache.tomcat.util.threads.ThreadPoolExecutor$Worker.run(ThreadPoolExecutor.java:659)
		at org.apache.tomcat.util.threads.TaskThread$WrappingRunnable.run(TaskThread.java:63)
		at java.base/java.lang.Thread.run(Thread.java:840)
08-May-2025 15:01:11.827 INFO [http-nio-8080-exec-5] org.apache.coyote.http11.Http11Processor.service Error parsing HTTP request header
 Note: further occurrences of HTTP request parsing errors will be logged at DEBUG level.
	java.lang.IllegalArgumentException: Invalid character found in method name [0x160x030x010x07a0x010x000x07]0x030x03^0xf20x0f50xa30xc20xba0x160xabW)*0xef0x880xec)|O0xae0x9b|0x110x9b0x190xcc0x10"0x0bv0x9fn0xeb ]. HTTP method names must be tokens
		at org.apache.coyote.http11.Http11InputBuffer.parseRequestLine(Http11InputBuffer.java:409)
		at org.apache.coyote.http11.Http11Processor.service(Http11Processor.java:270)
		at org.apache.coyote.AbstractProcessorLight.process(AbstractProcessorLight.java:63)
		at org.apache.coyote.AbstractProtocol$ConnectionHandler.process(AbstractProtocol.java:905)
		at org.apache.tomcat.util.net.NioEndpoint$SocketProcessor.doRun(NioEndpoint.java:1743)
		at org.apache.tomcat.util.net.SocketProcessorBase.run(SocketProcessorBase.java:52)
		at org.apache.tomcat.util.threads.ThreadPoolExecutor.runWorker(ThreadPoolExecutor.java:1190)
		at org.apache.tomcat.util.threads.ThreadPoolExecutor$Worker.run(ThreadPoolExecutor.java:659)
		at org.apache.tomcat.util.threads.TaskThread$WrappingRunnable.run(TaskThread.java:63)
		at java.base/java.lang.Thread.run(Thread.java:840)
08-May-2025 16:50:16.820 INFO [main] org.apache.catalina.core.StandardServer.await A valid shutdown command was received via the shutdown port. Stopping the Server instance.
08-May-2025 16:50:16.842 INFO [main] org.apache.coyote.AbstractProtocol.pause Pausing ProtocolHandler ["http-nio-8080"]
08-May-2025 16:50:16.843 INFO [main] org.apache.catalina.core.StandardService.stopInternal Stopping service [Catalina]
08-May-2025 16:50:17.317 WARNING [main] org.apache.catalina.loader.WebappClassLoaderBase.clearReferencesThreads The web application [c2id] appears to have started a thread named [RxCachedWorkerPoolEvictor-1] but has failed to stop it. This is very likely to create a memory leak. Stack trace of thread:
 java.base@17.0.15/jdk.internal.misc.Unsafe.park(Native Method)
 java.base@17.0.15/java.util.concurrent.locks.LockSupport.parkNanos(LockSupport.java:252)
 java.base@17.0.15/java.util.concurrent.locks.AbstractQueuedSynchronizer$ConditionObject.awaitNanos(AbstractQueuedSynchronizer.java:1679)
 java.base@17.0.15/java.util.concurrent.ScheduledThreadPoolExecutor$DelayedWorkQueue.take(ScheduledThreadPoolExecutor.java:1182)
 java.base@17.0.15/java.util.concurrent.ScheduledThreadPoolExecutor$DelayedWorkQueue.take(ScheduledThreadPoolExecutor.java:899)
 java.base@17.0.15/java.util.concurrent.ThreadPoolExecutor.getTask(ThreadPoolExecutor.java:1062)
 java.base@17.0.15/java.util.concurrent.ThreadPoolExecutor.runWorker(ThreadPoolExecutor.java:1122)
 java.base@17.0.15/java.util.concurrent.ThreadPoolExecutor$Worker.run(ThreadPoolExecutor.java:635)
 java.base@17.0.15/java.lang.Thread.run(Thread.java:840)
08-May-2025 16:50:17.318 WARNING [main] org.apache.catalina.loader.WebappClassLoaderBase.clearReferencesThreads The web application [c2id] appears to have started a thread named [HttpClient-1-SelectorManager] but has failed to stop it. This is very likely to create a memory leak. Stack trace of thread:
 java.base@17.0.15/sun.nio.ch.EPoll.wait(Native Method)
 java.base@17.0.15/sun.nio.ch.EPollSelectorImpl.doSelect(EPollSelectorImpl.java:118)
 java.base@17.0.15/sun.nio.ch.SelectorImpl.lockAndDoSelect(SelectorImpl.java:129)
 java.base@17.0.15/sun.nio.ch.SelectorImpl.select(SelectorImpl.java:141)
 platform/java.net.http@17.0.15/jdk.internal.net.http.HttpClientImpl$SelectorManager.run(HttpClientImpl.java:894)
08-May-2025 16:50:17.335 INFO [main] org.apache.coyote.AbstractProtocol.stop Stopping ProtocolHandler ["http-nio-8080"]
08-May-2025 16:50:17.342 INFO [main] org.apache.coyote.AbstractProtocol.destroy Destroying ProtocolHandler ["http-nio-8080"]
