07-May-2025 15:39:16.040 INFO [main] org.apache.catalina.core.ApplicationContext.log 2 Spring WebApplicationInitializers detected on classpath
07-May-2025 15:39:31.076 SEVERE [main] org.apache.catalina.core.ApplicationContext.log Servlet.init() for servlet [CIBAServlet] threw exception
	com.nimbusds.openid.connect.provider.ProviderException: Couldn't get the com.nimbusds.openid.connect.provider.ciba.endpoint.InitialCIBARequestProcessor attribute from the servlet context
		at com.nimbusds.openid.connect.provider.ProviderContext.createProviderExceptionOnMissingCtxAttribute(ProviderContext.java:88)
		at com.nimbusds.openid.connect.provider.ProviderContext.getInitialCIBARequestProcessor(ProviderContext.java:341)
		at com.nimbusds.openid.connect.provider.ciba.endpoint.CIBAServlet.init(CIBAServlet.java:42)
		at org.apache.catalina.core.StandardWrapper.initServlet(StandardWrapper.java:837)
		at org.apache.catalina.core.StandardWrapper.loadServlet(StandardWrapper.java:794)
		at org.apache.catalina.core.StandardWrapper.load(StandardWrapper.java:698)
		at org.apache.catalina.core.StandardContext.loadOnStartup(StandardContext.java:4224)
		at org.apache.catalina.core.StandardContext.startInternal(StandardContext.java:4511)
		at org.apache.catalina.util.LifecycleBase.start(LifecycleBase.java:164)
		at org.apache.catalina.core.ContainerBase.addChildInternal(ContainerBase.java:599)
		at org.apache.catalina.core.ContainerBase.addChild(ContainerBase.java:571)
		at org.apache.catalina.core.StandardHost.addChild(StandardHost.java:654)
		at org.apache.catalina.startup.HostConfig.deployWAR(HostConfig.java:969)
		at org.apache.catalina.startup.HostConfig$DeployWar.run(HostConfig.java:1911)
		at java.base/java.util.concurrent.Executors$RunnableAdapter.call(Executors.java:539)
		at java.base/java.util.concurrent.FutureTask.run(FutureTask.java:264)
		at org.apache.tomcat.util.threads.InlineExecutorService.execute(InlineExecutorService.java:75)
		at java.base/java.util.concurrent.AbstractExecutorService.submit(AbstractExecutorService.java:123)
		at org.apache.catalina.startup.HostConfig.deployWARs(HostConfig.java:771)
		at org.apache.catalina.startup.HostConfig.deployApps(HostConfig.java:423)
		at org.apache.catalina.startup.HostConfig.start(HostConfig.java:1629)
		at org.apache.catalina.startup.HostConfig.lifecycleEvent(HostConfig.java:303)
		at org.apache.catalina.util.LifecycleBase.fireLifecycleEvent(LifecycleBase.java:109)
		at org.apache.catalina.util.LifecycleBase.setStateInternal(LifecycleBase.java:389)
		at org.apache.catalina.util.LifecycleBase.setState(LifecycleBase.java:336)
		at org.apache.catalina.core.ContainerBase.startInternal(ContainerBase.java:776)
		at org.apache.catalina.core.StandardHost.startInternal(StandardHost.java:772)
		at org.apache.catalina.util.LifecycleBase.start(LifecycleBase.java:164)
		at org.apache.catalina.core.ContainerBase$StartChild.call(ContainerBase.java:1203)
		at org.apache.catalina.core.ContainerBase$StartChild.call(ContainerBase.java:1193)
		at java.base/java.util.concurrent.FutureTask.run(FutureTask.java:264)
		at org.apache.tomcat.util.threads.InlineExecutorService.execute(InlineExecutorService.java:75)
		at java.base/java.util.concurrent.AbstractExecutorService.submit(AbstractExecutorService.java:145)
		at org.apache.catalina.core.ContainerBase.startInternal(ContainerBase.java:749)
		at org.apache.catalina.core.StandardEngine.startInternal(StandardEngine.java:203)
		at org.apache.catalina.util.LifecycleBase.start(LifecycleBase.java:164)
		at org.apache.catalina.core.StandardService.startInternal(StandardService.java:415)
		at org.apache.catalina.util.LifecycleBase.start(LifecycleBase.java:164)
		at org.apache.catalina.core.StandardServer.startInternal(StandardServer.java:870)
		at org.apache.catalina.util.LifecycleBase.start(LifecycleBase.java:164)
		at org.apache.catalina.startup.Catalina.start(Catalina.java:761)
		at java.base/jdk.internal.reflect.NativeMethodAccessorImpl.invoke0(Native Method)
		at java.base/jdk.internal.reflect.NativeMethodAccessorImpl.invoke(NativeMethodAccessorImpl.java:77)
		at java.base/jdk.internal.reflect.DelegatingMethodAccessorImpl.invoke(DelegatingMethodAccessorImpl.java:43)
		at java.base/java.lang.reflect.Method.invoke(Method.java:569)
		at org.apache.catalina.startup.Bootstrap.start(Bootstrap.java:345)
		at org.apache.catalina.startup.Bootstrap.main(Bootstrap.java:473)
07-May-2025 15:39:31.076 SEVERE [main] org.apache.catalina.core.StandardContext.loadOnStartup Servlet [CIBAServlet] in web application [/c2id] threw load() exception
	com.nimbusds.openid.connect.provider.ProviderException: Couldn't get the com.nimbusds.openid.connect.provider.ciba.endpoint.InitialCIBARequestProcessor attribute from the servlet context
		at com.nimbusds.openid.connect.provider.ProviderContext.createProviderExceptionOnMissingCtxAttribute(ProviderContext.java:88)
		at com.nimbusds.openid.connect.provider.ProviderContext.getInitialCIBARequestProcessor(ProviderContext.java:341)
		at com.nimbusds.openid.connect.provider.ciba.endpoint.CIBAServlet.init(CIBAServlet.java:42)
		at org.apache.catalina.core.StandardWrapper.initServlet(StandardWrapper.java:837)
		at org.apache.catalina.core.StandardWrapper.loadServlet(StandardWrapper.java:794)
		at org.apache.catalina.core.StandardWrapper.load(StandardWrapper.java:698)
		at org.apache.catalina.core.StandardContext.loadOnStartup(StandardContext.java:4224)
		at org.apache.catalina.core.StandardContext.startInternal(StandardContext.java:4511)
		at org.apache.catalina.util.LifecycleBase.start(LifecycleBase.java:164)
		at org.apache.catalina.core.ContainerBase.addChildInternal(ContainerBase.java:599)
		at org.apache.catalina.core.ContainerBase.addChild(ContainerBase.java:571)
		at org.apache.catalina.core.StandardHost.addChild(StandardHost.java:654)
		at org.apache.catalina.startup.HostConfig.deployWAR(HostConfig.java:969)
		at org.apache.catalina.startup.HostConfig$DeployWar.run(HostConfig.java:1911)
		at java.base/java.util.concurrent.Executors$RunnableAdapter.call(Executors.java:539)
		at java.base/java.util.concurrent.FutureTask.run(FutureTask.java:264)
		at org.apache.tomcat.util.threads.InlineExecutorService.execute(InlineExecutorService.java:75)
		at java.base/java.util.concurrent.AbstractExecutorService.submit(AbstractExecutorService.java:123)
		at org.apache.catalina.startup.HostConfig.deployWARs(HostConfig.java:771)
		at org.apache.catalina.startup.HostConfig.deployApps(HostConfig.java:423)
		at org.apache.catalina.startup.HostConfig.start(HostConfig.java:1629)
		at org.apache.catalina.startup.HostConfig.lifecycleEvent(HostConfig.java:303)
		at org.apache.catalina.util.LifecycleBase.fireLifecycleEvent(LifecycleBase.java:109)
		at org.apache.catalina.util.LifecycleBase.setStateInternal(LifecycleBase.java:389)
		at org.apache.catalina.util.LifecycleBase.setState(LifecycleBase.java:336)
		at org.apache.catalina.core.ContainerBase.startInternal(ContainerBase.java:776)
		at org.apache.catalina.core.StandardHost.startInternal(StandardHost.java:772)
		at org.apache.catalina.util.LifecycleBase.start(LifecycleBase.java:164)
		at org.apache.catalina.core.ContainerBase$StartChild.call(ContainerBase.java:1203)
		at org.apache.catalina.core.ContainerBase$StartChild.call(ContainerBase.java:1193)
		at java.base/java.util.concurrent.FutureTask.run(FutureTask.java:264)
		at org.apache.tomcat.util.threads.InlineExecutorService.execute(InlineExecutorService.java:75)
		at java.base/java.util.concurrent.AbstractExecutorService.submit(AbstractExecutorService.java:145)
		at org.apache.catalina.core.ContainerBase.startInternal(ContainerBase.java:749)
		at org.apache.catalina.core.StandardEngine.startInternal(StandardEngine.java:203)
		at org.apache.catalina.util.LifecycleBase.start(LifecycleBase.java:164)
		at org.apache.catalina.core.StandardService.startInternal(StandardService.java:415)
		at org.apache.catalina.util.LifecycleBase.start(LifecycleBase.java:164)
		at org.apache.catalina.core.StandardServer.startInternal(StandardServer.java:870)
		at org.apache.catalina.util.LifecycleBase.start(LifecycleBase.java:164)
		at org.apache.catalina.startup.Catalina.start(Catalina.java:761)
		at java.base/jdk.internal.reflect.NativeMethodAccessorImpl.invoke0(Native Method)
		at java.base/jdk.internal.reflect.NativeMethodAccessorImpl.invoke(NativeMethodAccessorImpl.java:77)
		at java.base/jdk.internal.reflect.DelegatingMethodAccessorImpl.invoke(DelegatingMethodAccessorImpl.java:43)
		at java.base/java.lang.reflect.Method.invoke(Method.java:569)
		at org.apache.catalina.startup.Bootstrap.start(Bootstrap.java:345)
		at org.apache.catalina.startup.Bootstrap.main(Bootstrap.java:473)
07-May-2025 16:36:04.178 INFO [main] org.apache.catalina.core.ApplicationContext.log 2 Spring WebApplicationInitializers detected on classpath
07-May-2025 16:36:21.754 SEVERE [main] org.apache.catalina.core.ApplicationContext.log Servlet.init() for servlet [CIBAServlet] threw exception
	com.nimbusds.openid.connect.provider.ProviderException: Couldn't get the com.nimbusds.openid.connect.provider.ciba.endpoint.InitialCIBARequestProcessor attribute from the servlet context
		at com.nimbusds.openid.connect.provider.ProviderContext.createProviderExceptionOnMissingCtxAttribute(ProviderContext.java:88)
		at com.nimbusds.openid.connect.provider.ProviderContext.getInitialCIBARequestProcessor(ProviderContext.java:341)
		at com.nimbusds.openid.connect.provider.ciba.endpoint.CIBAServlet.init(CIBAServlet.java:42)
		at org.apache.catalina.core.StandardWrapper.initServlet(StandardWrapper.java:837)
		at org.apache.catalina.core.StandardWrapper.loadServlet(StandardWrapper.java:794)
		at org.apache.catalina.core.StandardWrapper.load(StandardWrapper.java:698)
		at org.apache.catalina.core.StandardContext.loadOnStartup(StandardContext.java:4224)
		at org.apache.catalina.core.StandardContext.startInternal(StandardContext.java:4511)
		at org.apache.catalina.util.LifecycleBase.start(LifecycleBase.java:164)
		at org.apache.catalina.core.ContainerBase.addChildInternal(ContainerBase.java:599)
		at org.apache.catalina.core.ContainerBase.addChild(ContainerBase.java:571)
		at org.apache.catalina.core.StandardHost.addChild(StandardHost.java:654)
		at org.apache.catalina.startup.HostConfig.deployWAR(HostConfig.java:969)
		at org.apache.catalina.startup.HostConfig$DeployWar.run(HostConfig.java:1911)
		at java.base/java.util.concurrent.Executors$RunnableAdapter.call(Executors.java:539)
		at java.base/java.util.concurrent.FutureTask.run(FutureTask.java:264)
		at org.apache.tomcat.util.threads.InlineExecutorService.execute(InlineExecutorService.java:75)
		at java.base/java.util.concurrent.AbstractExecutorService.submit(AbstractExecutorService.java:123)
		at org.apache.catalina.startup.HostConfig.deployWARs(HostConfig.java:771)
		at org.apache.catalina.startup.HostConfig.deployApps(HostConfig.java:423)
		at org.apache.catalina.startup.HostConfig.start(HostConfig.java:1629)
		at org.apache.catalina.startup.HostConfig.lifecycleEvent(HostConfig.java:303)
		at org.apache.catalina.util.LifecycleBase.fireLifecycleEvent(LifecycleBase.java:109)
		at org.apache.catalina.util.LifecycleBase.setStateInternal(LifecycleBase.java:389)
		at org.apache.catalina.util.LifecycleBase.setState(LifecycleBase.java:336)
		at org.apache.catalina.core.ContainerBase.startInternal(ContainerBase.java:776)
		at org.apache.catalina.core.StandardHost.startInternal(StandardHost.java:772)
		at org.apache.catalina.util.LifecycleBase.start(LifecycleBase.java:164)
		at org.apache.catalina.core.ContainerBase$StartChild.call(ContainerBase.java:1203)
		at org.apache.catalina.core.ContainerBase$StartChild.call(ContainerBase.java:1193)
		at java.base/java.util.concurrent.FutureTask.run(FutureTask.java:264)
		at org.apache.tomcat.util.threads.InlineExecutorService.execute(InlineExecutorService.java:75)
		at java.base/java.util.concurrent.AbstractExecutorService.submit(AbstractExecutorService.java:145)
		at org.apache.catalina.core.ContainerBase.startInternal(ContainerBase.java:749)
		at org.apache.catalina.core.StandardEngine.startInternal(StandardEngine.java:203)
		at org.apache.catalina.util.LifecycleBase.start(LifecycleBase.java:164)
		at org.apache.catalina.core.StandardService.startInternal(StandardService.java:415)
		at org.apache.catalina.util.LifecycleBase.start(LifecycleBase.java:164)
		at org.apache.catalina.core.StandardServer.startInternal(StandardServer.java:870)
		at org.apache.catalina.util.LifecycleBase.start(LifecycleBase.java:164)
		at org.apache.catalina.startup.Catalina.start(Catalina.java:761)
		at java.base/jdk.internal.reflect.NativeMethodAccessorImpl.invoke0(Native Method)
		at java.base/jdk.internal.reflect.NativeMethodAccessorImpl.invoke(NativeMethodAccessorImpl.java:77)
		at java.base/jdk.internal.reflect.DelegatingMethodAccessorImpl.invoke(DelegatingMethodAccessorImpl.java:43)
		at java.base/java.lang.reflect.Method.invoke(Method.java:569)
		at org.apache.catalina.startup.Bootstrap.start(Bootstrap.java:345)
		at org.apache.catalina.startup.Bootstrap.main(Bootstrap.java:473)
07-May-2025 16:36:21.754 SEVERE [main] org.apache.catalina.core.StandardContext.loadOnStartup Servlet [CIBAServlet] in web application [/c2id] threw load() exception
	com.nimbusds.openid.connect.provider.ProviderException: Couldn't get the com.nimbusds.openid.connect.provider.ciba.endpoint.InitialCIBARequestProcessor attribute from the servlet context
		at com.nimbusds.openid.connect.provider.ProviderContext.createProviderExceptionOnMissingCtxAttribute(ProviderContext.java:88)
		at com.nimbusds.openid.connect.provider.ProviderContext.getInitialCIBARequestProcessor(ProviderContext.java:341)
		at com.nimbusds.openid.connect.provider.ciba.endpoint.CIBAServlet.init(CIBAServlet.java:42)
		at org.apache.catalina.core.StandardWrapper.initServlet(StandardWrapper.java:837)
		at org.apache.catalina.core.StandardWrapper.loadServlet(StandardWrapper.java:794)
		at org.apache.catalina.core.StandardWrapper.load(StandardWrapper.java:698)
		at org.apache.catalina.core.StandardContext.loadOnStartup(StandardContext.java:4224)
		at org.apache.catalina.core.StandardContext.startInternal(StandardContext.java:4511)
		at org.apache.catalina.util.LifecycleBase.start(LifecycleBase.java:164)
		at org.apache.catalina.core.ContainerBase.addChildInternal(ContainerBase.java:599)
		at org.apache.catalina.core.ContainerBase.addChild(ContainerBase.java:571)
		at org.apache.catalina.core.StandardHost.addChild(StandardHost.java:654)
		at org.apache.catalina.startup.HostConfig.deployWAR(HostConfig.java:969)
		at org.apache.catalina.startup.HostConfig$DeployWar.run(HostConfig.java:1911)
		at java.base/java.util.concurrent.Executors$RunnableAdapter.call(Executors.java:539)
		at java.base/java.util.concurrent.FutureTask.run(FutureTask.java:264)
		at org.apache.tomcat.util.threads.InlineExecutorService.execute(InlineExecutorService.java:75)
		at java.base/java.util.concurrent.AbstractExecutorService.submit(AbstractExecutorService.java:123)
		at org.apache.catalina.startup.HostConfig.deployWARs(HostConfig.java:771)
		at org.apache.catalina.startup.HostConfig.deployApps(HostConfig.java:423)
		at org.apache.catalina.startup.HostConfig.start(HostConfig.java:1629)
		at org.apache.catalina.startup.HostConfig.lifecycleEvent(HostConfig.java:303)
		at org.apache.catalina.util.LifecycleBase.fireLifecycleEvent(LifecycleBase.java:109)
		at org.apache.catalina.util.LifecycleBase.setStateInternal(LifecycleBase.java:389)
		at org.apache.catalina.util.LifecycleBase.setState(LifecycleBase.java:336)
		at org.apache.catalina.core.ContainerBase.startInternal(ContainerBase.java:776)
		at org.apache.catalina.core.StandardHost.startInternal(StandardHost.java:772)
		at org.apache.catalina.util.LifecycleBase.start(LifecycleBase.java:164)
		at org.apache.catalina.core.ContainerBase$StartChild.call(ContainerBase.java:1203)
		at org.apache.catalina.core.ContainerBase$StartChild.call(ContainerBase.java:1193)
		at java.base/java.util.concurrent.FutureTask.run(FutureTask.java:264)
		at org.apache.tomcat.util.threads.InlineExecutorService.execute(InlineExecutorService.java:75)
		at java.base/java.util.concurrent.AbstractExecutorService.submit(AbstractExecutorService.java:145)
		at org.apache.catalina.core.ContainerBase.startInternal(ContainerBase.java:749)
		at org.apache.catalina.core.StandardEngine.startInternal(StandardEngine.java:203)
		at org.apache.catalina.util.LifecycleBase.start(LifecycleBase.java:164)
		at org.apache.catalina.core.StandardService.startInternal(StandardService.java:415)
		at org.apache.catalina.util.LifecycleBase.start(LifecycleBase.java:164)
		at org.apache.catalina.core.StandardServer.startInternal(StandardServer.java:870)
		at org.apache.catalina.util.LifecycleBase.start(LifecycleBase.java:164)
		at org.apache.catalina.startup.Catalina.start(Catalina.java:761)
		at java.base/jdk.internal.reflect.NativeMethodAccessorImpl.invoke0(Native Method)
		at java.base/jdk.internal.reflect.NativeMethodAccessorImpl.invoke(NativeMethodAccessorImpl.java:77)
		at java.base/jdk.internal.reflect.DelegatingMethodAccessorImpl.invoke(DelegatingMethodAccessorImpl.java:43)
		at java.base/java.lang.reflect.Method.invoke(Method.java:569)
		at org.apache.catalina.startup.Bootstrap.start(Bootstrap.java:345)
		at org.apache.catalina.startup.Bootstrap.main(Bootstrap.java:473)
07-May-2025 16:41:35.204 INFO [main] org.apache.catalina.core.ApplicationContext.log 2 Spring WebApplicationInitializers detected on classpath
07-May-2025 16:41:52.286 SEVERE [main] org.apache.catalina.core.StandardContext.listenerStart Exception sending context initialized event to listener instance of class [com.nimbusds.common.servlet.InfinispanLauncher]
	java.lang.RuntimeException: Couldn't start Infinispan cache manager: ISPN000659: Component ComponentWrapper{name=org.infinispan.persistence.manager.PersistenceManager, instance=org.infinispan.persistence.manager.PersistenceManagerImpl@4a76ed21, status=FAILED} failed to start
		at com.nimbusds.common.servlet.InfinispanLauncher.contextInitialized(InfinispanLauncher.java:215)
		at org.apache.catalina.core.StandardContext.listenerStart(StandardContext.java:4049)
		at org.apache.catalina.core.StandardContext.startInternal(StandardContext.java:4477)
		at org.apache.catalina.util.LifecycleBase.start(LifecycleBase.java:164)
		at org.apache.catalina.core.ContainerBase.addChildInternal(ContainerBase.java:599)
		at org.apache.catalina.core.ContainerBase.addChild(ContainerBase.java:571)
		at org.apache.catalina.core.StandardHost.addChild(StandardHost.java:654)
		at org.apache.catalina.startup.HostConfig.deployWAR(HostConfig.java:969)
		at org.apache.catalina.startup.HostConfig$DeployWar.run(HostConfig.java:1911)
		at java.base/java.util.concurrent.Executors$RunnableAdapter.call(Executors.java:539)
		at java.base/java.util.concurrent.FutureTask.run(FutureTask.java:264)
		at org.apache.tomcat.util.threads.InlineExecutorService.execute(InlineExecutorService.java:75)
		at java.base/java.util.concurrent.AbstractExecutorService.submit(AbstractExecutorService.java:123)
		at org.apache.catalina.startup.HostConfig.deployWARs(HostConfig.java:771)
		at org.apache.catalina.startup.HostConfig.deployApps(HostConfig.java:423)
		at org.apache.catalina.startup.HostConfig.start(HostConfig.java:1629)
		at org.apache.catalina.startup.HostConfig.lifecycleEvent(HostConfig.java:303)
		at org.apache.catalina.util.LifecycleBase.fireLifecycleEvent(LifecycleBase.java:109)
		at org.apache.catalina.util.LifecycleBase.setStateInternal(LifecycleBase.java:389)
		at org.apache.catalina.util.LifecycleBase.setState(LifecycleBase.java:336)
		at org.apache.catalina.core.ContainerBase.startInternal(ContainerBase.java:776)
		at org.apache.catalina.core.StandardHost.startInternal(StandardHost.java:772)
		at org.apache.catalina.util.LifecycleBase.start(LifecycleBase.java:164)
		at org.apache.catalina.core.ContainerBase$StartChild.call(ContainerBase.java:1203)
		at org.apache.catalina.core.ContainerBase$StartChild.call(ContainerBase.java:1193)
		at java.base/java.util.concurrent.FutureTask.run(FutureTask.java:264)
		at org.apache.tomcat.util.threads.InlineExecutorService.execute(InlineExecutorService.java:75)
		at java.base/java.util.concurrent.AbstractExecutorService.submit(AbstractExecutorService.java:145)
		at org.apache.catalina.core.ContainerBase.startInternal(ContainerBase.java:749)
		at org.apache.catalina.core.StandardEngine.startInternal(StandardEngine.java:203)
		at org.apache.catalina.util.LifecycleBase.start(LifecycleBase.java:164)
		at org.apache.catalina.core.StandardService.startInternal(StandardService.java:415)
		at org.apache.catalina.util.LifecycleBase.start(LifecycleBase.java:164)
		at org.apache.catalina.core.StandardServer.startInternal(StandardServer.java:870)
		at org.apache.catalina.util.LifecycleBase.start(LifecycleBase.java:164)
		at org.apache.catalina.startup.Catalina.start(Catalina.java:761)
		at java.base/jdk.internal.reflect.NativeMethodAccessorImpl.invoke0(Native Method)
		at java.base/jdk.internal.reflect.NativeMethodAccessorImpl.invoke(NativeMethodAccessorImpl.java:77)
		at java.base/jdk.internal.reflect.DelegatingMethodAccessorImpl.invoke(DelegatingMethodAccessorImpl.java:43)
		at java.base/java.lang.reflect.Method.invoke(Method.java:569)
		at org.apache.catalina.startup.Bootstrap.start(Bootstrap.java:345)
		at org.apache.catalina.startup.Bootstrap.main(Bootstrap.java:473)
	Caused by: org.infinispan.manager.EmbeddedCacheManagerStartupException: ISPN000659: Component ComponentWrapper{name=org.infinispan.persistence.manager.PersistenceManager, instance=org.infinispan.persistence.manager.PersistenceManagerImpl@4a76ed21, status=FAILED} failed to start
		at org.infinispan.manager.DefaultCacheManager.internalStart(DefaultCacheManager.java:781)
		at org.infinispan.manager.DefaultCacheManager.start(DefaultCacheManager.java:746)
		at org.infinispan.manager.DefaultCacheManager.<init>(DefaultCacheManager.java:410)
		at org.infinispan.manager.DefaultCacheManager.<init>(DefaultCacheManager.java:356)
		at org.infinispan.manager.DefaultCacheManager.<init>(DefaultCacheManager.java:343)
		at com.nimbusds.common.servlet.InfinispanLauncher.contextInitialized(InfinispanLauncher.java:209)
		... 41 more
	Caused by: org.infinispan.commons.CacheConfigurationException: ISPN000659: Component ComponentWrapper{name=org.infinispan.persistence.manager.PersistenceManager, instance=org.infinispan.persistence.manager.PersistenceManagerImpl@4a76ed21, status=FAILED} failed to start
		at org.infinispan.factories.impl.BasicComponentRegistryImpl.startWrapper(BasicComponentRegistryImpl.java:584)
		at org.infinispan.factories.impl.BasicComponentRegistryImpl$ComponentWrapper.running(BasicComponentRegistryImpl.java:807)
		at org.infinispan.factories.impl.BasicComponentRegistryImpl.startDependencies(BasicComponentRegistryImpl.java:634)
		at org.infinispan.factories.impl.BasicComponentRegistryImpl.doStartWrapper(BasicComponentRegistryImpl.java:598)
		at org.infinispan.factories.impl.BasicComponentRegistryImpl.startWrapper(BasicComponentRegistryImpl.java:576)
		at org.infinispan.factories.impl.BasicComponentRegistryImpl$ComponentWrapper.running(BasicComponentRegistryImpl.java:807)
		at org.infinispan.factories.impl.BasicComponentRegistryImpl.startDependencies(BasicComponentRegistryImpl.java:634)
		at org.infinispan.factories.impl.BasicComponentRegistryImpl.doStartWrapper(BasicComponentRegistryImpl.java:598)
		at org.infinispan.factories.impl.BasicComponentRegistryImpl.startWrapper(BasicComponentRegistryImpl.java:576)
		at org.infinispan.factories.impl.BasicComponentRegistryImpl$ComponentWrapper.running(BasicComponentRegistryImpl.java:807)
		at org.infinispan.factories.impl.BasicComponentRegistryImpl.startDependencies(BasicComponentRegistryImpl.java:634)
		at org.infinispan.factories.impl.BasicComponentRegistryImpl.doStartWrapper(BasicComponentRegistryImpl.java:598)
		at org.infinispan.factories.impl.BasicComponentRegistryImpl.startWrapper(BasicComponentRegistryImpl.java:576)
		at org.infinispan.factories.impl.BasicComponentRegistryImpl$ComponentWrapper.running(BasicComponentRegistryImpl.java:807)
		at org.infinispan.factories.impl.BasicComponentRegistryImpl.startDependencies(BasicComponentRegistryImpl.java:634)
		at org.infinispan.factories.impl.BasicComponentRegistryImpl.doStartWrapper(BasicComponentRegistryImpl.java:598)
		at org.infinispan.factories.impl.BasicComponentRegistryImpl.startWrapper(BasicComponentRegistryImpl.java:576)
		at org.infinispan.factories.impl.BasicComponentRegistryImpl$ComponentWrapper.running(BasicComponentRegistryImpl.java:807)
		at org.infinispan.factories.AbstractComponentRegistry.internalStart(AbstractComponentRegistry.java:379)
		at org.infinispan.factories.AbstractComponentRegistry.start(AbstractComponentRegistry.java:252)
		at org.infinispan.factories.ComponentRegistry.start(ComponentRegistry.java:222)
		at org.infinispan.cache.impl.CacheImpl.start(CacheImpl.java:1009)
		at org.infinispan.cache.impl.AbstractDelegatingCache.start(AbstractDelegatingCache.java:504)
		at org.infinispan.manager.DefaultCacheManager.wireAndStartCache(DefaultCacheManager.java:726)
		at org.infinispan.manager.DefaultCacheManager.createCache(DefaultCacheManager.java:672)
		at org.infinispan.manager.DefaultCacheManager.internalGetCache(DefaultCacheManager.java:561)
		at org.infinispan.manager.DefaultCacheManager.getCache(DefaultCacheManager.java:524)
		at org.infinispan.security.actions.GetCacheAction.run(GetCacheAction.java:26)
		at org.infinispan.security.actions.GetCacheAction.run(GetCacheAction.java:14)
		at org.infinispan.security.Security.doPrivileged(Security.java:56)
		at org.infinispan.globalstate.impl.SecurityActions.doPrivileged(SecurityActions.java:30)
		at org.infinispan.globalstate.impl.SecurityActions.getCache(SecurityActions.java:39)
		at org.infinispan.globalstate.impl.GlobalConfigurationManagerImpl.start(GlobalConfigurationManagerImpl.java:114)
		at org.infinispan.globalstate.impl.CorePackageImpl$2.start(CorePackageImpl.java:61)
		at org.infinispan.globalstate.impl.CorePackageImpl$2.start(CorePackageImpl.java:48)
		at org.infinispan.factories.impl.BasicComponentRegistryImpl.invokeStart(BasicComponentRegistryImpl.java:616)
		at org.infinispan.factories.impl.BasicComponentRegistryImpl.doStartWrapper(BasicComponentRegistryImpl.java:607)
		at org.infinispan.factories.impl.BasicComponentRegistryImpl.startWrapper(BasicComponentRegistryImpl.java:576)
		at org.infinispan.factories.impl.BasicComponentRegistryImpl$ComponentWrapper.running(BasicComponentRegistryImpl.java:807)
		at org.infinispan.factories.AbstractComponentRegistry.internalStart(AbstractComponentRegistry.java:379)
		at org.infinispan.factories.AbstractComponentRegistry.start(AbstractComponentRegistry.java:252)
		at org.infinispan.manager.DefaultCacheManager.internalStart(DefaultCacheManager.java:778)
		... 46 more
	Caused by: java.util.concurrent.CompletionException: com.zaxxer.hikari.pool.HikariPool$PoolInitializationException: Failed to initialize pool: Database may be already in use: "/home/radu/TAK-Server/src/oidf-server/h2/c2id.mv.db". Possible solutions: close all other connection(s); use the server mode [90020-232]
		at java.base/java.util.concurrent.CompletableFuture.encodeThrowable(CompletableFuture.java:315)
		at java.base/java.util.concurrent.CompletableFuture.completeThrowable(CompletableFuture.java:320)
		at java.base/java.util.concurrent.CompletableFuture$AsyncRun.run(CompletableFuture.java:1807)
		at org.jboss.threads.ContextClassLoaderSavingRunnable.run(ContextClassLoaderSavingRunnable.java:35)
		at org.jboss.threads.EnhancedQueueExecutor.safeRun(EnhancedQueueExecutor.java:1982)
		at org.jboss.threads.EnhancedQueueExecutor$ThreadBody.doRunTask(EnhancedQueueExecutor.java:1486)
		at org.jboss.threads.EnhancedQueueExecutor$ThreadBody.run(EnhancedQueueExecutor.java:1377)
		at java.base/java.lang.Thread.run(Thread.java:840)
	Caused by: com.zaxxer.hikari.pool.HikariPool$PoolInitializationException: Failed to initialize pool: Database may be already in use: "/home/radu/TAK-Server/src/oidf-server/h2/c2id.mv.db". Possible solutions: close all other connection(s); use the server mode [90020-232]
		at com.zaxxer.hikari.pool.HikariPool.throwPoolInitializationException(HikariPool.java:584)
		at com.zaxxer.hikari.pool.HikariPool.checkFailFast(HikariPool.java:571)
		at com.zaxxer.hikari.pool.HikariPool.<init>(HikariPool.java:98)
		at com.zaxxer.hikari.HikariDataSource.<init>(HikariDataSource.java:80)
		at com.nimbusds.infinispan.persistence.sql.SQLStore.startDataSource(SQLStore.java:315)
		at com.nimbusds.infinispan.persistence.sql.SQLStore.start(SQLStore.java:328)
		at org.infinispan.persistence.support.NonBlockingStoreAdapter.lambda$start$0(NonBlockingStoreAdapter.java:108)
		at java.base/java.util.concurrent.CompletableFuture$AsyncRun.run(CompletableFuture.java:1804)
		... 5 more
	Caused by: org.h2.jdbc.JdbcSQLNonTransientConnectionException: Database may be already in use: "/home/radu/TAK-Server/src/oidf-server/h2/c2id.mv.db". Possible solutions: close all other connection(s); use the server mode [90020-232]
		at org.h2.message.DbException.getJdbcSQLException(DbException.java:690)
		at org.h2.message.DbException.getJdbcSQLException(DbException.java:489)
		at org.h2.message.DbException.get(DbException.java:212)
		at org.h2.mvstore.db.Store.convertMVStoreException(Store.java:165)
		at org.h2.mvstore.db.Store.<init>(Store.java:142)
		at org.h2.engine.Database.<init>(Database.java:326)
		at org.h2.engine.Engine.openSession(Engine.java:92)
		at org.h2.engine.Engine.openSession(Engine.java:222)
		at org.h2.engine.Engine.createSession(Engine.java:201)
		at org.h2.engine.SessionRemote.connectEmbeddedOrServer(SessionRemote.java:344)
		at org.h2.jdbc.JdbcConnection.<init>(JdbcConnection.java:124)
		at org.h2.jdbcx.JdbcDataSource.getConnection(JdbcDataSource.java:155)
		at com.zaxxer.hikari.pool.PoolBase.newConnection(PoolBase.java:360)
		at com.zaxxer.hikari.pool.PoolBase.newPoolEntry(PoolBase.java:202)
		at com.zaxxer.hikari.pool.HikariPool.createPoolEntry(HikariPool.java:461)
		at com.zaxxer.hikari.pool.HikariPool.checkFailFast(HikariPool.java:550)
		... 11 more
	Caused by: org.h2.mvstore.MVStoreException: The file is locked: /home/radu/TAK-Server/src/oidf-server/h2/c2id.mv.db [2.3.232/7]
		at org.h2.mvstore.DataUtils.newMVStoreException(DataUtils.java:996)
		at org.h2.mvstore.SingleFileStore.lockFileChannel(SingleFileStore.java:143)
		at org.h2.mvstore.SingleFileStore.open(SingleFileStore.java:117)
		at org.h2.mvstore.SingleFileStore.open(SingleFileStore.java:81)
		at org.h2.mvstore.MVStore.<init>(MVStore.java:286)
		at org.h2.mvstore.MVStore$Builder.open(MVStore.java:2035)
		at org.h2.mvstore.db.Store.<init>(Store.java:133)
		... 22 more
07-May-2025 16:41:52.287 SEVERE [main] org.apache.catalina.core.StandardContext.listenerStart Exception sending context initialized event to listener instance of class [com.nimbusds.keystore.rest.Launcher]
	com.nimbusds.common.store.StoreException: [KS0301] Infinispan cache manager not found in servlet context
		at com.nimbusds.keystore.rest.Launcher.contextInitialized(Launcher.java:105)
		at org.apache.catalina.core.StandardContext.listenerStart(StandardContext.java:4049)
		at org.apache.catalina.core.StandardContext.startInternal(StandardContext.java:4477)
		at org.apache.catalina.util.LifecycleBase.start(LifecycleBase.java:164)
		at org.apache.catalina.core.ContainerBase.addChildInternal(ContainerBase.java:599)
		at org.apache.catalina.core.ContainerBase.addChild(ContainerBase.java:571)
		at org.apache.catalina.core.StandardHost.addChild(StandardHost.java:654)
		at org.apache.catalina.startup.HostConfig.deployWAR(HostConfig.java:969)
		at org.apache.catalina.startup.HostConfig$DeployWar.run(HostConfig.java:1911)
		at java.base/java.util.concurrent.Executors$RunnableAdapter.call(Executors.java:539)
		at java.base/java.util.concurrent.FutureTask.run(FutureTask.java:264)
		at org.apache.tomcat.util.threads.InlineExecutorService.execute(InlineExecutorService.java:75)
		at java.base/java.util.concurrent.AbstractExecutorService.submit(AbstractExecutorService.java:123)
		at org.apache.catalina.startup.HostConfig.deployWARs(HostConfig.java:771)
		at org.apache.catalina.startup.HostConfig.deployApps(HostConfig.java:423)
		at org.apache.catalina.startup.HostConfig.start(HostConfig.java:1629)
		at org.apache.catalina.startup.HostConfig.lifecycleEvent(HostConfig.java:303)
		at org.apache.catalina.util.LifecycleBase.fireLifecycleEvent(LifecycleBase.java:109)
		at org.apache.catalina.util.LifecycleBase.setStateInternal(LifecycleBase.java:389)
		at org.apache.catalina.util.LifecycleBase.setState(LifecycleBase.java:336)
		at org.apache.catalina.core.ContainerBase.startInternal(ContainerBase.java:776)
		at org.apache.catalina.core.StandardHost.startInternal(StandardHost.java:772)
		at org.apache.catalina.util.LifecycleBase.start(LifecycleBase.java:164)
		at org.apache.catalina.core.ContainerBase$StartChild.call(ContainerBase.java:1203)
		at org.apache.catalina.core.ContainerBase$StartChild.call(ContainerBase.java:1193)
		at java.base/java.util.concurrent.FutureTask.run(FutureTask.java:264)
		at org.apache.tomcat.util.threads.InlineExecutorService.execute(InlineExecutorService.java:75)
		at java.base/java.util.concurrent.AbstractExecutorService.submit(AbstractExecutorService.java:145)
		at org.apache.catalina.core.ContainerBase.startInternal(ContainerBase.java:749)
		at org.apache.catalina.core.StandardEngine.startInternal(StandardEngine.java:203)
		at org.apache.catalina.util.LifecycleBase.start(LifecycleBase.java:164)
		at org.apache.catalina.core.StandardService.startInternal(StandardService.java:415)
		at org.apache.catalina.util.LifecycleBase.start(LifecycleBase.java:164)
		at org.apache.catalina.core.StandardServer.startInternal(StandardServer.java:870)
		at org.apache.catalina.util.LifecycleBase.start(LifecycleBase.java:164)
		at org.apache.catalina.startup.Catalina.start(Catalina.java:761)
		at java.base/jdk.internal.reflect.NativeMethodAccessorImpl.invoke0(Native Method)
		at java.base/jdk.internal.reflect.NativeMethodAccessorImpl.invoke(NativeMethodAccessorImpl.java:77)
		at java.base/jdk.internal.reflect.DelegatingMethodAccessorImpl.invoke(DelegatingMethodAccessorImpl.java:43)
		at java.base/java.lang.reflect.Method.invoke(Method.java:569)
		at org.apache.catalina.startup.Bootstrap.start(Bootstrap.java:345)
		at org.apache.catalina.startup.Bootstrap.main(Bootstrap.java:473)
07-May-2025 16:41:52.288 SEVERE [main] org.apache.catalina.core.StandardContext.listenerStart Exception sending context initialized event to listener instance of class [com.nimbusds.tenants.manager.servlet.TenantManagerLauncher]
	java.lang.RuntimeException: Infinispan cache manager not found in servlet context
		at com.nimbusds.tenants.manager.servlet.TenantManagerLauncher.contextInitialized(TenantManagerLauncher.java:51)
		at org.apache.catalina.core.StandardContext.listenerStart(StandardContext.java:4049)
		at org.apache.catalina.core.StandardContext.startInternal(StandardContext.java:4477)
		at org.apache.catalina.util.LifecycleBase.start(LifecycleBase.java:164)
		at org.apache.catalina.core.ContainerBase.addChildInternal(ContainerBase.java:599)
		at org.apache.catalina.core.ContainerBase.addChild(ContainerBase.java:571)
		at org.apache.catalina.core.StandardHost.addChild(StandardHost.java:654)
		at org.apache.catalina.startup.HostConfig.deployWAR(HostConfig.java:969)
		at org.apache.catalina.startup.HostConfig$DeployWar.run(HostConfig.java:1911)
		at java.base/java.util.concurrent.Executors$RunnableAdapter.call(Executors.java:539)
		at java.base/java.util.concurrent.FutureTask.run(FutureTask.java:264)
		at org.apache.tomcat.util.threads.InlineExecutorService.execute(InlineExecutorService.java:75)
		at java.base/java.util.concurrent.AbstractExecutorService.submit(AbstractExecutorService.java:123)
		at org.apache.catalina.startup.HostConfig.deployWARs(HostConfig.java:771)
		at org.apache.catalina.startup.HostConfig.deployApps(HostConfig.java:423)
		at org.apache.catalina.startup.HostConfig.start(HostConfig.java:1629)
		at org.apache.catalina.startup.HostConfig.lifecycleEvent(HostConfig.java:303)
		at org.apache.catalina.util.LifecycleBase.fireLifecycleEvent(LifecycleBase.java:109)
		at org.apache.catalina.util.LifecycleBase.setStateInternal(LifecycleBase.java:389)
		at org.apache.catalina.util.LifecycleBase.setState(LifecycleBase.java:336)
		at org.apache.catalina.core.ContainerBase.startInternal(ContainerBase.java:776)
		at org.apache.catalina.core.StandardHost.startInternal(StandardHost.java:772)
		at org.apache.catalina.util.LifecycleBase.start(LifecycleBase.java:164)
		at org.apache.catalina.core.ContainerBase$StartChild.call(ContainerBase.java:1203)
		at org.apache.catalina.core.ContainerBase$StartChild.call(ContainerBase.java:1193)
		at java.base/java.util.concurrent.FutureTask.run(FutureTask.java:264)
		at org.apache.tomcat.util.threads.InlineExecutorService.execute(InlineExecutorService.java:75)
		at java.base/java.util.concurrent.AbstractExecutorService.submit(AbstractExecutorService.java:145)
		at org.apache.catalina.core.ContainerBase.startInternal(ContainerBase.java:749)
		at org.apache.catalina.core.StandardEngine.startInternal(StandardEngine.java:203)
		at org.apache.catalina.util.LifecycleBase.start(LifecycleBase.java:164)
		at org.apache.catalina.core.StandardService.startInternal(StandardService.java:415)
		at org.apache.catalina.util.LifecycleBase.start(LifecycleBase.java:164)
		at org.apache.catalina.core.StandardServer.startInternal(StandardServer.java:870)
		at org.apache.catalina.util.LifecycleBase.start(LifecycleBase.java:164)
		at org.apache.catalina.startup.Catalina.start(Catalina.java:761)
		at java.base/jdk.internal.reflect.NativeMethodAccessorImpl.invoke0(Native Method)
		at java.base/jdk.internal.reflect.NativeMethodAccessorImpl.invoke(NativeMethodAccessorImpl.java:77)
		at java.base/jdk.internal.reflect.DelegatingMethodAccessorImpl.invoke(DelegatingMethodAccessorImpl.java:43)
		at java.base/java.lang.reflect.Method.invoke(Method.java:569)
		at org.apache.catalina.startup.Bootstrap.start(Bootstrap.java:345)
		at org.apache.catalina.startup.Bootstrap.main(Bootstrap.java:473)
07-May-2025 16:41:52.289 SEVERE [main] org.apache.catalina.core.StandardContext.listenerStart Exception sending context initialized event to listener instance of class [com.nimbusds.authzstore.rest.Launcher]
	java.lang.RuntimeException: [AS0401] Infinispan cache manager not found in servlet context
		at com.nimbusds.authzstore.rest.Launcher.contextInitialized(Launcher.java:93)
		at org.apache.catalina.core.StandardContext.listenerStart(StandardContext.java:4049)
		at org.apache.catalina.core.StandardContext.startInternal(StandardContext.java:4477)
		at org.apache.catalina.util.LifecycleBase.start(LifecycleBase.java:164)
		at org.apache.catalina.core.ContainerBase.addChildInternal(ContainerBase.java:599)
		at org.apache.catalina.core.ContainerBase.addChild(ContainerBase.java:571)
		at org.apache.catalina.core.StandardHost.addChild(StandardHost.java:654)
		at org.apache.catalina.startup.HostConfig.deployWAR(HostConfig.java:969)
		at org.apache.catalina.startup.HostConfig$DeployWar.run(HostConfig.java:1911)
		at java.base/java.util.concurrent.Executors$RunnableAdapter.call(Executors.java:539)
		at java.base/java.util.concurrent.FutureTask.run(FutureTask.java:264)
		at org.apache.tomcat.util.threads.InlineExecutorService.execute(InlineExecutorService.java:75)
		at java.base/java.util.concurrent.AbstractExecutorService.submit(AbstractExecutorService.java:123)
		at org.apache.catalina.startup.HostConfig.deployWARs(HostConfig.java:771)
		at org.apache.catalina.startup.HostConfig.deployApps(HostConfig.java:423)
		at org.apache.catalina.startup.HostConfig.start(HostConfig.java:1629)
		at org.apache.catalina.startup.HostConfig.lifecycleEvent(HostConfig.java:303)
		at org.apache.catalina.util.LifecycleBase.fireLifecycleEvent(LifecycleBase.java:109)
		at org.apache.catalina.util.LifecycleBase.setStateInternal(LifecycleBase.java:389)
		at org.apache.catalina.util.LifecycleBase.setState(LifecycleBase.java:336)
		at org.apache.catalina.core.ContainerBase.startInternal(ContainerBase.java:776)
		at org.apache.catalina.core.StandardHost.startInternal(StandardHost.java:772)
		at org.apache.catalina.util.LifecycleBase.start(LifecycleBase.java:164)
		at org.apache.catalina.core.ContainerBase$StartChild.call(ContainerBase.java:1203)
		at org.apache.catalina.core.ContainerBase$StartChild.call(ContainerBase.java:1193)
		at java.base/java.util.concurrent.FutureTask.run(FutureTask.java:264)
		at org.apache.tomcat.util.threads.InlineExecutorService.execute(InlineExecutorService.java:75)
		at java.base/java.util.concurrent.AbstractExecutorService.submit(AbstractExecutorService.java:145)
		at org.apache.catalina.core.ContainerBase.startInternal(ContainerBase.java:749)
		at org.apache.catalina.core.StandardEngine.startInternal(StandardEngine.java:203)
		at org.apache.catalina.util.LifecycleBase.start(LifecycleBase.java:164)
		at org.apache.catalina.core.StandardService.startInternal(StandardService.java:415)
		at org.apache.catalina.util.LifecycleBase.start(LifecycleBase.java:164)
		at org.apache.catalina.core.StandardServer.startInternal(StandardServer.java:870)
		at org.apache.catalina.util.LifecycleBase.start(LifecycleBase.java:164)
		at org.apache.catalina.startup.Catalina.start(Catalina.java:761)
		at java.base/jdk.internal.reflect.NativeMethodAccessorImpl.invoke0(Native Method)
		at java.base/jdk.internal.reflect.NativeMethodAccessorImpl.invoke(NativeMethodAccessorImpl.java:77)
		at java.base/jdk.internal.reflect.DelegatingMethodAccessorImpl.invoke(DelegatingMethodAccessorImpl.java:43)
		at java.base/java.lang.reflect.Method.invoke(Method.java:569)
		at org.apache.catalina.startup.Bootstrap.start(Bootstrap.java:345)
		at org.apache.catalina.startup.Bootstrap.main(Bootstrap.java:473)
07-May-2025 16:41:52.289 SEVERE [main] org.apache.catalina.core.StandardContext.listenerStart Exception sending context initialized event to listener instance of class [com.nimbusds.sessionstore.rest.Launcher]
	com.nimbusds.common.store.StoreException: [SS0301] Infinispan cache manager not found in servlet context
		at com.nimbusds.sessionstore.rest.Launcher.contextInitialized(Launcher.java:68)
		at org.apache.catalina.core.StandardContext.listenerStart(StandardContext.java:4049)
		at org.apache.catalina.core.StandardContext.startInternal(StandardContext.java:4477)
		at org.apache.catalina.util.LifecycleBase.start(LifecycleBase.java:164)
		at org.apache.catalina.core.ContainerBase.addChildInternal(ContainerBase.java:599)
		at org.apache.catalina.core.ContainerBase.addChild(ContainerBase.java:571)
		at org.apache.catalina.core.StandardHost.addChild(StandardHost.java:654)
		at org.apache.catalina.startup.HostConfig.deployWAR(HostConfig.java:969)
		at org.apache.catalina.startup.HostConfig$DeployWar.run(HostConfig.java:1911)
		at java.base/java.util.concurrent.Executors$RunnableAdapter.call(Executors.java:539)
		at java.base/java.util.concurrent.FutureTask.run(FutureTask.java:264)
		at org.apache.tomcat.util.threads.InlineExecutorService.execute(InlineExecutorService.java:75)
		at java.base/java.util.concurrent.AbstractExecutorService.submit(AbstractExecutorService.java:123)
		at org.apache.catalina.startup.HostConfig.deployWARs(HostConfig.java:771)
		at org.apache.catalina.startup.HostConfig.deployApps(HostConfig.java:423)
		at org.apache.catalina.startup.HostConfig.start(HostConfig.java:1629)
		at org.apache.catalina.startup.HostConfig.lifecycleEvent(HostConfig.java:303)
		at org.apache.catalina.util.LifecycleBase.fireLifecycleEvent(LifecycleBase.java:109)
		at org.apache.catalina.util.LifecycleBase.setStateInternal(LifecycleBase.java:389)
		at org.apache.catalina.util.LifecycleBase.setState(LifecycleBase.java:336)
		at org.apache.catalina.core.ContainerBase.startInternal(ContainerBase.java:776)
		at org.apache.catalina.core.StandardHost.startInternal(StandardHost.java:772)
		at org.apache.catalina.util.LifecycleBase.start(LifecycleBase.java:164)
		at org.apache.catalina.core.ContainerBase$StartChild.call(ContainerBase.java:1203)
		at org.apache.catalina.core.ContainerBase$StartChild.call(ContainerBase.java:1193)
		at java.base/java.util.concurrent.FutureTask.run(FutureTask.java:264)
		at org.apache.tomcat.util.threads.InlineExecutorService.execute(InlineExecutorService.java:75)
		at java.base/java.util.concurrent.AbstractExecutorService.submit(AbstractExecutorService.java:145)
		at org.apache.catalina.core.ContainerBase.startInternal(ContainerBase.java:749)
		at org.apache.catalina.core.StandardEngine.startInternal(StandardEngine.java:203)
		at org.apache.catalina.util.LifecycleBase.start(LifecycleBase.java:164)
		at org.apache.catalina.core.StandardService.startInternal(StandardService.java:415)
		at org.apache.catalina.util.LifecycleBase.start(LifecycleBase.java:164)
		at org.apache.catalina.core.StandardServer.startInternal(StandardServer.java:870)
		at org.apache.catalina.util.LifecycleBase.start(LifecycleBase.java:164)
		at org.apache.catalina.startup.Catalina.start(Catalina.java:761)
		at java.base/jdk.internal.reflect.NativeMethodAccessorImpl.invoke0(Native Method)
		at java.base/jdk.internal.reflect.NativeMethodAccessorImpl.invoke(NativeMethodAccessorImpl.java:77)
		at java.base/jdk.internal.reflect.DelegatingMethodAccessorImpl.invoke(DelegatingMethodAccessorImpl.java:43)
		at java.base/java.lang.reflect.Method.invoke(Method.java:569)
		at org.apache.catalina.startup.Bootstrap.start(Bootstrap.java:345)
		at org.apache.catalina.startup.Bootstrap.main(Bootstrap.java:473)
07-May-2025 16:41:52.484 SEVERE [main] org.apache.catalina.core.StandardContext.listenerStart Exception sending context initialized event to listener instance of class [com.nimbusds.openid.connect.provider.ProviderComponentsLauncher]
	com.nimbusds.openid.connect.provider.ProviderException: Couldn't get the com.nimbusds.tenants.manager.TenantResolver attribute from the servlet context
		at com.nimbusds.openid.connect.provider.ProviderComponentsLauncher.contextInitialized(ProviderComponentsLauncher.java:764)
		at org.apache.catalina.core.StandardContext.listenerStart(StandardContext.java:4049)
		at org.apache.catalina.core.StandardContext.startInternal(StandardContext.java:4477)
		at org.apache.catalina.util.LifecycleBase.start(LifecycleBase.java:164)
		at org.apache.catalina.core.ContainerBase.addChildInternal(ContainerBase.java:599)
		at org.apache.catalina.core.ContainerBase.addChild(ContainerBase.java:571)
		at org.apache.catalina.core.StandardHost.addChild(StandardHost.java:654)
		at org.apache.catalina.startup.HostConfig.deployWAR(HostConfig.java:969)
		at org.apache.catalina.startup.HostConfig$DeployWar.run(HostConfig.java:1911)
		at java.base/java.util.concurrent.Executors$RunnableAdapter.call(Executors.java:539)
		at java.base/java.util.concurrent.FutureTask.run(FutureTask.java:264)
		at org.apache.tomcat.util.threads.InlineExecutorService.execute(InlineExecutorService.java:75)
		at java.base/java.util.concurrent.AbstractExecutorService.submit(AbstractExecutorService.java:123)
		at org.apache.catalina.startup.HostConfig.deployWARs(HostConfig.java:771)
		at org.apache.catalina.startup.HostConfig.deployApps(HostConfig.java:423)
		at org.apache.catalina.startup.HostConfig.start(HostConfig.java:1629)
		at org.apache.catalina.startup.HostConfig.lifecycleEvent(HostConfig.java:303)
		at org.apache.catalina.util.LifecycleBase.fireLifecycleEvent(LifecycleBase.java:109)
		at org.apache.catalina.util.LifecycleBase.setStateInternal(LifecycleBase.java:389)
		at org.apache.catalina.util.LifecycleBase.setState(LifecycleBase.java:336)
		at org.apache.catalina.core.ContainerBase.startInternal(ContainerBase.java:776)
		at org.apache.catalina.core.StandardHost.startInternal(StandardHost.java:772)
		at org.apache.catalina.util.LifecycleBase.start(LifecycleBase.java:164)
		at org.apache.catalina.core.ContainerBase$StartChild.call(ContainerBase.java:1203)
		at org.apache.catalina.core.ContainerBase$StartChild.call(ContainerBase.java:1193)
		at java.base/java.util.concurrent.FutureTask.run(FutureTask.java:264)
		at org.apache.tomcat.util.threads.InlineExecutorService.execute(InlineExecutorService.java:75)
		at java.base/java.util.concurrent.AbstractExecutorService.submit(AbstractExecutorService.java:145)
		at org.apache.catalina.core.ContainerBase.startInternal(ContainerBase.java:749)
		at org.apache.catalina.core.StandardEngine.startInternal(StandardEngine.java:203)
		at org.apache.catalina.util.LifecycleBase.start(LifecycleBase.java:164)
		at org.apache.catalina.core.StandardService.startInternal(StandardService.java:415)
		at org.apache.catalina.util.LifecycleBase.start(LifecycleBase.java:164)
		at org.apache.catalina.core.StandardServer.startInternal(StandardServer.java:870)
		at org.apache.catalina.util.LifecycleBase.start(LifecycleBase.java:164)
		at org.apache.catalina.startup.Catalina.start(Catalina.java:761)
		at java.base/jdk.internal.reflect.NativeMethodAccessorImpl.invoke0(Native Method)
		at java.base/jdk.internal.reflect.NativeMethodAccessorImpl.invoke(NativeMethodAccessorImpl.java:77)
		at java.base/jdk.internal.reflect.DelegatingMethodAccessorImpl.invoke(DelegatingMethodAccessorImpl.java:43)
		at java.base/java.lang.reflect.Method.invoke(Method.java:569)
		at org.apache.catalina.startup.Bootstrap.start(Bootstrap.java:345)
		at org.apache.catalina.startup.Bootstrap.main(Bootstrap.java:473)
	Caused by: com.nimbusds.openid.connect.provider.ProviderException: Couldn't get the com.nimbusds.tenants.manager.TenantResolver attribute from the servlet context
		at com.nimbusds.openid.connect.provider.ProviderContext.createProviderExceptionOnMissingCtxAttribute(ProviderContext.java:88)
		at com.nimbusds.openid.connect.provider.ProviderContext.getTenantResolver(ProviderContext.java:172)
		at com.nimbusds.openid.connect.provider.ProviderComponentsLauncher.contextInitialized(ProviderComponentsLauncher.java:599)
		... 41 more
07-May-2025 16:41:52.557 SEVERE [main] org.apache.catalina.core.StandardContext.listenerStop Exception sending context destroyed event to listener instance of class [com.nimbusds.openid.connect.provider.ProviderComponentsLauncher]
	com.nimbusds.openid.connect.provider.ProviderException: Couldn't get the com.nimbusds.openid.connect.provider.token.TokenRequestHandler attribute from the servlet context
		at com.nimbusds.openid.connect.provider.ProviderContext.createProviderExceptionOnMissingCtxAttribute(ProviderContext.java:88)
		at com.nimbusds.openid.connect.provider.ProviderContext.getTokenRequestHandler(ProviderContext.java:433)
		at com.nimbusds.openid.connect.provider.ProviderComponentsLauncher.contextDestroyed(ProviderComponentsLauncher.java:807)
		at org.apache.catalina.core.StandardContext.listenerStop(StandardContext.java:4095)
		at org.apache.catalina.core.StandardContext.stopInternal(StandardContext.java:4703)
		at org.apache.catalina.util.LifecycleBase.stop(LifecycleBase.java:235)
		at org.apache.catalina.util.LifecycleBase.start(LifecycleBase.java:168)
		at org.apache.catalina.core.ContainerBase.addChildInternal(ContainerBase.java:599)
		at org.apache.catalina.core.ContainerBase.addChild(ContainerBase.java:571)
		at org.apache.catalina.core.StandardHost.addChild(StandardHost.java:654)
		at org.apache.catalina.startup.HostConfig.deployWAR(HostConfig.java:969)
		at org.apache.catalina.startup.HostConfig$DeployWar.run(HostConfig.java:1911)
		at java.base/java.util.concurrent.Executors$RunnableAdapter.call(Executors.java:539)
		at java.base/java.util.concurrent.FutureTask.run(FutureTask.java:264)
		at org.apache.tomcat.util.threads.InlineExecutorService.execute(InlineExecutorService.java:75)
		at java.base/java.util.concurrent.AbstractExecutorService.submit(AbstractExecutorService.java:123)
		at org.apache.catalina.startup.HostConfig.deployWARs(HostConfig.java:771)
		at org.apache.catalina.startup.HostConfig.deployApps(HostConfig.java:423)
		at org.apache.catalina.startup.HostConfig.start(HostConfig.java:1629)
		at org.apache.catalina.startup.HostConfig.lifecycleEvent(HostConfig.java:303)
		at org.apache.catalina.util.LifecycleBase.fireLifecycleEvent(LifecycleBase.java:109)
		at org.apache.catalina.util.LifecycleBase.setStateInternal(LifecycleBase.java:389)
		at org.apache.catalina.util.LifecycleBase.setState(LifecycleBase.java:336)
		at org.apache.catalina.core.ContainerBase.startInternal(ContainerBase.java:776)
		at org.apache.catalina.core.StandardHost.startInternal(StandardHost.java:772)
		at org.apache.catalina.util.LifecycleBase.start(LifecycleBase.java:164)
		at org.apache.catalina.core.ContainerBase$StartChild.call(ContainerBase.java:1203)
		at org.apache.catalina.core.ContainerBase$StartChild.call(ContainerBase.java:1193)
		at java.base/java.util.concurrent.FutureTask.run(FutureTask.java:264)
		at org.apache.tomcat.util.threads.InlineExecutorService.execute(InlineExecutorService.java:75)
		at java.base/java.util.concurrent.AbstractExecutorService.submit(AbstractExecutorService.java:145)
		at org.apache.catalina.core.ContainerBase.startInternal(ContainerBase.java:749)
		at org.apache.catalina.core.StandardEngine.startInternal(StandardEngine.java:203)
		at org.apache.catalina.util.LifecycleBase.start(LifecycleBase.java:164)
		at org.apache.catalina.core.StandardService.startInternal(StandardService.java:415)
		at org.apache.catalina.util.LifecycleBase.start(LifecycleBase.java:164)
		at org.apache.catalina.core.StandardServer.startInternal(StandardServer.java:870)
		at org.apache.catalina.util.LifecycleBase.start(LifecycleBase.java:164)
		at org.apache.catalina.startup.Catalina.start(Catalina.java:761)
		at java.base/jdk.internal.reflect.NativeMethodAccessorImpl.invoke0(Native Method)
		at java.base/jdk.internal.reflect.NativeMethodAccessorImpl.invoke(NativeMethodAccessorImpl.java:77)
		at java.base/jdk.internal.reflect.DelegatingMethodAccessorImpl.invoke(DelegatingMethodAccessorImpl.java:43)
		at java.base/java.lang.reflect.Method.invoke(Method.java:569)
		at org.apache.catalina.startup.Bootstrap.start(Bootstrap.java:345)
		at org.apache.catalina.startup.Bootstrap.main(Bootstrap.java:473)
07-May-2025 16:41:52.561 SEVERE [main] org.apache.catalina.core.StandardContext.listenerStop Exception sending context destroyed event to listener instance of class [com.nimbusds.authzstore.rest.Launcher]
	java.lang.NullPointerException: Cannot invoke "com.nimbusds.authzstore.impl.InfinispanAuthorizationStore.shutdown()" because "this.authzStore" is null
		at com.nimbusds.authzstore.rest.Launcher.contextDestroyed(Launcher.java:236)
		at org.apache.catalina.core.StandardContext.listenerStop(StandardContext.java:4095)
		at org.apache.catalina.core.StandardContext.stopInternal(StandardContext.java:4703)
		at org.apache.catalina.util.LifecycleBase.stop(LifecycleBase.java:235)
		at org.apache.catalina.util.LifecycleBase.start(LifecycleBase.java:168)
		at org.apache.catalina.core.ContainerBase.addChildInternal(ContainerBase.java:599)
		at org.apache.catalina.core.ContainerBase.addChild(ContainerBase.java:571)
		at org.apache.catalina.core.StandardHost.addChild(StandardHost.java:654)
		at org.apache.catalina.startup.HostConfig.deployWAR(HostConfig.java:969)
		at org.apache.catalina.startup.HostConfig$DeployWar.run(HostConfig.java:1911)
		at java.base/java.util.concurrent.Executors$RunnableAdapter.call(Executors.java:539)
		at java.base/java.util.concurrent.FutureTask.run(FutureTask.java:264)
		at org.apache.tomcat.util.threads.InlineExecutorService.execute(InlineExecutorService.java:75)
		at java.base/java.util.concurrent.AbstractExecutorService.submit(AbstractExecutorService.java:123)
		at org.apache.catalina.startup.HostConfig.deployWARs(HostConfig.java:771)
		at org.apache.catalina.startup.HostConfig.deployApps(HostConfig.java:423)
		at org.apache.catalina.startup.HostConfig.start(HostConfig.java:1629)
		at org.apache.catalina.startup.HostConfig.lifecycleEvent(HostConfig.java:303)
		at org.apache.catalina.util.LifecycleBase.fireLifecycleEvent(LifecycleBase.java:109)
		at org.apache.catalina.util.LifecycleBase.setStateInternal(LifecycleBase.java:389)
		at org.apache.catalina.util.LifecycleBase.setState(LifecycleBase.java:336)
		at org.apache.catalina.core.ContainerBase.startInternal(ContainerBase.java:776)
		at org.apache.catalina.core.StandardHost.startInternal(StandardHost.java:772)
		at org.apache.catalina.util.LifecycleBase.start(LifecycleBase.java:164)
		at org.apache.catalina.core.ContainerBase$StartChild.call(ContainerBase.java:1203)
		at org.apache.catalina.core.ContainerBase$StartChild.call(ContainerBase.java:1193)
		at java.base/java.util.concurrent.FutureTask.run(FutureTask.java:264)
		at org.apache.tomcat.util.threads.InlineExecutorService.execute(InlineExecutorService.java:75)
		at java.base/java.util.concurrent.AbstractExecutorService.submit(AbstractExecutorService.java:145)
		at org.apache.catalina.core.ContainerBase.startInternal(ContainerBase.java:749)
		at org.apache.catalina.core.StandardEngine.startInternal(StandardEngine.java:203)
		at org.apache.catalina.util.LifecycleBase.start(LifecycleBase.java:164)
		at org.apache.catalina.core.StandardService.startInternal(StandardService.java:415)
		at org.apache.catalina.util.LifecycleBase.start(LifecycleBase.java:164)
		at org.apache.catalina.core.StandardServer.startInternal(StandardServer.java:870)
		at org.apache.catalina.util.LifecycleBase.start(LifecycleBase.java:164)
		at org.apache.catalina.startup.Catalina.start(Catalina.java:761)
		at java.base/jdk.internal.reflect.NativeMethodAccessorImpl.invoke0(Native Method)
		at java.base/jdk.internal.reflect.NativeMethodAccessorImpl.invoke(NativeMethodAccessorImpl.java:77)
		at java.base/jdk.internal.reflect.DelegatingMethodAccessorImpl.invoke(DelegatingMethodAccessorImpl.java:43)
		at java.base/java.lang.reflect.Method.invoke(Method.java:569)
		at org.apache.catalina.startup.Bootstrap.start(Bootstrap.java:345)
		at org.apache.catalina.startup.Bootstrap.main(Bootstrap.java:473)
07-May-2025 16:41:52.561 SEVERE [main] org.apache.catalina.core.StandardContext.listenerStop Exception sending context destroyed event to listener instance of class [com.nimbusds.common.servlet.InfinispanLauncher]
	java.lang.IllegalStateException: [CM8017] Infinispan cache manager not initialised
		at com.nimbusds.common.servlet.InfinispanLauncher.contextDestroyed(InfinispanLauncher.java:238)
		at org.apache.catalina.core.StandardContext.listenerStop(StandardContext.java:4095)
		at org.apache.catalina.core.StandardContext.stopInternal(StandardContext.java:4703)
		at org.apache.catalina.util.LifecycleBase.stop(LifecycleBase.java:235)
		at org.apache.catalina.util.LifecycleBase.start(LifecycleBase.java:168)
		at org.apache.catalina.core.ContainerBase.addChildInternal(ContainerBase.java:599)
		at org.apache.catalina.core.ContainerBase.addChild(ContainerBase.java:571)
		at org.apache.catalina.core.StandardHost.addChild(StandardHost.java:654)
		at org.apache.catalina.startup.HostConfig.deployWAR(HostConfig.java:969)
		at org.apache.catalina.startup.HostConfig$DeployWar.run(HostConfig.java:1911)
		at java.base/java.util.concurrent.Executors$RunnableAdapter.call(Executors.java:539)
		at java.base/java.util.concurrent.FutureTask.run(FutureTask.java:264)
		at org.apache.tomcat.util.threads.InlineExecutorService.execute(InlineExecutorService.java:75)
		at java.base/java.util.concurrent.AbstractExecutorService.submit(AbstractExecutorService.java:123)
		at org.apache.catalina.startup.HostConfig.deployWARs(HostConfig.java:771)
		at org.apache.catalina.startup.HostConfig.deployApps(HostConfig.java:423)
		at org.apache.catalina.startup.HostConfig.start(HostConfig.java:1629)
		at org.apache.catalina.startup.HostConfig.lifecycleEvent(HostConfig.java:303)
		at org.apache.catalina.util.LifecycleBase.fireLifecycleEvent(LifecycleBase.java:109)
		at org.apache.catalina.util.LifecycleBase.setStateInternal(LifecycleBase.java:389)
		at org.apache.catalina.util.LifecycleBase.setState(LifecycleBase.java:336)
		at org.apache.catalina.core.ContainerBase.startInternal(ContainerBase.java:776)
		at org.apache.catalina.core.StandardHost.startInternal(StandardHost.java:772)
		at org.apache.catalina.util.LifecycleBase.start(LifecycleBase.java:164)
		at org.apache.catalina.core.ContainerBase$StartChild.call(ContainerBase.java:1203)
		at org.apache.catalina.core.ContainerBase$StartChild.call(ContainerBase.java:1193)
		at java.base/java.util.concurrent.FutureTask.run(FutureTask.java:264)
		at org.apache.tomcat.util.threads.InlineExecutorService.execute(InlineExecutorService.java:75)
		at java.base/java.util.concurrent.AbstractExecutorService.submit(AbstractExecutorService.java:145)
		at org.apache.catalina.core.ContainerBase.startInternal(ContainerBase.java:749)
		at org.apache.catalina.core.StandardEngine.startInternal(StandardEngine.java:203)
		at org.apache.catalina.util.LifecycleBase.start(LifecycleBase.java:164)
		at org.apache.catalina.core.StandardService.startInternal(StandardService.java:415)
		at org.apache.catalina.util.LifecycleBase.start(LifecycleBase.java:164)
		at org.apache.catalina.core.StandardServer.startInternal(StandardServer.java:870)
		at org.apache.catalina.util.LifecycleBase.start(LifecycleBase.java:164)
		at org.apache.catalina.startup.Catalina.start(Catalina.java:761)
		at java.base/jdk.internal.reflect.NativeMethodAccessorImpl.invoke0(Native Method)
		at java.base/jdk.internal.reflect.NativeMethodAccessorImpl.invoke(NativeMethodAccessorImpl.java:77)
		at java.base/jdk.internal.reflect.DelegatingMethodAccessorImpl.invoke(DelegatingMethodAccessorImpl.java:43)
		at java.base/java.lang.reflect.Method.invoke(Method.java:569)
		at org.apache.catalina.startup.Bootstrap.start(Bootstrap.java:345)
		at org.apache.catalina.startup.Bootstrap.main(Bootstrap.java:473)
07-May-2025 16:45:17.644 INFO [main] org.apache.catalina.core.ApplicationContext.log 2 Spring WebApplicationInitializers detected on classpath
07-May-2025 16:45:35.326 SEVERE [main] org.apache.catalina.core.ApplicationContext.log Servlet.init() for servlet [CIBAServlet] threw exception
	com.nimbusds.openid.connect.provider.ProviderException: Couldn't get the com.nimbusds.openid.connect.provider.ciba.endpoint.InitialCIBARequestProcessor attribute from the servlet context
		at com.nimbusds.openid.connect.provider.ProviderContext.createProviderExceptionOnMissingCtxAttribute(ProviderContext.java:88)
		at com.nimbusds.openid.connect.provider.ProviderContext.getInitialCIBARequestProcessor(ProviderContext.java:341)
		at com.nimbusds.openid.connect.provider.ciba.endpoint.CIBAServlet.init(CIBAServlet.java:42)
		at org.apache.catalina.core.StandardWrapper.initServlet(StandardWrapper.java:837)
		at org.apache.catalina.core.StandardWrapper.loadServlet(StandardWrapper.java:794)
		at org.apache.catalina.core.StandardWrapper.load(StandardWrapper.java:698)
		at org.apache.catalina.core.StandardContext.loadOnStartup(StandardContext.java:4224)
		at org.apache.catalina.core.StandardContext.startInternal(StandardContext.java:4511)
		at org.apache.catalina.util.LifecycleBase.start(LifecycleBase.java:164)
		at org.apache.catalina.core.ContainerBase.addChildInternal(ContainerBase.java:599)
		at org.apache.catalina.core.ContainerBase.addChild(ContainerBase.java:571)
		at org.apache.catalina.core.StandardHost.addChild(StandardHost.java:654)
		at org.apache.catalina.startup.HostConfig.deployWAR(HostConfig.java:969)
		at org.apache.catalina.startup.HostConfig$DeployWar.run(HostConfig.java:1911)
		at java.base/java.util.concurrent.Executors$RunnableAdapter.call(Executors.java:539)
		at java.base/java.util.concurrent.FutureTask.run(FutureTask.java:264)
		at org.apache.tomcat.util.threads.InlineExecutorService.execute(InlineExecutorService.java:75)
		at java.base/java.util.concurrent.AbstractExecutorService.submit(AbstractExecutorService.java:123)
		at org.apache.catalina.startup.HostConfig.deployWARs(HostConfig.java:771)
		at org.apache.catalina.startup.HostConfig.deployApps(HostConfig.java:423)
		at org.apache.catalina.startup.HostConfig.start(HostConfig.java:1629)
		at org.apache.catalina.startup.HostConfig.lifecycleEvent(HostConfig.java:303)
		at org.apache.catalina.util.LifecycleBase.fireLifecycleEvent(LifecycleBase.java:109)
		at org.apache.catalina.util.LifecycleBase.setStateInternal(LifecycleBase.java:389)
		at org.apache.catalina.util.LifecycleBase.setState(LifecycleBase.java:336)
		at org.apache.catalina.core.ContainerBase.startInternal(ContainerBase.java:776)
		at org.apache.catalina.core.StandardHost.startInternal(StandardHost.java:772)
		at org.apache.catalina.util.LifecycleBase.start(LifecycleBase.java:164)
		at org.apache.catalina.core.ContainerBase$StartChild.call(ContainerBase.java:1203)
		at org.apache.catalina.core.ContainerBase$StartChild.call(ContainerBase.java:1193)
		at java.base/java.util.concurrent.FutureTask.run(FutureTask.java:264)
		at org.apache.tomcat.util.threads.InlineExecutorService.execute(InlineExecutorService.java:75)
		at java.base/java.util.concurrent.AbstractExecutorService.submit(AbstractExecutorService.java:145)
		at org.apache.catalina.core.ContainerBase.startInternal(ContainerBase.java:749)
		at org.apache.catalina.core.StandardEngine.startInternal(StandardEngine.java:203)
		at org.apache.catalina.util.LifecycleBase.start(LifecycleBase.java:164)
		at org.apache.catalina.core.StandardService.startInternal(StandardService.java:415)
		at org.apache.catalina.util.LifecycleBase.start(LifecycleBase.java:164)
		at org.apache.catalina.core.StandardServer.startInternal(StandardServer.java:870)
		at org.apache.catalina.util.LifecycleBase.start(LifecycleBase.java:164)
		at org.apache.catalina.startup.Catalina.start(Catalina.java:761)
		at java.base/jdk.internal.reflect.NativeMethodAccessorImpl.invoke0(Native Method)
		at java.base/jdk.internal.reflect.NativeMethodAccessorImpl.invoke(NativeMethodAccessorImpl.java:77)
		at java.base/jdk.internal.reflect.DelegatingMethodAccessorImpl.invoke(DelegatingMethodAccessorImpl.java:43)
		at java.base/java.lang.reflect.Method.invoke(Method.java:569)
		at org.apache.catalina.startup.Bootstrap.start(Bootstrap.java:345)
		at org.apache.catalina.startup.Bootstrap.main(Bootstrap.java:473)
07-May-2025 16:45:35.326 SEVERE [main] org.apache.catalina.core.StandardContext.loadOnStartup Servlet [CIBAServlet] in web application [/c2id] threw load() exception
	com.nimbusds.openid.connect.provider.ProviderException: Couldn't get the com.nimbusds.openid.connect.provider.ciba.endpoint.InitialCIBARequestProcessor attribute from the servlet context
		at com.nimbusds.openid.connect.provider.ProviderContext.createProviderExceptionOnMissingCtxAttribute(ProviderContext.java:88)
		at com.nimbusds.openid.connect.provider.ProviderContext.getInitialCIBARequestProcessor(ProviderContext.java:341)
		at com.nimbusds.openid.connect.provider.ciba.endpoint.CIBAServlet.init(CIBAServlet.java:42)
		at org.apache.catalina.core.StandardWrapper.initServlet(StandardWrapper.java:837)
		at org.apache.catalina.core.StandardWrapper.loadServlet(StandardWrapper.java:794)
		at org.apache.catalina.core.StandardWrapper.load(StandardWrapper.java:698)
		at org.apache.catalina.core.StandardContext.loadOnStartup(StandardContext.java:4224)
		at org.apache.catalina.core.StandardContext.startInternal(StandardContext.java:4511)
		at org.apache.catalina.util.LifecycleBase.start(LifecycleBase.java:164)
		at org.apache.catalina.core.ContainerBase.addChildInternal(ContainerBase.java:599)
		at org.apache.catalina.core.ContainerBase.addChild(ContainerBase.java:571)
		at org.apache.catalina.core.StandardHost.addChild(StandardHost.java:654)
		at org.apache.catalina.startup.HostConfig.deployWAR(HostConfig.java:969)
		at org.apache.catalina.startup.HostConfig$DeployWar.run(HostConfig.java:1911)
		at java.base/java.util.concurrent.Executors$RunnableAdapter.call(Executors.java:539)
		at java.base/java.util.concurrent.FutureTask.run(FutureTask.java:264)
		at org.apache.tomcat.util.threads.InlineExecutorService.execute(InlineExecutorService.java:75)
		at java.base/java.util.concurrent.AbstractExecutorService.submit(AbstractExecutorService.java:123)
		at org.apache.catalina.startup.HostConfig.deployWARs(HostConfig.java:771)
		at org.apache.catalina.startup.HostConfig.deployApps(HostConfig.java:423)
		at org.apache.catalina.startup.HostConfig.start(HostConfig.java:1629)
		at org.apache.catalina.startup.HostConfig.lifecycleEvent(HostConfig.java:303)
		at org.apache.catalina.util.LifecycleBase.fireLifecycleEvent(LifecycleBase.java:109)
		at org.apache.catalina.util.LifecycleBase.setStateInternal(LifecycleBase.java:389)
		at org.apache.catalina.util.LifecycleBase.setState(LifecycleBase.java:336)
		at org.apache.catalina.core.ContainerBase.startInternal(ContainerBase.java:776)
		at org.apache.catalina.core.StandardHost.startInternal(StandardHost.java:772)
		at org.apache.catalina.util.LifecycleBase.start(LifecycleBase.java:164)
		at org.apache.catalina.core.ContainerBase$StartChild.call(ContainerBase.java:1203)
		at org.apache.catalina.core.ContainerBase$StartChild.call(ContainerBase.java:1193)
		at java.base/java.util.concurrent.FutureTask.run(FutureTask.java:264)
		at org.apache.tomcat.util.threads.InlineExecutorService.execute(InlineExecutorService.java:75)
		at java.base/java.util.concurrent.AbstractExecutorService.submit(AbstractExecutorService.java:145)
		at org.apache.catalina.core.ContainerBase.startInternal(ContainerBase.java:749)
		at org.apache.catalina.core.StandardEngine.startInternal(StandardEngine.java:203)
		at org.apache.catalina.util.LifecycleBase.start(LifecycleBase.java:164)
		at org.apache.catalina.core.StandardService.startInternal(StandardService.java:415)
		at org.apache.catalina.util.LifecycleBase.start(LifecycleBase.java:164)
		at org.apache.catalina.core.StandardServer.startInternal(StandardServer.java:870)
		at org.apache.catalina.util.LifecycleBase.start(LifecycleBase.java:164)
		at org.apache.catalina.startup.Catalina.start(Catalina.java:761)
		at java.base/jdk.internal.reflect.NativeMethodAccessorImpl.invoke0(Native Method)
		at java.base/jdk.internal.reflect.NativeMethodAccessorImpl.invoke(NativeMethodAccessorImpl.java:77)
		at java.base/jdk.internal.reflect.DelegatingMethodAccessorImpl.invoke(DelegatingMethodAccessorImpl.java:43)
		at java.base/java.lang.reflect.Method.invoke(Method.java:569)
		at org.apache.catalina.startup.Bootstrap.start(Bootstrap.java:345)
		at org.apache.catalina.startup.Bootstrap.main(Bootstrap.java:473)
07-May-2025 17:12:20.867 INFO [main] org.apache.catalina.core.ApplicationContext.log 2 Spring WebApplicationInitializers detected on classpath
07-May-2025 17:12:44.197 SEVERE [main] org.apache.catalina.core.ApplicationContext.log Servlet.init() for servlet [CIBAServlet] threw exception
	com.nimbusds.openid.connect.provider.ProviderException: Couldn't get the com.nimbusds.openid.connect.provider.ciba.endpoint.InitialCIBARequestProcessor attribute from the servlet context
		at com.nimbusds.openid.connect.provider.ProviderContext.createProviderExceptionOnMissingCtxAttribute(ProviderContext.java:88)
		at com.nimbusds.openid.connect.provider.ProviderContext.getInitialCIBARequestProcessor(ProviderContext.java:341)
		at com.nimbusds.openid.connect.provider.ciba.endpoint.CIBAServlet.init(CIBAServlet.java:42)
		at org.apache.catalina.core.StandardWrapper.initServlet(StandardWrapper.java:837)
		at org.apache.catalina.core.StandardWrapper.loadServlet(StandardWrapper.java:794)
		at org.apache.catalina.core.StandardWrapper.load(StandardWrapper.java:698)
		at org.apache.catalina.core.StandardContext.loadOnStartup(StandardContext.java:4224)
		at org.apache.catalina.core.StandardContext.startInternal(StandardContext.java:4511)
		at org.apache.catalina.util.LifecycleBase.start(LifecycleBase.java:164)
		at org.apache.catalina.core.ContainerBase.addChildInternal(ContainerBase.java:599)
		at org.apache.catalina.core.ContainerBase.addChild(ContainerBase.java:571)
		at org.apache.catalina.core.StandardHost.addChild(StandardHost.java:654)
		at org.apache.catalina.startup.HostConfig.deployWAR(HostConfig.java:969)
		at org.apache.catalina.startup.HostConfig$DeployWar.run(HostConfig.java:1911)
		at java.base/java.util.concurrent.Executors$RunnableAdapter.call(Executors.java:539)
		at java.base/java.util.concurrent.FutureTask.run(FutureTask.java:264)
		at org.apache.tomcat.util.threads.InlineExecutorService.execute(InlineExecutorService.java:75)
		at java.base/java.util.concurrent.AbstractExecutorService.submit(AbstractExecutorService.java:123)
		at org.apache.catalina.startup.HostConfig.deployWARs(HostConfig.java:771)
		at org.apache.catalina.startup.HostConfig.deployApps(HostConfig.java:423)
		at org.apache.catalina.startup.HostConfig.start(HostConfig.java:1629)
		at org.apache.catalina.startup.HostConfig.lifecycleEvent(HostConfig.java:303)
		at org.apache.catalina.util.LifecycleBase.fireLifecycleEvent(LifecycleBase.java:109)
		at org.apache.catalina.util.LifecycleBase.setStateInternal(LifecycleBase.java:389)
		at org.apache.catalina.util.LifecycleBase.setState(LifecycleBase.java:336)
		at org.apache.catalina.core.ContainerBase.startInternal(ContainerBase.java:776)
		at org.apache.catalina.core.StandardHost.startInternal(StandardHost.java:772)
		at org.apache.catalina.util.LifecycleBase.start(LifecycleBase.java:164)
		at org.apache.catalina.core.ContainerBase$StartChild.call(ContainerBase.java:1203)
		at org.apache.catalina.core.ContainerBase$StartChild.call(ContainerBase.java:1193)
		at java.base/java.util.concurrent.FutureTask.run(FutureTask.java:264)
		at org.apache.tomcat.util.threads.InlineExecutorService.execute(InlineExecutorService.java:75)
		at java.base/java.util.concurrent.AbstractExecutorService.submit(AbstractExecutorService.java:145)
		at org.apache.catalina.core.ContainerBase.startInternal(ContainerBase.java:749)
		at org.apache.catalina.core.StandardEngine.startInternal(StandardEngine.java:203)
		at org.apache.catalina.util.LifecycleBase.start(LifecycleBase.java:164)
		at org.apache.catalina.core.StandardService.startInternal(StandardService.java:415)
		at org.apache.catalina.util.LifecycleBase.start(LifecycleBase.java:164)
		at org.apache.catalina.core.StandardServer.startInternal(StandardServer.java:870)
		at org.apache.catalina.util.LifecycleBase.start(LifecycleBase.java:164)
		at org.apache.catalina.startup.Catalina.start(Catalina.java:761)
		at java.base/jdk.internal.reflect.NativeMethodAccessorImpl.invoke0(Native Method)
		at java.base/jdk.internal.reflect.NativeMethodAccessorImpl.invoke(NativeMethodAccessorImpl.java:77)
		at java.base/jdk.internal.reflect.DelegatingMethodAccessorImpl.invoke(DelegatingMethodAccessorImpl.java:43)
		at java.base/java.lang.reflect.Method.invoke(Method.java:569)
		at org.apache.catalina.startup.Bootstrap.start(Bootstrap.java:345)
		at org.apache.catalina.startup.Bootstrap.main(Bootstrap.java:473)
07-May-2025 17:12:44.197 SEVERE [main] org.apache.catalina.core.StandardContext.loadOnStartup Servlet [CIBAServlet] in web application [/c2id] threw load() exception
	com.nimbusds.openid.connect.provider.ProviderException: Couldn't get the com.nimbusds.openid.connect.provider.ciba.endpoint.InitialCIBARequestProcessor attribute from the servlet context
		at com.nimbusds.openid.connect.provider.ProviderContext.createProviderExceptionOnMissingCtxAttribute(ProviderContext.java:88)
		at com.nimbusds.openid.connect.provider.ProviderContext.getInitialCIBARequestProcessor(ProviderContext.java:341)
		at com.nimbusds.openid.connect.provider.ciba.endpoint.CIBAServlet.init(CIBAServlet.java:42)
		at org.apache.catalina.core.StandardWrapper.initServlet(StandardWrapper.java:837)
		at org.apache.catalina.core.StandardWrapper.loadServlet(StandardWrapper.java:794)
		at org.apache.catalina.core.StandardWrapper.load(StandardWrapper.java:698)
		at org.apache.catalina.core.StandardContext.loadOnStartup(StandardContext.java:4224)
		at org.apache.catalina.core.StandardContext.startInternal(StandardContext.java:4511)
		at org.apache.catalina.util.LifecycleBase.start(LifecycleBase.java:164)
		at org.apache.catalina.core.ContainerBase.addChildInternal(ContainerBase.java:599)
		at org.apache.catalina.core.ContainerBase.addChild(ContainerBase.java:571)
		at org.apache.catalina.core.StandardHost.addChild(StandardHost.java:654)
		at org.apache.catalina.startup.HostConfig.deployWAR(HostConfig.java:969)
		at org.apache.catalina.startup.HostConfig$DeployWar.run(HostConfig.java:1911)
		at java.base/java.util.concurrent.Executors$RunnableAdapter.call(Executors.java:539)
		at java.base/java.util.concurrent.FutureTask.run(FutureTask.java:264)
		at org.apache.tomcat.util.threads.InlineExecutorService.execute(InlineExecutorService.java:75)
		at java.base/java.util.concurrent.AbstractExecutorService.submit(AbstractExecutorService.java:123)
		at org.apache.catalina.startup.HostConfig.deployWARs(HostConfig.java:771)
		at org.apache.catalina.startup.HostConfig.deployApps(HostConfig.java:423)
		at org.apache.catalina.startup.HostConfig.start(HostConfig.java:1629)
		at org.apache.catalina.startup.HostConfig.lifecycleEvent(HostConfig.java:303)
		at org.apache.catalina.util.LifecycleBase.fireLifecycleEvent(LifecycleBase.java:109)
		at org.apache.catalina.util.LifecycleBase.setStateInternal(LifecycleBase.java:389)
		at org.apache.catalina.util.LifecycleBase.setState(LifecycleBase.java:336)
		at org.apache.catalina.core.ContainerBase.startInternal(ContainerBase.java:776)
		at org.apache.catalina.core.StandardHost.startInternal(StandardHost.java:772)
		at org.apache.catalina.util.LifecycleBase.start(LifecycleBase.java:164)
		at org.apache.catalina.core.ContainerBase$StartChild.call(ContainerBase.java:1203)
		at org.apache.catalina.core.ContainerBase$StartChild.call(ContainerBase.java:1193)
		at java.base/java.util.concurrent.FutureTask.run(FutureTask.java:264)
		at org.apache.tomcat.util.threads.InlineExecutorService.execute(InlineExecutorService.java:75)
		at java.base/java.util.concurrent.AbstractExecutorService.submit(AbstractExecutorService.java:145)
		at org.apache.catalina.core.ContainerBase.startInternal(ContainerBase.java:749)
		at org.apache.catalina.core.StandardEngine.startInternal(StandardEngine.java:203)
		at org.apache.catalina.util.LifecycleBase.start(LifecycleBase.java:164)
		at org.apache.catalina.core.StandardService.startInternal(StandardService.java:415)
		at org.apache.catalina.util.LifecycleBase.start(LifecycleBase.java:164)
		at org.apache.catalina.core.StandardServer.startInternal(StandardServer.java:870)
		at org.apache.catalina.util.LifecycleBase.start(LifecycleBase.java:164)
		at org.apache.catalina.startup.Catalina.start(Catalina.java:761)
		at java.base/jdk.internal.reflect.NativeMethodAccessorImpl.invoke0(Native Method)
		at java.base/jdk.internal.reflect.NativeMethodAccessorImpl.invoke(NativeMethodAccessorImpl.java:77)
		at java.base/jdk.internal.reflect.DelegatingMethodAccessorImpl.invoke(DelegatingMethodAccessorImpl.java:43)
		at java.base/java.lang.reflect.Method.invoke(Method.java:569)
		at org.apache.catalina.startup.Bootstrap.start(Bootstrap.java:345)
		at org.apache.catalina.startup.Bootstrap.main(Bootstrap.java:473)
